[Licensing::Module] Trying to connect to existing licensing client channel...
Built from '6000.5/staging' branch; Version is '6000.5.7f1 (017862109af0) revision 96354'; Using compiler version '194234433'; Build Type 'Release'
OS: 'Windows 11  (10.0.26200) Core' Language: 'en' Physical Memory: 32468 MB
[Licensing::IpcConnector] Successfully connected to: "LicenseClient-gamer" at "2026-09-12T18:25:17.4791328Z"
BatchMode: 1, IsHumanControllingUs: 0, StartBugReporterOnCrash: 0, Is64bit: 1
System  architecture: x64
Process architecture: x64
Date: 2026-09-12T18:25:17Z

COMMAND LINE ARGUMENTS:
C:\Program Files\Unity\Hub\Editor\6000.5.7f1\Editor\Unity.exe
-adb2
-batchMode
-noUpm
-name
AssetImportWorkerHW2
-projectPath
C:/Dev2026/FPS---GDB---08-26/Unity Prototype
-logFile
Logs/AssetImportWorkerHW2.log
-srvPort
58597
-parentPid
11236
-analyticsCloudUserId
1375977255319
-analyticsLocalProjectId
635fb84e85ab59b4a926e3d03eb9a82e
-editorAnalyticsEnabled
1
-cbmEditorLicense
c5f015064f501cae12cfa618a987cb6db72a6309
-cbmMachineId
RscJ9Mh4kn86LEJKTb5uGFCdoYQ=
-licensingIpc
LicenseClient-gamer
-noDiagnosticSwitchPersistentStore
-job-worker-count
15
-background-job-worker-count
8
-asset-garbage-collectors
1
-force-d3d12
-name
AssetImport
Successfully changed project path to: C:/Dev2026/FPS---GDB---08-26/Unity Prototype
C:/Dev2026/FPS---GDB---08-26/Unity Prototype
[UnityMemory] Configuration Parameters - Can be set up in boot.config
    "memorysetup-temp-allocator-size-gi-baking-worker=262144"
    "memorysetup-temp-allocator-size-gi-baking-worker=262144"
    "memorysetup-temp-allocator-size-gi-baking-worker=262144"
    "memorysetup-temp-allocator-size-gi-baking-worker=262144"
    "memorysetup-temp-allocator-size-gi-baking-worker=262144"
    "memorysetup-temp-allocator-size-nav-mesh-worker=65536"
    "memorysetup-temp-allocator-size-audio-worker=65536"
    "memorysetup-temp-allocator-size-cloud-worker=32768"
    "memorysetup-temp-allocator-size-gfx=262144"
    "memorysetup-temp-allocator-size-preload-manager=33554432"
    "memorysetup-allocator-temp-initial-block-size-main=262144"
    "memorysetup-allocator-temp-initial-block-size-worker=262144"
    "memorysetup-temp-allocator-size-job-worker=262144"
    "memorysetup-temp-allocator-size-background-worker=32768"
    "memorysetup-bucket-allocator-granularity=16"
    "memorysetup-bucket-allocator-bucket-count=8"
    "memorysetup-bucket-allocator-block-size=33554432"
    "memorysetup-bucket-allocator-block-count=8"
    "memorysetup-main-allocator-block-size=16777216"
    "memorysetup-thread-allocator-block-size=16777216"
    "memorysetup-main-allocator-mimalloc-enabled=0"
    "memorysetup-gfx-main-allocator-block-size=16777216"
    "memorysetup-gfx-thread-allocator-block-size=16777216"
    "memorysetup-cache-allocator-block-size=4194304"
    "memorysetup-typetree-allocator-block-size=2097152"
    "memorysetup-profiler-bucket-allocator-granularity=16"
    "memorysetup-profiler-bucket-allocator-bucket-count=8"
    "memorysetup-profiler-bucket-allocator-block-size=33554432"
    "memorysetup-profiler-bucket-allocator-block-count=8"
    "memorysetup-profiler-allocator-block-size=16777216"
    "memorysetup-profiler-editor-allocator-block-size=1048576"
    "memorysetup-temp-allocator-size-main=16777216"
    "memorysetup-job-temp-allocator-block-size=2097152"
    "memorysetup-job-temp-allocator-block-size-background=1048576"
    "memorysetup-job-temp-allocator-reduction-small-platforms=262144"
Player connection [44808]  Target information:

Player connection [44808]  * "[IP] 10.0.0.39 [Port] 0 [Flags] 2 [Guid] 1563152232 [EditorId] 1563152232 [Version] 1048832 [Id] WindowsEditor(7,MSI) [Debug] 1 [PackageName] WindowsEditor [ProjectName] Editor" 

Player connection [44808] Host joined multi-casting on [225.0.0.222:54997]...
Player connection [44808] Host joined alternative multi-casting on [225.0.0.222:34997]...
JobSystem: Creating JobQueue using job-worker-count value 15
Input System module state changed to: Initialized.
[Physics::Module] Initialized fallback backend.
[Physics::Module] Id: 0xdecafbad
Library Redirect Path: Library/
[Physics::Module] Selected backend.
[Physics::Module] Name: PhysX
[Physics::Module] Id: 0xf2b8ea05
[Physics::Module] SDK Version: 4.1.2
[Physics::Module] Integration Version: 1.0.0
[Physics::Module] Threading Mode: Multi-Threaded
Refreshing native plugins compatible for Editor in 3.66 ms, found 4 plugins.
Initialize engine version: 6000.5.7f1 (017862109af0)
[Subsystems] Discovering subsystems at path C:/Program Files/Unity/Hub/Editor/6000.5.7f1/Editor/Data/Resources/UnitySubsystems
[Subsystems] Discovering subsystems at path C:/Dev2026/FPS---GDB---08-26/Unity Prototype/Assets
Forcing GfxDevice: Direct3D 12
GfxDevice: creating device client; kGfxThreadingModeNonThreaded
d3d12: failed to query info queue interface (0x80004002).
Direct3D:
    Version:         Direct3D 12 [level 12.2]
    Renderer:        NVIDIA GeForce RTX 4070 Laptop GPU (ID=0x2820)
    Vendor:          NVIDIA
    VRAM:            7948 MB
    App VRAM Budget: 7180 MB
    Driver:          32.0.15.9579
[Licensing::Client] Error: HandshakeResponse reported an error:
	ResponseCode: 505
	ResponseStatus: Unsupported protocol version '1.18.1'.
[Licensing::Module] Error: Failed to handshake to channel: "LicenseClient-gamer"
[Licensing::IpcConnector] LicenseClient-gamer channel disconnected successfully.
[Licensing::IpcConnector] Successfully connected to: "LicenseClient-gamer-6000.5.7" at "2026-09-12T18:25:18.5461096Z"
[Licensing::Client] Code 10 while verifying Licensing Client signature (process Id: 44656, path: "C:/Program Files/Unity/Hub/Editor/6000.5.7f1/Editor/Data/Resources/Licensing/Client/Unity.Licensing.Client.exe")
[Licensing::Module] LicensingClient has failed validation; ignoring
[Licensing::Client] Handshaking with LicensingClient:
  Version:                 1.18.1+9fbee8e
  Session Id:              e9f0eefb02ef4a1ba0d132cd1415c7c1
  Correlation Id:          735561197ed6984d004161083bcc9140
  External correlation Id: 7934133249195439265
  Machine Id:              RscJ9Mh4kn86LEJKTb5uGFCdoYQ=
[Licensing::Module] Successfully connected to LicensingClient on channel: "LicenseClient-gamer-6000.5.7" (connect: 0.00s, validation: 0.00s, handshake: 0.00s)
[Licensing::IpcConnector] Successfully connected to: "LicenseClient-gamer-6000.5.7-notifications" at "2026-09-12T18:25:18.5513602Z"
[Licensing::Module] Licensing Background thread has ended after 1.07s
Initialize mono
Mono path[0] = 'C:/Program Files/Unity/Hub/Editor/6000.5.7f1/Editor/Data/Managed'
Mono path[1] = 'C:/Program Files/Unity/Hub/Editor/6000.5.7f1/Editor/Data/BCLExtensions/runtime/netstandard2.1'
Mono path[2] = 'C:/Program Files/Unity/Hub/Editor/6000.5.7f1/Editor/Data/MonoBleedingEdge/lib/mono/unityjit-win32'
Mono config path = 'C:/Program Files/Unity/Hub/Editor/6000.5.7f1/Editor/Data/MonoBleedingEdge/etc'
Using monoOptions --debugger-agent=transport=dt_socket,embedding=1,server=y,suspend=n,address=127.0.0.1:56484
CodeReloadManager initialized
Begin MonoManager ReloadAssembly
Registering precompiled unity dll's ...
Register platform support module: C:/Program Files/Unity/Hub/Editor/6000.5.7f1/Editor/Data/PlaybackEngines/WebGLSupport/UnityEditor.WebGL.Extensions.dll
Register platform support module: C:/Program Files/Unity/Hub/Editor/6000.5.7f1/Editor/Data/PlaybackEngines/WindowsStandaloneSupport/UnityEditor.WindowsStandalone.Extensions.dll
Registered in 0.002345 seconds.
Native extension for WindowsStandalone target not found
Native extension for WebGL target not found
Package Manager log level set to [2]
[Package Manager] Failed to launch server process. Reason: Unity was launched with the -noUpm command-line argument
[Package Manager] Unable to send message (not connected to server process).
[Package Manager] Cannot connect to Unity Package Manager local server
ScheduleIndexationOnStartup MainProcess:False IndexOnStartup:True
Mono: successfully reloaded assembly
- Finished resetting the current domain, in  0.387 seconds
Domain Reload Profiling: 893ms
	BeginReloadAssembly (130ms)
	RebuildCommonClasses (5ms)
	RebuildNativeTypeToScriptingClass (14ms)
	initialDomainReloadingComplete (66ms)
	LoadAllAssembliesAndSetupDomain (291ms)
		LoadAssemblies (126ms)
		AnalyzeDomain (214ms)
			TypeCache.Refresh (212ms)
				TypeCache.ScanAssembly (195ms)
	FinalizeReload (388ms)
		SetupLoadedEditorAssemblies (0ms)
			InitializePlatformSupportModulesInManaged (3ms)
			BeforeProcessingInitializeOnLoad (85ms)
			ProcessInitializeOnLoadAttributes (102ms)
			ProcessInitializeOnLoadMethodAttributes (122ms)
Initializing Unity extensions:
[Licensing::Client] Successfully resolved entitlement details
[Licensing::Module] License group:
  Id: 1375977255319-UnityPersXXXX
  Product: Unity Personal
  Type: Assigned
  Expiration: Unlimited
========================================================================
Worker process is ready to serve import requests
Import Worker Mode flag is 0x00
Begin MonoManager ReloadAssembly
Native extension for WindowsStandalone target not found
Native extension for WebGL target not found
[Package Manager] Failed to launch server process. Reason: Unity was launched with the -noUpm command-line argument
[Package Manager] Unable to send message (not connected to server process).
[Package Manager] Cannot connect to Unity Package Manager local server
[Package Manager] Failed to launch server process. Reason: Unity was launched with the -noUpm command-line argument
[Package Manager] Unable to send message (not connected to server process).
[Package Manager] Cannot connect to Unity Package Manager local server
System.Exception: Error! Visual Scripting: couldn't find visual scripting package
  at Unity.VisualScripting.PackageVersionUtility.get_version () [0x00043] in .\Library\PackageCache\com.unity.visualscripting@4edfcc09512f\Editor\VisualScripting.Core\Utilities\PackageVersionUtility.cs:31 
  at Unity.VisualScripting.BoltCoreManifest.get_version () [0x00000] in .\Library\PackageCache\com.unity.visualscripting@4edfcc09512f\Editor\VisualScripting.Core\Plugin\BoltCoreManifest.cs:11 
  at Unity.VisualScripting.PluginManifest.get_currentVersion () [0x00000] in .\Library\PackageCache\com.unity.visualscripting@4edfcc09512f\Editor\VisualScripting.Core\Plugins\PluginManifest.cs:33 
  at Unity.VisualScripting.PluginManifest.get_versionMismatch () [0x00000] in .\Library\PackageCache\com.unity.visualscripting@4edfcc09512f\Editor\VisualScripting.Core\Plugins\PluginManifest.cs:48 
  at Unity.VisualScripting.PluginContainer.Initialize () [0x00525] in .\Library\PackageCache\com.unity.visualscripting@4edfcc09512f\Editor\VisualScripting.Core\Plugins\PluginContainer.cs:208 
  at Unity.VisualScripting.PluginContainer.InitializeOnLoad () [0x00009] in .\Library\PackageCache\com.unity.visualscripting@4edfcc09512f\Editor\VisualScripting.Core\Plugins\PluginContainer.cs:32 
  at Unity.VisualScripting.VSUsageUtility.DoInitializeOnLoadCalls () [0x00034] in .\Library\PackageCache\com.unity.visualscripting@4edfcc09512f\Editor\VisualScripting.Core\Utilities\VSUsageUtility.cs:76 
  at Unity.VisualScripting.VSUsageUtility.set_isVisualScriptingUsed (System.Boolean value) [0x0002c] in .\Library\PackageCache\com.unity.visualscripting@4edfcc09512f\Editor\VisualScripting.Core\Utilities\VSUsageUtility.cs:114 
  at Unity.VisualScripting.VSUsageUtility.CheckAndSetIsVisualScriptingUsed () [0x00032] in .\Library\PackageCache\com.unity.visualscripting@4edfcc09512f\Editor\VisualScripting.Core\Utilities\VSUsageUtility.cs:48 
  at Unity.VisualScripting.VSUsageUtility..cctor () [0x00000] in .\Library\PackageCache\com.unity.visualscripting@4edfcc09512f\Editor\VisualScripting.Core\Utilities\VSUsageUtility.cs:22 
UnityEngine.Debug:ExtractStackTraceNoAlloc (byte*,int,string)
UnityEngine.StackTraceUtility:ExtractStackTrace ()
UnityEngine.DebugLogHandler:Internal_Log (UnityEngine.LogType,UnityEngine.LogOption,string,UnityEngine.Object)
UnityEngine.DebugLogHandler:LogFormat (UnityEngine.LogType,UnityEngine.Object,string,object[])
UnityEngine.Logger:Log (UnityEngine.LogType,object)
UnityEngine.Debug:LogError (object)
UnityEditor.EditorAssemblies:ProcessInitializeOnLoadAttributes (System.ReadOnlySpan`1<intptr>)

ScheduleIndexationOnStartup MainProcess:False IndexOnStartup:True
Mono: successfully reloaded assembly
- Finished resetting the current domain, in  1.158 seconds
Domain Reload Profiling: 2081ms
	BeginReloadAssembly (188ms)
		DisableScriptedObjects (9ms)
		CreateAndSetChildDomain (27ms)
	RebuildCommonClasses (9ms)
	RebuildNativeTypeToScriptingClass (14ms)
	initialDomainReloadingComplete (65ms)
	LoadAllAssembliesAndSetupDomain (647ms)
		LoadAssemblies (390ms)
		AnalyzeDomain (245ms)
			TypeCache.Refresh (172ms)
				TypeCache.ScanAssembly (156ms)
			BuildScriptInfoCaches (66ms)
			ResolveRequiredComponents (5ms)
	FinalizeReload (1159ms)
		SetupLoadedEditorAssemblies (0ms)
			BeforeProcessingInitializeOnLoad (86ms)
			ProcessInitializeOnLoadAttributes (729ms)
			ProcessInitializeOnLoadMethodAttributes (108ms)
			AfterProcessingInitializeOnLoad (6ms)
		AwakeInstancesAfterBackupRestoration (3ms)
AcceleratorClientConnectionCallback - disconnected - :0
Launched and connected shader compiler UnityShaderCompiler.exe after 0.01 seconds
Unloading 22 Unused Serialized files (Serialized files now loaded: 0)
Curl error 3: URL rejected: Malformed input to a URL function
Unloading 6653 unused Assets / (5.6 MB). Loaded Objects now: 7499.
Memory consumption went from 349.6 MB to 344.0 MB.
Total: 14.858800 ms (FindLiveObjects: 0.916200 ms CreateObjectMapping: 1.228700 ms MarkObjects: 11.036500 ms  DeleteObjects: 1.674500 ms)

========================================================================
Received Import Request.
  Time of request: 2026-09-12T18:25:43.4845289Z
  Time since last request: 169064.25692350001191 seconds.
  importAddress: GUID: faac96c97f4e8d846acb71cd899f9366 - Path: Assets/Scripts/RespawnManager.cs - Importer: PreviewImporter
Importing 'GUID: faac96c97f4e8d846acb71cd899f9366 - Path: Assets/Scripts/RespawnManager.cs - Importer: PreviewImporter' with importer (PreviewImporter)
Imported 'GUID: faac96c97f4e8d846acb71cd899f9366' -> (Import Result ID: 'c230c434e127156593a0829615fcda63') in 0.006 seconds [static and dynamic dependencies]. Details - ImportResultOutputID=112ad0e5f6417f074eb830e477961bce DependenciesID=d7db30754b6218ec2c1a306af4f79892 StaticDependenciesID=16eecc4359535aa0ca9fca91d7989d00 
Number of updated asset objects reloaded before import = 0
Number of asset objects unloaded after import = 0
========================================================================
Received Import Request.
  Time of request: 2026-09-12T18:25:45.4319081Z
  Time since last request: 1.9317012 seconds.
  importAddress: GUID: d73ad6919f86dc4468224b5ace27d975 - Path: Assets/Scripts/wesleyScripts - Importer: PreviewImporter
Importing 'GUID: d73ad6919f86dc4468224b5ace27d975 - Path: Assets/Scripts/wesleyScripts - Importer: PreviewImporter' with importer (PreviewImporter)
Imported 'GUID: d73ad6919f86dc4468224b5ace27d975' -> (Import Result ID: '744004f87a6b9d37a161824cd24fdd3b') in 0.002 seconds [static and dynamic dependencies]. Details - ImportResultOutputID=0f355709da63f1da59f48e9a216ad75b DependenciesID=7073ee027e470e758f62651c74ec7a71 StaticDependenciesID=8a981bb552db5ab0f0fcece37e7e4a7d 
Number of updated asset objects reloaded before import = 0
Number of asset objects unloaded after import = 0
========================================================================
Received Import Request.
  Time of request: 2026-09-12T18:25:46.2879848Z
  Time since last request: 0.8463161 seconds.
  importAddress: GUID: a690820a58910f34294ce762a6268210 - Path: Assets/Scenes/wesleysScene.unity - Importer: PreviewImporter
Importing 'GUID: a690820a58910f34294ce762a6268210 - Path: Assets/Scenes/wesleysScene.unity - Importer: PreviewImporter' with importer (PreviewImporter)
Imported 'GUID: a690820a58910f34294ce762a6268210' -> (Import Result ID: '3a7ac2deb922ad361c3972848fbb61f7') in 0.001 seconds [static and dynamic dependencies]. Details - ImportResultOutputID=f8269275865c5758da61204ee5298173 DependenciesID=c9c907e367a6ec1d4db5691e214b6ae1 StaticDependenciesID=fe472ac357920d486834680bdee072ab 
Number of updated asset objects reloaded before import = 0
Number of asset objects unloaded after import = 0
========================================================================
Received Prepare
AcceleratorClientConnectionCallback - disconnected - :0
Unloading 22 Unused Serialized files (Serialized files now loaded: 0)
Unloading 22 unused Assets / (2.6 MB). Loaded Objects now: 7501.
Memory consumption went from 343.1 MB to 340.5 MB.
Total: 13.526500 ms (FindLiveObjects: 0.284600 ms CreateObjectMapping: 0.738500 ms MarkObjects: 12.235800 ms  DeleteObjects: 0.265600 ms)

Prepare: number of updated asset objects reloaded= 0
========================================================================
Received Import Request.
  Time of request: 2026-09-12T18:46:44.34992Z
  Time since last request: 1258.05224819999989 seconds.
  importAddress: GUID: 5b8919185d486df4a88f7a8cc32d5cc5 - Path: Assets/Scenes/wesleysScene/NavMesh-Ground.asset - Importer: ScriptedImporter/UnityEditor.QuickSearchModule:UnityEditor.Search:ASIAI0B
Importing 'GUID: 5b8919185d486df4a88f7a8cc32d5cc5 - Path: Assets/Scenes/wesleysScene/NavMesh-Ground.asset - Importer: ScriptedImporter/UnityEditor.QuickSearchModule:UnityEditor.Search:ASIAI0B' with importer (ScriptedImporter : UnityEditor.QuickSearchModule:UnityEditor.Search:ASIAI0B)
Imported 'GUID: 5b8919185d486df4a88f7a8cc32d5cc5' -> (Import Result ID: 'e8898dd567b721c5c922bb052f550475') in 0.052 seconds [static and dynamic dependencies]. Details - ImportResultOutputID=a1b56ca3220193202f62a6512f26d3f6 DependenciesID=5b317c135f154ba9583342cc1e476cb1 StaticDependenciesID=f0cb7a5eac6b9d1598b66a7469717579 
Number of updated asset objects reloaded before import = 0
Number of asset objects unloaded after import = 1
========================================================================
Received Import Request.
  Time of request: 2026-09-12T18:50:12.769442Z
  Time since last request: 208.35935610000001 seconds.
  importAddress: GUID: bd81b90c2b250f84c879b12ba0a85f77 - Path: Assets/Prefabs/Flame.prefab - Importer: PreviewImporter
Importing 'GUID: bd81b90c2b250f84c879b12ba0a85f77 - Path: Assets/Prefabs/Flame.prefab - Importer: PreviewImporter' with importer (PreviewImporter)
Imported 'GUID: bd81b90c2b250f84c879b12ba0a85f77' -> (Import Result ID: '2c209afd92b79de5a060dec7059b490a') in 0.323 seconds [static and dynamic dependencies]. Details - ImportResultOutputID=bc576d9393f803c6961299c0ae232468 DependenciesID=3b77fd853fae1ea14eadcdb18b1cbafc StaticDependenciesID=e4035c9b76282ba7d443b707bf9bf3fd 
Number of updated asset objects reloaded before import = 0
Number of asset objects unloaded after import = 10
========================================================================
Received Import Request.
  Time of request: 2026-09-12T18:50:14.0360184Z
  Time since last request: 0.9344368 seconds.
  importAddress: GUID: ab04069668b9d2749acd2f8eb3f62216 - Path: Assets/Prefabs/GameStatsText (1).prefab - Importer: PreviewImporter
Importing 'GUID: ab04069668b9d2749acd2f8eb3f62216 - Path: Assets/Prefabs/GameStatsText (1).prefab - Importer: PreviewImporter' with importer (PreviewImporter)
Imported 'GUID: ab04069668b9d2749acd2f8eb3f62216' -> (Import Result ID: 'd31322153ed61351c48ac5dc1aec27d8') in 0.016 seconds [static and dynamic dependencies]. Details - ImportResultOutputID=89ce51d24982edefbbb173b86b6dbe99 DependenciesID=a644051112b65e939e3041f1c060d75b StaticDependenciesID=74a6a0654cc010d13001e3f7de9b81a8 
Number of updated asset objects reloaded before import = 0
Number of asset objects unloaded after import = 15
========================================================================
Received Prepare
AcceleratorClientConnectionCallback - disconnected - :0
Refreshing native plugins compatible for Editor in 2.26 ms, found 4 plugins.
Unloading 22 Unused Serialized files (Serialized files now loaded: 0)
Unloading 22 unused Assets / (2.6 MB). Loaded Objects now: 7622.
Memory consumption went from 380.9 MB to 378.3 MB.
Total: 14.805700 ms (FindLiveObjects: 0.374300 ms CreateObjectMapping: 0.665700 ms MarkObjects: 13.362700 ms  DeleteObjects: 0.401500 ms)

Prepare: number of updated asset objects reloaded= 0
========================================================================
Received Import Request.
  Time of request: 2026-09-12T18:50:48.1236196Z
  Time since last request: 34.0654243 seconds.
  importAddress: GUID: ab04069668b9d2749acd2f8eb3f62216 - Path: Assets/Prefabs/GameStatsText (1).prefab - Importer: ScriptedImporter/UnityEditor.QuickSearchModule:UnityEditor.Search:ASIAI0B
Importing 'GUID: ab04069668b9d2749acd2f8eb3f62216 - Path: Assets/Prefabs/GameStatsText (1).prefab - Importer: ScriptedImporter/UnityEditor.QuickSearchModule:UnityEditor.Search:ASIAI0B' with importer (ScriptedImporter : UnityEditor.QuickSearchModule:UnityEditor.Search:ASIAI0B)
Imported 'GUID: ab04069668b9d2749acd2f8eb3f62216' -> (Import Result ID: 'b2928986c780ef42da0c4962ac740fc2') in 0.062 seconds [static and dynamic dependencies]. Details - ImportResultOutputID=755ccd16e34e358f6aea62d830926df9 DependenciesID=9d21684255f86f5c58e9e74377a6ee47 StaticDependenciesID=ffe8bcdc52237f0181c717369766072b 
Number of updated asset objects reloaded before import = 0
Number of asset objects unloaded after import = 15
========================================================================
Received Import Request.
  Time of request: 2026-09-12T19:46:40.4109776Z
  Time since last request: 3352.21594529999993 seconds.
  importAddress: GUID: 0c16edd4bc5b06947a9e2298ad48e085 - Path: Assets/Scripts - Importer: PreviewImporter
Importing 'GUID: 0c16edd4bc5b06947a9e2298ad48e085 - Path: Assets/Scripts - Importer: PreviewImporter' with importer (PreviewImporter)
Imported 'GUID: 0c16edd4bc5b06947a9e2298ad48e085' -> (Import Result ID: '4cc90d0ec1528ef7233152549cbede88') in 0.025 seconds [static and dynamic dependencies]. Details - ImportResultOutputID=1d30b5c5728fc4ac9096737a9eb8fa09 DependenciesID=535cd0762cb297c7e284f2ad7df01c33 StaticDependenciesID=5817fb20f8d7dbb8e87d239da142e93f 
Number of updated asset objects reloaded before import = 0
Number of asset objects unloaded after import = 0
========================================================================
Received Prepare
AcceleratorClientConnectionCallback - disconnected - :0
Unloading 22 Unused Serialized files (Serialized files now loaded: 0)
Unloading 6641 unused Assets / (5.3 MB). Loaded Objects now: 7623.
Memory consumption went from 387.2 MB to 381.9 MB.
Total: 45.068000 ms (FindLiveObjects: 0.934200 ms CreateObjectMapping: 1.304500 ms MarkObjects: 41.282600 ms  DeleteObjects: 1.544500 ms)

Prepare: number of updated asset objects reloaded= 0
========================================================================
Received Import Request.
  Time of request: 2026-09-12T19:46:52.3989477Z
  Time since last request: 11.9364234 seconds.
  importAddress: GUID: e6b6a8458fd2b324ca06f5676ce14ef3 - Path: Assets/Scripts/stealthBar.cs - Importer: ScriptedImporter/UnityEditor.QuickSearchModule:UnityEditor.Search:ASIAI0B
Importing 'GUID: e6b6a8458fd2b324ca06f5676ce14ef3 - Path: Assets/Scripts/stealthBar.cs - Importer: ScriptedImporter/UnityEditor.QuickSearchModule:UnityEditor.Search:ASIAI0B' with importer (ScriptedImporter : UnityEditor.QuickSearchModule:UnityEditor.Search:ASIAI0B)
Imported 'GUID: e6b6a8458fd2b324ca06f5676ce14ef3' -> (Import Result ID: '194171c1fa5868c8d2aa9cb4be88e9dc') in 0.011 seconds [static and dynamic dependencies]. Details - ImportResultOutputID=e5e6e67edf8aba63c682c045ee12b44f DependenciesID=da1d70846e4bad1b2dadbc08af7eb502 StaticDependenciesID=931a0a387e93c4ec0a617dded0804a92 
Number of updated asset objects reloaded before import = 0
Number of asset objects unloaded after import = 0
========================================================================
Received Prepare
AcceleratorClientConnectionCallback - disconnected - :0
Refreshing native plugins compatible for Editor in 3.39 ms, found 4 plugins.
Unloading 22 Unused Serialized files (Serialized files now loaded: 0)
Unloading 6641 unused Assets / (5.6 MB). Loaded Objects now: 7623.
Memory consumption went from 389.9 MB to 384.2 MB.
Total: 31.533300 ms (FindLiveObjects: 1.238300 ms CreateObjectMapping: 2.955300 ms MarkObjects: 24.209500 ms  DeleteObjects: 3.129300 ms)

Prepare: number of updated asset objects reloaded= 0
========================================================================
Received Import Request.
  Time of request: 2026-09-12T19:54:14.184376Z
  Time since last request: 441.7678803 seconds.
  importAddress: GUID: e6b6a8458fd2b324ca06f5676ce14ef3 - Path: Assets/Scripts/stealthBar.cs - Importer: ScriptedImporter/UnityEditor.QuickSearchModule:UnityEditor.Search:ASIAI0B
Importing 'GUID: e6b6a8458fd2b324ca06f5676ce14ef3 - Path: Assets/Scripts/stealthBar.cs - Importer: ScriptedImporter/UnityEditor.QuickSearchModule:UnityEditor.Search:ASIAI0B' with importer (ScriptedImporter : UnityEditor.QuickSearchModule:UnityEditor.Search:ASIAI0B)
Imported 'GUID: e6b6a8458fd2b324ca06f5676ce14ef3' -> (Import Result ID: '0685c21541ac08cd0c9fba43a44b4c82') in 0.012 seconds [static and dynamic dependencies]. Details - ImportResultOutputID=de70d71735411cf4736d4ea063a1709f DependenciesID=fb743c1b82459d0acc3df39ddbff37e1 StaticDependenciesID=326fcafa64d372a1e4de09b66451b280 
Number of updated asset objects reloaded before import = 0
Number of asset objects unloaded after import = 0
