[Licensing::Module] Trying to connect to existing licensing client channel...
Built from '6000.5/staging' branch; Version is '6000.5.7f1 (017862109af0) revision 96354'; Using compiler version '194234433'; Build Type 'Release'
OS: 'Windows 11  (10.0.26200) Core' Language: 'en' Physical Memory: 32468 MB
[Licensing::IpcConnector] Successfully connected to: "LicenseClient-Nicolas Sands" at "2026-09-13T21:46:13.1242674Z"
BatchMode: 1, IsHumanControllingUs: 0, StartBugReporterOnCrash: 0, Is64bit: 1
System  architecture: x64
Process architecture: x64
Date: 2026-09-13T21:46:13Z

COMMAND LINE ARGUMENTS:
C:\Program Files\Unity\Hub\Editor\6000.5.7f1\Editor\Unity.exe
-adb2
-batchMode
-noUpm
-name
AssetImportWorkerHW2
-projectPath
C:/FS/TeamProject/FPS---GDB---08-26/Unity Prototype
-logFile
Logs/AssetImportWorkerHW2.log
-srvPort
64845
-parentPid
36684
-analyticsCloudUserId
2475897569010
-analyticsLocalProjectId
635fb84e85ab59b4a926e3d03eb9a82e
-editorAnalyticsEnabled
1
-cbmEditorLicense
23082c027c52d1841d4299089df822d220197b64
-cbmMachineId
cYjRYT1AyaRsLeAftjIxzJsRZXA=
-licensingIpc
LicenseClient-Nicolas Sands
-noDiagnosticSwitchPersistentStore
-job-worker-count
15
-background-job-worker-count
8
-asset-garbage-collectors
1
-force-d3d12
-name
AssetImport
Successfully changed project path to: C:/FS/TeamProject/FPS---GDB---08-26/Unity Prototype
C:/FS/TeamProject/FPS---GDB---08-26/Unity Prototype
[UnityMemory] Configuration Parameters - Can be set up in boot.config
    "memorysetup-temp-allocator-size-gi-baking-worker=262144"
    "memorysetup-temp-allocator-size-gi-baking-worker=262144"
    "memorysetup-temp-allocator-size-gi-baking-worker=262144"
    "memorysetup-temp-allocator-size-gi-baking-worker=262144"
    "memorysetup-temp-allocator-size-gi-baking-worker=262144"
    "memorysetup-temp-allocator-size-nav-mesh-worker=65536"
    "memorysetup-temp-allocator-size-audio-worker=65536"
    "memorysetup-temp-allocator-size-cloud-worker=32768"
    "memorysetup-temp-allocator-size-gfx=262144"
    "memorysetup-temp-allocator-size-preload-manager=33554432"
    "memorysetup-allocator-temp-initial-block-size-main=262144"
    "memorysetup-allocator-temp-initial-block-size-worker=262144"
    "memorysetup-temp-allocator-size-job-worker=262144"
    "memorysetup-temp-allocator-size-background-worker=32768"
    "memorysetup-bucket-allocator-granularity=16"
    "memorysetup-bucket-allocator-bucket-count=8"
    "memorysetup-bucket-allocator-block-size=33554432"
    "memorysetup-bucket-allocator-block-count=8"
    "memorysetup-main-allocator-block-size=16777216"
    "memorysetup-thread-allocator-block-size=16777216"
    "memorysetup-main-allocator-mimalloc-enabled=0"
    "memorysetup-gfx-main-allocator-block-size=16777216"
    "memorysetup-gfx-thread-allocator-block-size=16777216"
    "memorysetup-cache-allocator-block-size=4194304"
    "memorysetup-typetree-allocator-block-size=2097152"
    "memorysetup-profiler-bucket-allocator-granularity=16"
    "memorysetup-profiler-bucket-allocator-bucket-count=8"
    "memorysetup-profiler-bucket-allocator-block-size=33554432"
    "memorysetup-profiler-bucket-allocator-block-count=8"
    "memorysetup-profiler-allocator-block-size=16777216"
    "memorysetup-profiler-editor-allocator-block-size=1048576"
    "memorysetup-temp-allocator-size-main=16777216"
    "memorysetup-job-temp-allocator-block-size=2097152"
    "memorysetup-job-temp-allocator-block-size-background=1048576"
    "memorysetup-job-temp-allocator-reduction-small-platforms=262144"
Player connection [19596]  Target information:

Player connection [19596]  * "[IP] 192.168.12.236 [Port] 0 [Flags] 2 [Guid] 869879659 [EditorId] 869879659 [Version] 1048832 [Id] WindowsEditor(7,MSI) [Debug] 1 [PackageName] WindowsEditor [ProjectName] Editor" 

Player connection [19596] Host joined multi-casting on [225.0.0.222:54997]...
Player connection [19596] Host joined alternative multi-casting on [225.0.0.222:34997]...
JobSystem: Creating JobQueue using job-worker-count value 15
Input System module state changed to: Initialized.
[Physics::Module] Initialized fallback backend.
[Physics::Module] Id: 0xdecafbad
Library Redirect Path: Library/
[Physics::Module] Selected backend.
[Physics::Module] Name: PhysX
[Physics::Module] Id: 0xf2b8ea05
[Physics::Module] SDK Version: 4.1.2
[Physics::Module] Integration Version: 1.0.0
[Physics::Module] Threading Mode: Multi-Threaded
Refreshing native plugins compatible for Editor in 347.54 ms, found 4 plugins.
Initialize engine version: 6000.5.7f1 (017862109af0)
[Subsystems] Discovering subsystems at path C:/Program Files/Unity/Hub/Editor/6000.5.7f1/Editor/Data/Resources/UnitySubsystems
[Subsystems] Discovering subsystems at path C:/FS/TeamProject/FPS---GDB---08-26/Unity Prototype/Assets
Forcing GfxDevice: Direct3D 12
GfxDevice: creating device client; kGfxThreadingModeNonThreaded
d3d12: failed to query info queue interface (0x80004002).
Direct3D:
    Version:         Direct3D 12 [level 12.2]
    Renderer:        NVIDIA GeForce RTX 4070 Laptop GPU (ID=0x2820)
    Vendor:          NVIDIA
    VRAM:            7948 MB
    App VRAM Budget: 7180 MB
    Driver:          32.0.15.9579
[Licensing::Client] Error: HandshakeResponse reported an error:
	ResponseCode: 505
	ResponseStatus: Unsupported protocol version '1.18.1'.
[Licensing::Module] Error: Failed to handshake to channel: "LicenseClient-Nicolas Sands"
[Licensing::IpcConnector] LicenseClient-Nicolas Sands channel disconnected successfully.
[Licensing::IpcConnector] Successfully connected to: "LicenseClient-Nicolas Sands-6000.5.7" at "2026-09-13T21:46:15.0639421Z"
[Licensing::Client] Code 10 while verifying Licensing Client signature (process Id: 14204, path: "C:/Program Files/Unity/Hub/Editor/6000.5.7f1/Editor/Data/Resources/Licensing/Client/Unity.Licensing.Client.exe")
[Licensing::Module] LicensingClient has failed validation; ignoring
[Licensing::Client] Handshaking with LicensingClient:
  Version:                 1.18.1+9fbee8e
  Session Id:              8c9117b666d4429db4e3d473c2a70497
  Correlation Id:          494a3d846d8eaa1d98ceadd92e2aeaae
  External correlation Id: 1270728908022098816
  Machine Id:              cYjRYT1AyaRsLeAftjIxzJsRZXA=
[Licensing::Module] Successfully connected to LicensingClient on channel: "LicenseClient-Nicolas Sands-6000.5.7" (connect: 0.00s, validation: 0.00s, handshake: 0.18s)
[Licensing::IpcConnector] Successfully connected to: "LicenseClient-Nicolas Sands-6000.5.7-notifications" at "2026-09-13T21:46:15.2475238Z"
[Licensing::Module] Licensing Background thread has ended after 2.12s
Initialize mono
Mono path[0] = 'C:/Program Files/Unity/Hub/Editor/6000.5.7f1/Editor/Data/Managed'
Mono path[1] = 'C:/Program Files/Unity/Hub/Editor/6000.5.7f1/Editor/Data/BCLExtensions/runtime/netstandard2.1'
Mono path[2] = 'C:/Program Files/Unity/Hub/Editor/6000.5.7f1/Editor/Data/MonoBleedingEdge/lib/mono/unityjit-win32'
Mono config path = 'C:/Program Files/Unity/Hub/Editor/6000.5.7f1/Editor/Data/MonoBleedingEdge/etc'
Using monoOptions --debugger-agent=transport=dt_socket,embedding=1,server=y,suspend=n,address=127.0.0.1:56520
CodeReloadManager initialized
Begin MonoManager ReloadAssembly
Registering precompiled unity dll's ...
Register platform support module: C:/Program Files/Unity/Hub/Editor/6000.5.7f1/Editor/Data/PlaybackEngines/WindowsStandaloneSupport/UnityEditor.WindowsStandalone.Extensions.dll
Registered in 0.001685 seconds.
Native extension for WindowsStandalone target not found
Package Manager log level set to [2]
[Package Manager] Failed to launch server process. Reason: Unity was launched with the -noUpm command-line argument
[Package Manager] Unable to send message (not connected to server process).
[Package Manager] Cannot connect to Unity Package Manager local server
ScheduleIndexationOnStartup MainProcess:False IndexOnStartup:True
Mono: successfully reloaded assembly
- Finished resetting the current domain, in  0.330 seconds
Domain Reload Profiling: 742ms
	BeginReloadAssembly (107ms)
	RebuildCommonClasses (4ms)
	RebuildNativeTypeToScriptingClass (12ms)
	initialDomainReloadingComplete (67ms)
	LoadAllAssembliesAndSetupDomain (221ms)
		LoadAssemblies (104ms)
		AnalyzeDomain (161ms)
			TypeCache.Refresh (160ms)
				TypeCache.ScanAssembly (147ms)
	FinalizeReload (331ms)
		SetupLoadedEditorAssemblies (0ms)
			BeforeProcessingInitializeOnLoad (68ms)
			ProcessInitializeOnLoadAttributes (84ms)
			ProcessInitializeOnLoadMethodAttributes (123ms)
Initializing Unity extensions:
[Licensing::Client] Successfully resolved entitlement details
[Licensing::Module] License group:
  Id: 2475898163306-epicinsanity98-UnityProStuXXXX
  Product: Unity Student
  Type: Assigned
  Expiration: 2026-10-30T20:07:19Z
========================================================================
Worker process is ready to serve import requests
Import Worker Mode flag is 0x00
Begin MonoManager ReloadAssembly
Native extension for WindowsStandalone target not found
[Package Manager] Failed to launch server process. Reason: Unity was launched with the -noUpm command-line argument
[Package Manager] Unable to send message (not connected to server process).
[Package Manager] Cannot connect to Unity Package Manager local server
[Package Manager] Failed to launch server process. Reason: Unity was launched with the -noUpm command-line argument
[Package Manager] Unable to send message (not connected to server process).
[Package Manager] Cannot connect to Unity Package Manager local server
System.Exception: Error! Visual Scripting: couldn't find visual scripting package
  at Unity.VisualScripting.PackageVersionUtility.get_version () [0x00043] in .\Library\PackageCache\com.unity.visualscripting@4edfcc09512f\Editor\VisualScripting.Core\Utilities\PackageVersionUtility.cs:31 
  at Unity.VisualScripting.BoltCoreManifest.get_version () [0x00000] in .\Library\PackageCache\com.unity.visualscripting@4edfcc09512f\Editor\VisualScripting.Core\Plugin\BoltCoreManifest.cs:11 
  at Unity.VisualScripting.PluginManifest.get_currentVersion () [0x00000] in .\Library\PackageCache\com.unity.visualscripting@4edfcc09512f\Editor\VisualScripting.Core\Plugins\PluginManifest.cs:33 
  at Unity.VisualScripting.PluginManifest.get_versionMismatch () [0x00000] in .\Library\PackageCache\com.unity.visualscripting@4edfcc09512f\Editor\VisualScripting.Core\Plugins\PluginManifest.cs:48 
  at Unity.VisualScripting.PluginContainer.Initialize () [0x00525] in .\Library\PackageCache\com.unity.visualscripting@4edfcc09512f\Editor\VisualScripting.Core\Plugins\PluginContainer.cs:208 
  at Unity.VisualScripting.PluginContainer.InitializeOnLoad () [0x00009] in .\Library\PackageCache\com.unity.visualscripting@4edfcc09512f\Editor\VisualScripting.Core\Plugins\PluginContainer.cs:32 
  at Unity.VisualScripting.VSUsageUtility.DoInitializeOnLoadCalls () [0x00034] in .\Library\PackageCache\com.unity.visualscripting@4edfcc09512f\Editor\VisualScripting.Core\Utilities\VSUsageUtility.cs:76 
  at Unity.VisualScripting.VSUsageUtility.set_isVisualScriptingUsed (System.Boolean value) [0x0002c] in .\Library\PackageCache\com.unity.visualscripting@4edfcc09512f\Editor\VisualScripting.Core\Utilities\VSUsageUtility.cs:114 
  at Unity.VisualScripting.VSUsageUtility.CheckAndSetIsVisualScriptingUsed () [0x00032] in .\Library\PackageCache\com.unity.visualscripting@4edfcc09512f\Editor\VisualScripting.Core\Utilities\VSUsageUtility.cs:48 
  at Unity.VisualScripting.VSUsageUtility..cctor () [0x00000] in .\Library\PackageCache\com.unity.visualscripting@4edfcc09512f\Editor\VisualScripting.Core\Utilities\VSUsageUtility.cs:22 
UnityEngine.Debug:ExtractStackTraceNoAlloc (byte*,int,string)
UnityEngine.StackTraceUtility:ExtractStackTrace ()
UnityEngine.DebugLogHandler:Internal_Log (UnityEngine.LogType,UnityEngine.LogOption,string,UnityEngine.Object)
UnityEngine.DebugLogHandler:LogFormat (UnityEngine.LogType,UnityEngine.Object,string,object[])
UnityEngine.Logger:Log (UnityEngine.LogType,object)
UnityEngine.Debug:LogError (object)
UnityEditor.EditorAssemblies:ProcessInitializeOnLoadAttributes (System.ReadOnlySpan`1<intptr>)

ScheduleIndexationOnStartup MainProcess:False IndexOnStartup:True
Mono: successfully reloaded assembly
- Finished resetting the current domain, in  2.658 seconds
Domain Reload Profiling: 3309ms
	BeginReloadAssembly (136ms)
		DisableScriptedObjects (8ms)
		CreateAndSetChildDomain (20ms)
	RebuildCommonClasses (6ms)
	RebuildNativeTypeToScriptingClass (11ms)
	initialDomainReloadingComplete (45ms)
	LoadAllAssembliesAndSetupDomain (453ms)
		LoadAssemblies (264ms)
		AnalyzeDomain (180ms)
			TypeCache.Refresh (123ms)
				TypeCache.ScanAssembly (112ms)
			BuildScriptInfoCaches (51ms)
			ResolveRequiredComponents (4ms)
	FinalizeReload (2659ms)
		SetupLoadedEditorAssemblies (0ms)
			BeforeProcessingInitializeOnLoad (78ms)
			ProcessInitializeOnLoadAttributes (984ms)
			ProcessInitializeOnLoadMethodAttributes (111ms)
			AfterProcessingInitializeOnLoad (6ms)
		AwakeInstancesAfterBackupRestoration (3ms)
AcceleratorClientConnectionCallback - disconnected - :0
Launched and connected shader compiler UnityShaderCompiler.exe after 0.05 seconds
Unloading 22 Unused Serialized files (Serialized files now loaded: 0)
Curl error 3: URL rejected: Malformed input to a URL function
Unloading 6660 unused Assets / (5.3 MB). Loaded Objects now: 7510.
Memory consumption went from 352.9 MB to 347.7 MB.
Total: 15.451800 ms (FindLiveObjects: 0.477000 ms CreateObjectMapping: 1.392500 ms MarkObjects: 11.883500 ms  DeleteObjects: 1.696200 ms)

========================================================================
Received Prepare
AcceleratorClientConnectionCallback - disconnected - :0
[Licensing::Client] Successfully resolved entitlement details
Begin MonoManager ReloadAssembly
Native extension for WindowsStandalone target not found
[Package Manager] Failed to launch server process. Reason: Unity was launched with the -noUpm command-line argument
[Package Manager] Unable to send message (not connected to server process).
[Package Manager] Cannot connect to Unity Package Manager local server
[Package Manager] Failed to launch server process. Reason: Unity was launched with the -noUpm command-line argument
[Package Manager] Unable to send message (not connected to server process).
[Package Manager] Cannot connect to Unity Package Manager local server
System.Exception: Error! Visual Scripting: couldn't find visual scripting package
  at Unity.VisualScripting.PackageVersionUtility.get_version () [0x00043] in .\Library\PackageCache\com.unity.visualscripting@4edfcc09512f\Editor\VisualScripting.Core\Utilities\PackageVersionUtility.cs:31 
  at Unity.VisualScripting.BoltCoreManifest.get_version () [0x00000] in .\Library\PackageCache\com.unity.visualscripting@4edfcc09512f\Editor\VisualScripting.Core\Plugin\BoltCoreManifest.cs:11 
  at Unity.VisualScripting.PluginManifest.get_currentVersion () [0x00000] in .\Library\PackageCache\com.unity.visualscripting@4edfcc09512f\Editor\VisualScripting.Core\Plugins\PluginManifest.cs:33 
  at Unity.VisualScripting.PluginManifest.get_versionMismatch () [0x00000] in .\Library\PackageCache\com.unity.visualscripting@4edfcc09512f\Editor\VisualScripting.Core\Plugins\PluginManifest.cs:48 
  at Unity.VisualScripting.PluginContainer.Initialize () [0x00525] in .\Library\PackageCache\com.unity.visualscripting@4edfcc09512f\Editor\VisualScripting.Core\Plugins\PluginContainer.cs:208 
  at Unity.VisualScripting.PluginContainer.InitializeOnLoad () [0x00009] in .\Library\PackageCache\com.unity.visualscripting@4edfcc09512f\Editor\VisualScripting.Core\Plugins\PluginContainer.cs:32 
  at Unity.VisualScripting.VSUsageUtility.DoInitializeOnLoadCalls () [0x00034] in .\Library\PackageCache\com.unity.visualscripting@4edfcc09512f\Editor\VisualScripting.Core\Utilities\VSUsageUtility.cs:76 
  at Unity.VisualScripting.VSUsageUtility.set_isVisualScriptingUsed (System.Boolean value) [0x0002c] in .\Library\PackageCache\com.unity.visualscripting@4edfcc09512f\Editor\VisualScripting.Core\Utilities\VSUsageUtility.cs:114 
  at Unity.VisualScripting.VSUsageUtility.CheckAndSetIsVisualScriptingUsed () [0x0000d] in .\Library\PackageCache\com.unity.visualscripting@4edfcc09512f\Editor\VisualScripting.Core\Utilities\VSUsageUtility.cs:33 
  at Unity.VisualScripting.VSUsageUtility..cctor () [0x00000] in .\Library\PackageCache\com.unity.visualscripting@4edfcc09512f\Editor\VisualScripting.Core\Utilities\VSUsageUtility.cs:22 
UnityEngine.Debug:ExtractStackTraceNoAlloc (byte*,int,string)
UnityEngine.StackTraceUtility:ExtractStackTrace ()
UnityEngine.DebugLogHandler:Internal_Log (UnityEngine.LogType,UnityEngine.LogOption,string,UnityEngine.Object)
UnityEngine.DebugLogHandler:LogFormat (UnityEngine.LogType,UnityEngine.Object,string,object[])
UnityEngine.Logger:Log (UnityEngine.LogType,object)
UnityEngine.Debug:LogError (object)
UnityEditor.EditorAssemblies:ProcessInitializeOnLoadAttributes (System.ReadOnlySpan`1<intptr>)

ScheduleIndexationOnStartup MainProcess:False IndexOnStartup:True
Mono: successfully reloaded assembly
- Finished resetting the current domain, in  1.183 seconds
Domain Reload Profiling: 1879ms
	BeginReloadAssembly (201ms)
		DisableScriptedObjects (12ms)
		CreateAndSetChildDomain (49ms)
	RebuildCommonClasses (6ms)
	RebuildNativeTypeToScriptingClass (16ms)
	initialDomainReloadingComplete (57ms)
	LoadAllAssembliesAndSetupDomain (416ms)
		LoadAssemblies (261ms)
		AnalyzeDomain (144ms)
			TypeCache.Refresh (8ms)
			BuildScriptInfoCaches (131ms)
			ResolveRequiredComponents (4ms)
	FinalizeReload (1184ms)
		SetupLoadedEditorAssemblies (0ms)
			BeforeProcessingInitializeOnLoad (68ms)
			ProcessInitializeOnLoadAttributes (419ms)
			ProcessInitializeOnLoadMethodAttributes (95ms)
			AfterProcessingInitializeOnLoad (4ms)
		AwakeInstancesAfterBackupRestoration (11ms)
Unloading 22 Unused Serialized files (Serialized files now loaded: 0)
Unloading 6658 unused Assets / (5.2 MB). Loaded Objects now: 7555.
Memory consumption went from 356.0 MB to 350.8 MB.
Total: 12.525900 ms (FindLiveObjects: 0.429700 ms CreateObjectMapping: 1.145600 ms MarkObjects: 9.314400 ms  DeleteObjects: 1.634900 ms)

Prepare: number of updated asset objects reloaded= 0
========================================================================
Received Import Request.
  Time of request: 2026-09-13T21:55:00.6748635Z
  Time since last request: 68176.6564725000062 seconds.
  importAddress: GUID: 0189909ffb841f04db5e005272d7c800 - Path: Assets/Prefabs/StoragePrefabs/StashCanvas.prefab - Importer: PreviewImporter
Importing 'GUID: 0189909ffb841f04db5e005272d7c800 - Path: Assets/Prefabs/StoragePrefabs/StashCanvas.prefab - Importer: PreviewImporter' with importer (PreviewImporter)
Imported 'GUID: 0189909ffb841f04db5e005272d7c800' -> (Import Result ID: 'fbe337e3cb3a43d62e20749411e70859') in 0.424 seconds [static and dynamic dependencies]. Details - ImportResultOutputID=3d395daba0fa2eddf8e0c7c89595e06c DependenciesID=bf9188bcafa73022e8cddcb8373fc901 StaticDependenciesID=71ae77d2c2b635d7a440502dde7a33c2 
Number of updated asset objects reloaded before import = 0
Number of asset objects unloaded after import = 127
========================================================================
Received Prepare
AcceleratorClientConnectionCallback - disconnected - :0
Unloading 22 Unused Serialized files (Serialized files now loaded: 0)
Unloading 26 unused Assets / (2.6 MB). Loaded Objects now: 7679.
Memory consumption went from 390.0 MB to 387.4 MB.
Total: 14.523600 ms (FindLiveObjects: 0.379600 ms CreateObjectMapping: 1.004600 ms MarkObjects: 12.706600 ms  DeleteObjects: 0.431200 ms)

Prepare: number of updated asset objects reloaded= 0
========================================================================
Received Prepare
AcceleratorClientConnectionCallback - disconnected - :0
Unloading 22 Unused Serialized files (Serialized files now loaded: 0)
Unloading 22 unused Assets / (2.6 MB). Loaded Objects now: 7679.
Memory consumption went from 393.4 MB to 390.8 MB.
Total: 16.201800 ms (FindLiveObjects: 0.365000 ms CreateObjectMapping: 0.699400 ms MarkObjects: 14.843100 ms  DeleteObjects: 0.292900 ms)

Prepare: number of updated asset objects reloaded= 0
========================================================================
Received Import Request.
  Time of request: 2026-09-13T22:23:05.4957792Z
  Time since last request: 1684.38628719999997 seconds.
  importAddress: GUID: 0189909ffb841f04db5e005272d7c800 - Path: Assets/Prefabs/StoragePrefabs/StashCanvas.prefab - Importer: PreviewImporter
Importing 'GUID: 0189909ffb841f04db5e005272d7c800 - Path: Assets/Prefabs/StoragePrefabs/StashCanvas.prefab - Importer: PreviewImporter' with importer (PreviewImporter)
Imported 'GUID: 0189909ffb841f04db5e005272d7c800' -> (Import Result ID: 'e2a78989c12a5c67cd3b1d04abe80af6') in 0.041 seconds [static and dynamic dependencies]. Details - ImportResultOutputID=3d395daba0fa2eddf8e0c7c89595e06c DependenciesID=3b4ebde6cd2b59ff031f3d27a473f98a StaticDependenciesID=1b1f3eb1517ce90f2d246100c577e532 
Number of updated asset objects reloaded before import = 0
Number of asset objects unloaded after import = 127
========================================================================
Received Prepare
AcceleratorClientConnectionCallback - disconnected - :0
Unloading 22 Unused Serialized files (Serialized files now loaded: 0)
Unloading 26 unused Assets / (2.6 MB). Loaded Objects now: 7679.
Memory consumption went from 390.2 MB to 387.6 MB.
Total: 14.264300 ms (FindLiveObjects: 0.327300 ms CreateObjectMapping: 0.733900 ms MarkObjects: 12.849500 ms  DeleteObjects: 0.352300 ms)

Prepare: number of updated asset objects reloaded= 0
========================================================================
Received Import Request.
  Time of request: 2026-09-13T22:26:11.4151178Z
  Time since last request: 185.86969500000001 seconds.
  importAddress: GUID: 0189909ffb841f04db5e005272d7c800 - Path: Assets/Prefabs/StoragePrefabs/StashCanvas.prefab - Importer: PreviewImporter
Importing 'GUID: 0189909ffb841f04db5e005272d7c800 - Path: Assets/Prefabs/StoragePrefabs/StashCanvas.prefab - Importer: PreviewImporter' with importer (PreviewImporter)
Imported 'GUID: 0189909ffb841f04db5e005272d7c800' -> (Import Result ID: '02b4b05964b653d667d7b320421444f6') in 0.028 seconds [static and dynamic dependencies]. Details - ImportResultOutputID=3d395daba0fa2eddf8e0c7c89595e06c DependenciesID=f97ce58215999f7e600f4c16bb6d8743 StaticDependenciesID=dc9ce01203c780bcea3cc9df3e9a2ca1 
Number of updated asset objects reloaded before import = 0
Number of asset objects unloaded after import = 127
========================================================================
Received Import Request.
  Time of request: 2026-09-13T22:26:16.6104141Z
  Time since last request: 5.1581537 seconds.
  importAddress: GUID: 0189909ffb841f04db5e005272d7c800 - Path: Assets/Prefabs/StoragePrefabs/StashCanvas.prefab - Importer: PreviewImporter
Importing 'GUID: 0189909ffb841f04db5e005272d7c800 - Path: Assets/Prefabs/StoragePrefabs/StashCanvas.prefab - Importer: PreviewImporter' with importer (PreviewImporter)
Imported 'GUID: 0189909ffb841f04db5e005272d7c800' -> (Import Result ID: '10fd68b90bb9e602f626de083678e0f4') in 0.026 seconds [static and dynamic dependencies]. Details - ImportResultOutputID=3d395daba0fa2eddf8e0c7c89595e06c DependenciesID=aa81648329382c7eefae0162d1ae3190 StaticDependenciesID=a02f88a9b36e432293934aa7d0363946 
Number of updated asset objects reloaded before import = 0
Number of asset objects unloaded after import = 127
========================================================================
Received Prepare
AcceleratorClientConnectionCallback - disconnected - :0
Unloading 22 Unused Serialized files (Serialized files now loaded: 0)
Unloading 26 unused Assets / (2.6 MB). Loaded Objects now: 7679.
Memory consumption went from 390.2 MB to 387.6 MB.
Total: 14.815500 ms (FindLiveObjects: 0.509800 ms CreateObjectMapping: 0.892200 ms MarkObjects: 12.944000 ms  DeleteObjects: 0.468800 ms)

Prepare: number of updated asset objects reloaded= 0
========================================================================
Received Prepare
AcceleratorClientConnectionCallback - disconnected - :0
Refreshing native plugins compatible for Editor in 2.33 ms, found 4 plugins.
Unloading 22 Unused Serialized files (Serialized files now loaded: 0)
Unloading 22 unused Assets / (2.6 MB). Loaded Objects now: 7679.
Memory consumption went from 393.6 MB to 391.0 MB.
Total: 13.491100 ms (FindLiveObjects: 0.403200 ms CreateObjectMapping: 1.688100 ms MarkObjects: 11.115900 ms  DeleteObjects: 0.282800 ms)

Prepare: number of updated asset objects reloaded= 0
========================================================================
Received Import Request.
  Time of request: 2026-09-13T22:29:09.1660124Z
  Time since last request: 172.5194314 seconds.
  importAddress: GUID: 0189909ffb841f04db5e005272d7c800 - Path: Assets/Prefabs/StoragePrefabs/StashCanvas.prefab - Importer: PreviewImporter
Importing 'GUID: 0189909ffb841f04db5e005272d7c800 - Path: Assets/Prefabs/StoragePrefabs/StashCanvas.prefab - Importer: PreviewImporter' with importer (PreviewImporter)
Imported 'GUID: 0189909ffb841f04db5e005272d7c800' -> (Import Result ID: '8044d270412fa70ab959a6de3fc83069') in 0.038 seconds [static and dynamic dependencies]. Details - ImportResultOutputID=3d395daba0fa2eddf8e0c7c89595e06c DependenciesID=fb8bfcec1f3da1a86c8ea26afa53c9a2 StaticDependenciesID=77bf86b7529d04560e8208aa702483a7 
Number of updated asset objects reloaded before import = 0
Number of asset objects unloaded after import = 127
========================================================================
Received Prepare
AcceleratorClientConnectionCallback - disconnected - :0
Unloading 22 Unused Serialized files (Serialized files now loaded: 0)
Unloading 26 unused Assets / (2.6 MB). Loaded Objects now: 7679.
Memory consumption went from 390.2 MB to 387.6 MB.
Total: 13.009500 ms (FindLiveObjects: 0.270100 ms CreateObjectMapping: 0.477500 ms MarkObjects: 11.950200 ms  DeleteObjects: 0.310800 ms)

Prepare: number of updated asset objects reloaded= 0
========================================================================
Received Import Request.
  Time of request: 2026-09-13T22:29:44.1259689Z
  Time since last request: 34.9135784 seconds.
  importAddress: GUID: 0189909ffb841f04db5e005272d7c800 - Path: Assets/Prefabs/StoragePrefabs/StashCanvas.prefab - Importer: PreviewImporter
Importing 'GUID: 0189909ffb841f04db5e005272d7c800 - Path: Assets/Prefabs/StoragePrefabs/StashCanvas.prefab - Importer: PreviewImporter' with importer (PreviewImporter)
Imported 'GUID: 0189909ffb841f04db5e005272d7c800' -> (Import Result ID: 'c191c760c84be74a39926fe6e54a125e') in 0.027 seconds [static and dynamic dependencies]. Details - ImportResultOutputID=3d395daba0fa2eddf8e0c7c89595e06c DependenciesID=9d22deb7510a31bb864dbe9ccfce7afe StaticDependenciesID=fa21314f99b641a426755ba15bcbab25 
Number of updated asset objects reloaded before import = 0
Number of asset objects unloaded after import = 127
========================================================================
Received Prepare
AcceleratorClientConnectionCallback - disconnected - :0
Unloading 22 Unused Serialized files (Serialized files now loaded: 0)
Unloading 26 unused Assets / (2.6 MB). Loaded Objects now: 7679.
Memory consumption went from 390.2 MB to 387.6 MB.
Total: 14.402400 ms (FindLiveObjects: 0.496700 ms CreateObjectMapping: 1.117800 ms MarkObjects: 12.392100 ms  DeleteObjects: 0.394800 ms)

Prepare: number of updated asset objects reloaded= 0
========================================================================
Received Import Request.
  Time of request: 2026-09-13T22:30:39.0210073Z
  Time since last request: 54.8597818 seconds.
  importAddress: GUID: 0189909ffb841f04db5e005272d7c800 - Path: Assets/Prefabs/StoragePrefabs/StashCanvas.prefab - Importer: PreviewImporter
Importing 'GUID: 0189909ffb841f04db5e005272d7c800 - Path: Assets/Prefabs/StoragePrefabs/StashCanvas.prefab - Importer: PreviewImporter' with importer (PreviewImporter)
Imported 'GUID: 0189909ffb841f04db5e005272d7c800' -> (Import Result ID: '87aa70a79bbcc92a5e73f16b5eb8c0d0') in 0.031 seconds [static and dynamic dependencies]. Details - ImportResultOutputID=3d395daba0fa2eddf8e0c7c89595e06c DependenciesID=56a394a3e083b60b03cd321b493d7ac0 StaticDependenciesID=80983c6a7a1d4fa5565b43cb7b280723 
Number of updated asset objects reloaded before import = 0
Number of asset objects unloaded after import = 127
========================================================================
Received Import Request.
  Time of request: 2026-09-13T22:30:49.9394866Z
  Time since last request: 10.8779775 seconds.
  importAddress: GUID: 0189909ffb841f04db5e005272d7c800 - Path: Assets/Prefabs/StoragePrefabs/StashCanvas.prefab - Importer: PreviewImporter
Importing 'GUID: 0189909ffb841f04db5e005272d7c800 - Path: Assets/Prefabs/StoragePrefabs/StashCanvas.prefab - Importer: PreviewImporter' with importer (PreviewImporter)
Imported 'GUID: 0189909ffb841f04db5e005272d7c800' -> (Import Result ID: '854b3f9308a488b60317afc641e73278') in 0.028 seconds [static and dynamic dependencies]. Details - ImportResultOutputID=3d395daba0fa2eddf8e0c7c89595e06c DependenciesID=b37bc57094d8dfe7dc95ef23d678e512 StaticDependenciesID=106032d79b9c44233ddccf2f45f6d8a1 
Number of updated asset objects reloaded before import = 0
Number of asset objects unloaded after import = 127
========================================================================
Received Import Request.
  Time of request: 2026-09-13T22:30:54.2543005Z
  Time since last request: 4.2775653 seconds.
  importAddress: GUID: 0189909ffb841f04db5e005272d7c800 - Path: Assets/Prefabs/StoragePrefabs/StashCanvas.prefab - Importer: PreviewImporter
Importing 'GUID: 0189909ffb841f04db5e005272d7c800 - Path: Assets/Prefabs/StoragePrefabs/StashCanvas.prefab - Importer: PreviewImporter' with importer (PreviewImporter)
Imported 'GUID: 0189909ffb841f04db5e005272d7c800' -> (Import Result ID: '997dd2fe4fbf74eca8f6d30fb2766f6b') in 0.027 seconds [static and dynamic dependencies]. Details - ImportResultOutputID=3d395daba0fa2eddf8e0c7c89595e06c DependenciesID=3f4ccadc3a7bbacba3644808c2023083 StaticDependenciesID=af23e10b981edd64b71ab642d2e7f382 
Number of updated asset objects reloaded before import = 0
Number of asset objects unloaded after import = 127
========================================================================
Received Import Request.
  Time of request: 2026-09-13T22:31:06.5436904Z
  Time since last request: 12.2526421 seconds.
  importAddress: GUID: 0189909ffb841f04db5e005272d7c800 - Path: Assets/Prefabs/StoragePrefabs/StashCanvas.prefab - Importer: PreviewImporter
Importing 'GUID: 0189909ffb841f04db5e005272d7c800 - Path: Assets/Prefabs/StoragePrefabs/StashCanvas.prefab - Importer: PreviewImporter' with importer (PreviewImporter)
Imported 'GUID: 0189909ffb841f04db5e005272d7c800' -> (Import Result ID: 'fad710d27bf5a288577bb85fd13f45a9') in 0.025 seconds [static and dynamic dependencies]. Details - ImportResultOutputID=3d395daba0fa2eddf8e0c7c89595e06c DependenciesID=80afae24a9f1cb00b8667f452dee2044 StaticDependenciesID=1d0d35870c187746004696b934e1591c 
Number of updated asset objects reloaded before import = 0
Number of asset objects unloaded after import = 127
========================================================================
Received Prepare
AcceleratorClientConnectionCallback - disconnected - :0
Unloading 22 Unused Serialized files (Serialized files now loaded: 0)
Unloading 26 unused Assets / (2.6 MB). Loaded Objects now: 7679.
Memory consumption went from 390.3 MB to 387.7 MB.
Total: 14.392800 ms (FindLiveObjects: 0.318700 ms CreateObjectMapping: 0.842300 ms MarkObjects: 12.742400 ms  DeleteObjects: 0.487800 ms)

Prepare: number of updated asset objects reloaded= 0
========================================================================
Received Import Request.
  Time of request: 2026-09-13T22:32:06.4994835Z
  Time since last request: 59.9215062 seconds.
  importAddress: GUID: 0189909ffb841f04db5e005272d7c800 - Path: Assets/Prefabs/StoragePrefabs/StashCanvas.prefab - Importer: PreviewImporter
Importing 'GUID: 0189909ffb841f04db5e005272d7c800 - Path: Assets/Prefabs/StoragePrefabs/StashCanvas.prefab - Importer: PreviewImporter' with importer (PreviewImporter)
Imported 'GUID: 0189909ffb841f04db5e005272d7c800' -> (Import Result ID: '42c0bd312822e7f28ed8b1bcee7e4f6b') in 0.030 seconds [static and dynamic dependencies]. Details - ImportResultOutputID=3d395daba0fa2eddf8e0c7c89595e06c DependenciesID=1c24593a6de5b698a113e0ad33b0e4e2 StaticDependenciesID=7c142be924f477b39ea7539f12458943 
Number of updated asset objects reloaded before import = 0
Number of asset objects unloaded after import = 127
========================================================================
Received Import Request.
  Time of request: 2026-09-13T22:32:33.4315141Z
  Time since last request: 26.8919112 seconds.
  importAddress: GUID: 0189909ffb841f04db5e005272d7c800 - Path: Assets/Prefabs/StoragePrefabs/StashCanvas.prefab - Importer: PreviewImporter
Importing 'GUID: 0189909ffb841f04db5e005272d7c800 - Path: Assets/Prefabs/StoragePrefabs/StashCanvas.prefab - Importer: PreviewImporter' with importer (PreviewImporter)
Imported 'GUID: 0189909ffb841f04db5e005272d7c800' -> (Import Result ID: 'a0d3ed1eff9eafe695eda4d44f042692') in 0.031 seconds [static and dynamic dependencies]. Details - ImportResultOutputID=3d395daba0fa2eddf8e0c7c89595e06c DependenciesID=41e750153aab9f7ff068914afc1c251a StaticDependenciesID=270df3e7dad19ca048073a1ec9302a2a 
Number of updated asset objects reloaded before import = 0
Number of asset objects unloaded after import = 127
========================================================================
Received Import Request.
  Time of request: 2026-09-13T22:32:36.9262619Z
  Time since last request: 3.4522159 seconds.
  importAddress: GUID: 0189909ffb841f04db5e005272d7c800 - Path: Assets/Prefabs/StoragePrefabs/StashCanvas.prefab - Importer: PreviewImporter
Importing 'GUID: 0189909ffb841f04db5e005272d7c800 - Path: Assets/Prefabs/StoragePrefabs/StashCanvas.prefab - Importer: PreviewImporter' with importer (PreviewImporter)
Imported 'GUID: 0189909ffb841f04db5e005272d7c800' -> (Import Result ID: '4bdf2a3fe4fe000708b2737349fd40b6') in 0.027 seconds [static and dynamic dependencies]. Details - ImportResultOutputID=3d395daba0fa2eddf8e0c7c89595e06c DependenciesID=1e47b334f6e1f134ab4e0efb02b554fd StaticDependenciesID=8f883d0e45c36a10f84f8bc7daef75d9 
Number of updated asset objects reloaded before import = 0
Number of asset objects unloaded after import = 127
========================================================================
Received Import Request.
  Time of request: 2026-09-13T22:32:40.190007Z
  Time since last request: 3.2277116 seconds.
  importAddress: GUID: 0189909ffb841f04db5e005272d7c800 - Path: Assets/Prefabs/StoragePrefabs/StashCanvas.prefab - Importer: PreviewImporter
Importing 'GUID: 0189909ffb841f04db5e005272d7c800 - Path: Assets/Prefabs/StoragePrefabs/StashCanvas.prefab - Importer: PreviewImporter' with importer (PreviewImporter)
Imported 'GUID: 0189909ffb841f04db5e005272d7c800' -> (Import Result ID: '3b7317e9dbd812c4d0fbf9441b8719c9') in 0.025 seconds [static and dynamic dependencies]. Details - ImportResultOutputID=3d395daba0fa2eddf8e0c7c89595e06c DependenciesID=9e04e4f6c5d595837c3ed1c2db667587 StaticDependenciesID=92732454983b7781dbc36d06702a1865 
Number of updated asset objects reloaded before import = 0
Number of asset objects unloaded after import = 127
========================================================================
Received Import Request.
  Time of request: 2026-09-13T22:32:43.6559865Z
  Time since last request: 3.4317748 seconds.
  importAddress: GUID: 0189909ffb841f04db5e005272d7c800 - Path: Assets/Prefabs/StoragePrefabs/StashCanvas.prefab - Importer: PreviewImporter
Importing 'GUID: 0189909ffb841f04db5e005272d7c800 - Path: Assets/Prefabs/StoragePrefabs/StashCanvas.prefab - Importer: PreviewImporter' with importer (PreviewImporter)
Imported 'GUID: 0189909ffb841f04db5e005272d7c800' -> (Import Result ID: '45846d393888ed94e3e82ae17e0b4643') in 0.026 seconds [static and dynamic dependencies]. Details - ImportResultOutputID=3d395daba0fa2eddf8e0c7c89595e06c DependenciesID=b0df833ae4b733e31cd237a7d08d3abd StaticDependenciesID=9ef37e56694aec9a6fdf1137bed20fa8 
Number of updated asset objects reloaded before import = 0
Number of asset objects unloaded after import = 127
========================================================================
Received Prepare
AcceleratorClientConnectionCallback - disconnected - :0
Unloading 22 Unused Serialized files (Serialized files now loaded: 0)
Unloading 26 unused Assets / (2.6 MB). Loaded Objects now: 7679.
Memory consumption went from 390.2 MB to 387.6 MB.
Total: 13.727800 ms (FindLiveObjects: 0.330700 ms CreateObjectMapping: 0.820200 ms MarkObjects: 12.226700 ms  DeleteObjects: 0.349200 ms)

Prepare: number of updated asset objects reloaded= 0
========================================================================
Received Prepare
AcceleratorClientConnectionCallback - disconnected - :0
Unloading 22 Unused Serialized files (Serialized files now loaded: 0)
Unloading 22 unused Assets / (2.6 MB). Loaded Objects now: 7679.
Memory consumption went from 393.6 MB to 391.0 MB.
Total: 12.873700 ms (FindLiveObjects: 0.355700 ms CreateObjectMapping: 0.686300 ms MarkObjects: 11.425500 ms  DeleteObjects: 0.405200 ms)

Prepare: number of updated asset objects reloaded= 0
========================================================================
Received Import Request.
  Time of request: 2026-09-13T22:34:41.2413991Z
  Time since last request: 117.5511743 seconds.
  importAddress: GUID: a7af5c37c7020084280a9fdb5f803bb8 - Path: Assets/Prefabs/StoragePrefabs/StashItemButton.prefab - Importer: PreviewImporter
Importing 'GUID: a7af5c37c7020084280a9fdb5f803bb8 - Path: Assets/Prefabs/StoragePrefabs/StashItemButton.prefab - Importer: PreviewImporter' with importer (PreviewImporter)
Imported 'GUID: a7af5c37c7020084280a9fdb5f803bb8' -> (Import Result ID: 'fc4f1a29e977801b723dbbeb032571ad') in 0.010 seconds [static and dynamic dependencies]. Details - ImportResultOutputID=6feb3bd6bccdd0d31c892d0d6ddf4521 DependenciesID=a4178575e3be0a67844fe0faf6489bdd StaticDependenciesID=99096177f1ff9dfc68891bd66322bde3 
Number of updated asset objects reloaded before import = 0
Number of asset objects unloaded after import = 19
========================================================================
Received Prepare
AcceleratorClientConnectionCallback - disconnected - :0
[Licensing::Client] Successfully resolved entitlement details
Begin MonoManager ReloadAssembly
Native extension for WindowsStandalone target not found
[Package Manager] Failed to launch server process. Reason: Unity was launched with the -noUpm command-line argument
[Package Manager] Unable to send message (not connected to server process).
[Package Manager] Cannot connect to Unity Package Manager local server
[Package Manager] Failed to launch server process. Reason: Unity was launched with the -noUpm command-line argument
[Package Manager] Unable to send message (not connected to server process).
[Package Manager] Cannot connect to Unity Package Manager local server
System.Exception: Error! Visual Scripting: couldn't find visual scripting package
  at Unity.VisualScripting.PackageVersionUtility.get_version () [0x00043] in .\Library\PackageCache\com.unity.visualscripting@4edfcc09512f\Editor\VisualScripting.Core\Utilities\PackageVersionUtility.cs:31 
  at Unity.VisualScripting.BoltCoreManifest.get_version () [0x00000] in .\Library\PackageCache\com.unity.visualscripting@4edfcc09512f\Editor\VisualScripting.Core\Plugin\BoltCoreManifest.cs:11 
  at Unity.VisualScripting.PluginManifest.get_currentVersion () [0x00000] in .\Library\PackageCache\com.unity.visualscripting@4edfcc09512f\Editor\VisualScripting.Core\Plugins\PluginManifest.cs:33 
  at Unity.VisualScripting.PluginManifest.get_versionMismatch () [0x00000] in .\Library\PackageCache\com.unity.visualscripting@4edfcc09512f\Editor\VisualScripting.Core\Plugins\PluginManifest.cs:48 
  at Unity.VisualScripting.PluginContainer.Initialize () [0x00525] in .\Library\PackageCache\com.unity.visualscripting@4edfcc09512f\Editor\VisualScripting.Core\Plugins\PluginContainer.cs:208 
  at Unity.VisualScripting.PluginContainer.InitializeOnLoad () [0x00009] in .\Library\PackageCache\com.unity.visualscripting@4edfcc09512f\Editor\VisualScripting.Core\Plugins\PluginContainer.cs:32 
  at Unity.VisualScripting.VSUsageUtility.DoInitializeOnLoadCalls () [0x00034] in .\Library\PackageCache\com.unity.visualscripting@4edfcc09512f\Editor\VisualScripting.Core\Utilities\VSUsageUtility.cs:76 
  at Unity.VisualScripting.VSUsageUtility.set_isVisualScriptingUsed (System.Boolean value) [0x0002c] in .\Library\PackageCache\com.unity.visualscripting@4edfcc09512f\Editor\VisualScripting.Core\Utilities\VSUsageUtility.cs:114 
  at Unity.VisualScripting.VSUsageUtility.CheckAndSetIsVisualScriptingUsed () [0x0000d] in .\Library\PackageCache\com.unity.visualscripting@4edfcc09512f\Editor\VisualScripting.Core\Utilities\VSUsageUtility.cs:33 
  at Unity.VisualScripting.VSUsageUtility..cctor () [0x00000] in .\Library\PackageCache\com.unity.visualscripting@4edfcc09512f\Editor\VisualScripting.Core\Utilities\VSUsageUtility.cs:22 
UnityEngine.Debug:ExtractStackTraceNoAlloc (byte*,int,string)
UnityEngine.StackTraceUtility:ExtractStackTrace ()
UnityEngine.DebugLogHandler:Internal_Log (UnityEngine.LogType,UnityEngine.LogOption,string,UnityEngine.Object)
UnityEngine.DebugLogHandler:LogFormat (UnityEngine.LogType,UnityEngine.Object,string,object[])
UnityEngine.Logger:Log (UnityEngine.LogType,object)
UnityEngine.Debug:LogError (object)
UnityEditor.EditorAssemblies:ProcessInitializeOnLoadAttributes (System.ReadOnlySpan`1<intptr>)

ScheduleIndexationOnStartup MainProcess:False IndexOnStartup:True
Mono: successfully reloaded assembly
- Finished resetting the current domain, in  1.053 seconds
Domain Reload Profiling: 1841ms
	BeginReloadAssembly (246ms)
		DisableScriptedObjects (23ms)
		CreateAndSetChildDomain (71ms)
	RebuildCommonClasses (7ms)
	RebuildNativeTypeToScriptingClass (11ms)
	initialDomainReloadingComplete (53ms)
	LoadAllAssembliesAndSetupDomain (469ms)
		LoadAssemblies (301ms)
		AnalyzeDomain (166ms)
			TypeCache.Refresh (11ms)
			BuildScriptInfoCaches (148ms)
			ResolveRequiredComponents (4ms)
	FinalizeReload (1054ms)
		SetupLoadedEditorAssemblies (0ms)
			BeforeProcessingInitializeOnLoad (71ms)
			ProcessInitializeOnLoadAttributes (432ms)
			ProcessInitializeOnLoadMethodAttributes (93ms)
			AfterProcessingInitializeOnLoad (4ms)
		AwakeInstancesAfterBackupRestoration (15ms)
Unloading 22 Unused Serialized files (Serialized files now loaded: 0)
Unloading 6659 unused Assets / (5.2 MB). Loaded Objects now: 7592.
Memory consumption went from 388.9 MB to 383.7 MB.
Total: 13.487800 ms (FindLiveObjects: 0.485500 ms CreateObjectMapping: 2.029900 ms MarkObjects: 9.493800 ms  DeleteObjects: 1.477300 ms)

Prepare: number of updated asset objects reloaded= 0
========================================================================
Received Prepare
AcceleratorClientConnectionCallback - disconnected - :0
Unloading 22 Unused Serialized files (Serialized files now loaded: 0)
Unloading 6647 unused Assets / (5.2 MB). Loaded Objects now: 7592.
Memory consumption went from 392.2 MB to 387.1 MB.
Total: 16.647400 ms (FindLiveObjects: 0.618800 ms CreateObjectMapping: 1.701400 ms MarkObjects: 11.743900 ms  DeleteObjects: 2.581900 ms)

Prepare: number of updated asset objects reloaded= 0
========================================================================
Received Import Request.
  Time of request: 2026-09-13T22:52:01.935165Z
  Time since last request: 1040.67583620000005 seconds.
  importAddress: GUID: 0189909ffb841f04db5e005272d7c800 - Path: Assets/Prefabs/StoragePrefabs/StashCanvas.prefab - Importer: PreviewImporter
Importing 'GUID: 0189909ffb841f04db5e005272d7c800 - Path: Assets/Prefabs/StoragePrefabs/StashCanvas.prefab - Importer: PreviewImporter' with importer (PreviewImporter)
Imported 'GUID: 0189909ffb841f04db5e005272d7c800' -> (Import Result ID: '0a2458327b944ec6f5a86040630209e9') in 0.390 seconds [static and dynamic dependencies]. Details - ImportResultOutputID=3d395daba0fa2eddf8e0c7c89595e06c DependenciesID=a85d73d5286b0e6725847baeae29eabe StaticDependenciesID=08107c04552c2703824721c2c7a77bbe 
Number of updated asset objects reloaded before import = 0
Number of asset objects unloaded after import = 119
========================================================================
Received Prepare
AcceleratorClientConnectionCallback - disconnected - :0
[Licensing::Client] Successfully resolved entitlement details
Begin MonoManager ReloadAssembly
Native extension for WindowsStandalone target not found
[Package Manager] Failed to launch server process. Reason: Unity was launched with the -noUpm command-line argument
[Package Manager] Unable to send message (not connected to server process).
[Package Manager] Cannot connect to Unity Package Manager local server
[Package Manager] Failed to launch server process. Reason: Unity was launched with the -noUpm command-line argument
[Package Manager] Unable to send message (not connected to server process).
[Package Manager] Cannot connect to Unity Package Manager local server
System.Exception: Error! Visual Scripting: couldn't find visual scripting package
  at Unity.VisualScripting.PackageVersionUtility.get_version () [0x00043] in .\Library\PackageCache\com.unity.visualscripting@4edfcc09512f\Editor\VisualScripting.Core\Utilities\PackageVersionUtility.cs:31 
  at Unity.VisualScripting.BoltCoreManifest.get_version () [0x00000] in .\Library\PackageCache\com.unity.visualscripting@4edfcc09512f\Editor\VisualScripting.Core\Plugin\BoltCoreManifest.cs:11 
  at Unity.VisualScripting.PluginManifest.get_currentVersion () [0x00000] in .\Library\PackageCache\com.unity.visualscripting@4edfcc09512f\Editor\VisualScripting.Core\Plugins\PluginManifest.cs:33 
  at Unity.VisualScripting.PluginManifest.get_versionMismatch () [0x00000] in .\Library\PackageCache\com.unity.visualscripting@4edfcc09512f\Editor\VisualScripting.Core\Plugins\PluginManifest.cs:48 
  at Unity.VisualScripting.PluginContainer.Initialize () [0x00525] in .\Library\PackageCache\com.unity.visualscripting@4edfcc09512f\Editor\VisualScripting.Core\Plugins\PluginContainer.cs:208 
  at Unity.VisualScripting.PluginContainer.InitializeOnLoad () [0x00009] in .\Library\PackageCache\com.unity.visualscripting@4edfcc09512f\Editor\VisualScripting.Core\Plugins\PluginContainer.cs:32 
  at Unity.VisualScripting.VSUsageUtility.DoInitializeOnLoadCalls () [0x00034] in .\Library\PackageCache\com.unity.visualscripting@4edfcc09512f\Editor\VisualScripting.Core\Utilities\VSUsageUtility.cs:76 
  at Unity.VisualScripting.VSUsageUtility.set_isVisualScriptingUsed (System.Boolean value) [0x0002c] in .\Library\PackageCache\com.unity.visualscripting@4edfcc09512f\Editor\VisualScripting.Core\Utilities\VSUsageUtility.cs:114 
  at Unity.VisualScripting.VSUsageUtility.CheckAndSetIsVisualScriptingUsed () [0x0000d] in .\Library\PackageCache\com.unity.visualscripting@4edfcc09512f\Editor\VisualScripting.Core\Utilities\VSUsageUtility.cs:33 
  at Unity.VisualScripting.VSUsageUtility..cctor () [0x00000] in .\Library\PackageCache\com.unity.visualscripting@4edfcc09512f\Editor\VisualScripting.Core\Utilities\VSUsageUtility.cs:22 
UnityEngine.Debug:ExtractStackTraceNoAlloc (byte*,int,string)
UnityEngine.StackTraceUtility:ExtractStackTrace ()
UnityEngine.DebugLogHandler:Internal_Log (UnityEngine.LogType,UnityEngine.LogOption,string,UnityEngine.Object)
UnityEngine.DebugLogHandler:LogFormat (UnityEngine.LogType,UnityEngine.Object,string,object[])
UnityEngine.Logger:Log (UnityEngine.LogType,object)
UnityEngine.Debug:LogError (object)
UnityEditor.EditorAssemblies:ProcessInitializeOnLoadAttributes (System.ReadOnlySpan`1<intptr>)

ScheduleIndexationOnStartup MainProcess:False IndexOnStartup:True
Mono: successfully reloaded assembly
- Finished resetting the current domain, in  1.063 seconds
Domain Reload Profiling: 1742ms
	BeginReloadAssembly (204ms)
		DisableScriptedObjects (18ms)
		CreateAndSetChildDomain (53ms)
	RebuildCommonClasses (7ms)
	RebuildNativeTypeToScriptingClass (12ms)
	initialDomainReloadingComplete (47ms)
	LoadAllAssembliesAndSetupDomain (409ms)
		LoadAssemblies (251ms)
		AnalyzeDomain (149ms)
			TypeCache.Refresh (8ms)
			BuildScriptInfoCaches (135ms)
			ResolveRequiredComponents (4ms)
	FinalizeReload (1064ms)
		SetupLoadedEditorAssemblies (0ms)
			BeforeProcessingInitializeOnLoad (68ms)
			ProcessInitializeOnLoadAttributes (459ms)
			ProcessInitializeOnLoadMethodAttributes (90ms)
			AfterProcessingInitializeOnLoad (4ms)
		AwakeInstancesAfterBackupRestoration (14ms)
Unloading 22 Unused Serialized files (Serialized files now loaded: 0)
Unloading 6662 unused Assets / (5.9 MB). Loaded Objects now: 7616.
Memory consumption went from 407.5 MB to 401.6 MB.
Total: 13.521800 ms (FindLiveObjects: 0.565100 ms CreateObjectMapping: 1.586200 ms MarkObjects: 9.295700 ms  DeleteObjects: 2.074000 ms)

Prepare: number of updated asset objects reloaded= 0
========================================================================
Received Prepare
AcceleratorClientConnectionCallback - disconnected - :0
[Licensing::Client] Successfully resolved entitlement details
Begin MonoManager ReloadAssembly
Native extension for WindowsStandalone target not found
[Package Manager] Failed to launch server process. Reason: Unity was launched with the -noUpm command-line argument
[Package Manager] Unable to send message (not connected to server process).
[Package Manager] Cannot connect to Unity Package Manager local server
[Package Manager] Failed to launch server process. Reason: Unity was launched with the -noUpm command-line argument
[Package Manager] Unable to send message (not connected to server process).
[Package Manager] Cannot connect to Unity Package Manager local server
System.Exception: Error! Visual Scripting: couldn't find visual scripting package
  at Unity.VisualScripting.PackageVersionUtility.get_version () [0x00043] in .\Library\PackageCache\com.unity.visualscripting@4edfcc09512f\Editor\VisualScripting.Core\Utilities\PackageVersionUtility.cs:31 
  at Unity.VisualScripting.BoltCoreManifest.get_version () [0x00000] in .\Library\PackageCache\com.unity.visualscripting@4edfcc09512f\Editor\VisualScripting.Core\Plugin\BoltCoreManifest.cs:11 
  at Unity.VisualScripting.PluginManifest.get_currentVersion () [0x00000] in .\Library\PackageCache\com.unity.visualscripting@4edfcc09512f\Editor\VisualScripting.Core\Plugins\PluginManifest.cs:33 
  at Unity.VisualScripting.PluginManifest.get_versionMismatch () [0x00000] in .\Library\PackageCache\com.unity.visualscripting@4edfcc09512f\Editor\VisualScripting.Core\Plugins\PluginManifest.cs:48 
  at Unity.VisualScripting.PluginContainer.Initialize () [0x00525] in .\Library\PackageCache\com.unity.visualscripting@4edfcc09512f\Editor\VisualScripting.Core\Plugins\PluginContainer.cs:208 
  at Unity.VisualScripting.PluginContainer.InitializeOnLoad () [0x00009] in .\Library\PackageCache\com.unity.visualscripting@4edfcc09512f\Editor\VisualScripting.Core\Plugins\PluginContainer.cs:32 
  at Unity.VisualScripting.VSUsageUtility.DoInitializeOnLoadCalls () [0x00034] in .\Library\PackageCache\com.unity.visualscripting@4edfcc09512f\Editor\VisualScripting.Core\Utilities\VSUsageUtility.cs:76 
  at Unity.VisualScripting.VSUsageUtility.set_isVisualScriptingUsed (System.Boolean value) [0x0002c] in .\Library\PackageCache\com.unity.visualscripting@4edfcc09512f\Editor\VisualScripting.Core\Utilities\VSUsageUtility.cs:114 
  at Unity.VisualScripting.VSUsageUtility.CheckAndSetIsVisualScriptingUsed () [0x0000d] in .\Library\PackageCache\com.unity.visualscripting@4edfcc09512f\Editor\VisualScripting.Core\Utilities\VSUsageUtility.cs:33 
  at Unity.VisualScripting.VSUsageUtility..cctor () [0x00000] in .\Library\PackageCache\com.unity.visualscripting@4edfcc09512f\Editor\VisualScripting.Core\Utilities\VSUsageUtility.cs:22 
UnityEngine.Debug:ExtractStackTraceNoAlloc (byte*,int,string)
UnityEngine.StackTraceUtility:ExtractStackTrace ()
UnityEngine.DebugLogHandler:Internal_Log (UnityEngine.LogType,UnityEngine.LogOption,string,UnityEngine.Object)
UnityEngine.DebugLogHandler:LogFormat (UnityEngine.LogType,UnityEngine.Object,string,object[])
UnityEngine.Logger:Log (UnityEngine.LogType,object)
UnityEngine.Debug:LogError (object)
UnityEditor.EditorAssemblies:ProcessInitializeOnLoadAttributes (System.ReadOnlySpan`1<intptr>)

ScheduleIndexationOnStartup MainProcess:False IndexOnStartup:True
Mono: successfully reloaded assembly
- Finished resetting the current domain, in  1.027 seconds
Domain Reload Profiling: 1707ms
	BeginReloadAssembly (199ms)
		DisableScriptedObjects (8ms)
		CreateAndSetChildDomain (53ms)
	RebuildCommonClasses (7ms)
	RebuildNativeTypeToScriptingClass (12ms)
	initialDomainReloadingComplete (49ms)
	LoadAllAssembliesAndSetupDomain (413ms)
		LoadAssemblies (257ms)
		AnalyzeDomain (151ms)
			TypeCache.Refresh (9ms)
			BuildScriptInfoCaches (137ms)
			ResolveRequiredComponents (4ms)
	FinalizeReload (1027ms)
		SetupLoadedEditorAssemblies (0ms)
			BeforeProcessingInitializeOnLoad (66ms)
			ProcessInitializeOnLoadAttributes (430ms)
			ProcessInitializeOnLoadMethodAttributes (95ms)
			AfterProcessingInitializeOnLoad (4ms)
		AwakeInstancesAfterBackupRestoration (15ms)
Unloading 22 Unused Serialized files (Serialized files now loaded: 0)
Unloading 6658 unused Assets / (5.1 MB). Loaded Objects now: 7620.
Memory consumption went from 410.8 MB to 405.7 MB.
Total: 15.318600 ms (FindLiveObjects: 0.520000 ms CreateObjectMapping: 2.188400 ms MarkObjects: 11.046700 ms  DeleteObjects: 1.562000 ms)

Prepare: number of updated asset objects reloaded= 0
========================================================================
Received Import Request.
  Time of request: 2026-09-13T23:00:33.379884Z
  Time since last request: 511.04441300000002 seconds.
  importAddress: GUID: 0189909ffb841f04db5e005272d7c800 - Path: Assets/Prefabs/StoragePrefabs/StashCanvas.prefab - Importer: PreviewImporter
Importing 'GUID: 0189909ffb841f04db5e005272d7c800 - Path: Assets/Prefabs/StoragePrefabs/StashCanvas.prefab - Importer: PreviewImporter' with importer (PreviewImporter)
Imported 'GUID: 0189909ffb841f04db5e005272d7c800' -> (Import Result ID: 'e5f64fd229c94ff49a21620d223d865d') in 0.335 seconds [static and dynamic dependencies]. Details - ImportResultOutputID=3d395daba0fa2eddf8e0c7c89595e06c DependenciesID=5a55f174ab1e2bde10c27ef57c1a64b5 StaticDependenciesID=08107c04552c2703824721c2c7a77bbe 
Number of updated asset objects reloaded before import = 0
Number of asset objects unloaded after import = 119
========================================================================
Received Import Request.
  Time of request: 2026-09-13T23:05:36.0679997Z
  Time since last request: 302.34341480000001 seconds.
  importAddress: GUID: f952c082cb03451daed3ee968ac6c63e - Path: Assets/TextMesh Pro/Resources/Style Sheets/Default Style Sheet.asset - Importer: PreviewImporter
Importing 'GUID: f952c082cb03451daed3ee968ac6c63e - Path: Assets/TextMesh Pro/Resources/Style Sheets/Default Style Sheet.asset - Importer: PreviewImporter' with importer (PreviewImporter)
Imported 'GUID: f952c082cb03451daed3ee968ac6c63e' -> (Import Result ID: '71a0430e0060252accdf793715ee874a') in 0.013 seconds [static and dynamic dependencies]. Details - ImportResultOutputID=cf898bea66ddda81785c3fb1118416dc DependenciesID=8f0680b44b70825d392a67a75c3bcf56 StaticDependenciesID=a07a156cfda378de7f537a0c71c34966 
Number of updated asset objects reloaded before import = 0
Number of asset objects unloaded after import = 1
========================================================================
Received Import Request.
  Time of request: 2026-09-13T23:05:36.0934458Z
  Time since last request: 0.0007988 seconds.
  importAddress: GUID: 662f62281ef22ea40b88d79f4ca8d33d - Path: Assets/Audio/Footsteps 6.mp3 - Importer: PreviewImporter
Importing 'GUID: 662f62281ef22ea40b88d79f4ca8d33d - Path: Assets/Audio/Footsteps 6.mp3 - Importer: PreviewImporter' with importer (PreviewImporter)
Imported 'GUID: 662f62281ef22ea40b88d79f4ca8d33d' -> (Import Result ID: 'b39df26a2227fc718cd5a3c68f9ebc2a') in 0.044 seconds [static and dynamic dependencies]. Details - ImportResultOutputID=afc67db4fd028cd9cd5cfee8d7ca70ba DependenciesID=8665e7340990146d760fb9e772d91669 StaticDependenciesID=6cc19ababf3efc43f3470c38480903ec 
Number of updated asset objects reloaded before import = 0
Number of asset objects unloaded after import = 2
========================================================================
Received Import Request.
  Time of request: 2026-09-13T23:05:36.1488218Z
  Time since last request: 0.0000315 seconds.
  importAddress: GUID: 1dcd1b5d2397f5642933a18982633330 - Path: Assets/Audio/Footsteps 8.mp3 - Importer: PreviewImporter
Importing 'GUID: 1dcd1b5d2397f5642933a18982633330 - Path: Assets/Audio/Footsteps 8.mp3 - Importer: PreviewImporter' with importer (PreviewImporter)
Imported 'GUID: 1dcd1b5d2397f5642933a18982633330' -> (Import Result ID: '04363d387a48234155f117cf8f37a51a') in 0.016 seconds [static and dynamic dependencies]. Details - ImportResultOutputID=a18b77aa492b19c0cfef5cfc188c602f DependenciesID=631c5e20c0852653834d10a0498dd3e8 StaticDependenciesID=9ede3a4844b128afef36a007325d2873 
Number of updated asset objects reloaded before import = 0
Number of asset objects unloaded after import = 2
========================================================================
Received Import Request.
  Time of request: 2026-09-13T23:05:36.1738422Z
  Time since last request: 0.0008203 seconds.
  importAddress: GUID: 8df4a6b4d6fedd34c8bd1f5ea2f37ce8 - Path: Assets/Audio/Footsteps 9.mp3 - Importer: PreviewImporter
Importing 'GUID: 8df4a6b4d6fedd34c8bd1f5ea2f37ce8 - Path: Assets/Audio/Footsteps 9.mp3 - Importer: PreviewImporter' with importer (PreviewImporter)
Imported 'GUID: 8df4a6b4d6fedd34c8bd1f5ea2f37ce8' -> (Import Result ID: 'bcc48ed00f935159b1b256eed3115282') in 0.007 seconds [static and dynamic dependencies]. Details - ImportResultOutputID=79c3b31761fd51ff257609341e087864 DependenciesID=7f63db1cb25b7d422942f6823131c7c2 StaticDependenciesID=8ffd8f7752f1b6e778a8c23402214201 
Number of updated asset objects reloaded before import = 0
Number of asset objects unloaded after import = 2
========================================================================
Received Import Request.
  Time of request: 2026-09-13T23:05:36.1917927Z
  Time since last request: 0.0009178 seconds.
  importAddress: GUID: a33a31bae2b81734b8556698c0940fe3 - Path: Assets/Audio/Footsteps 7.mp3 - Importer: PreviewImporter
Importing 'GUID: a33a31bae2b81734b8556698c0940fe3 - Path: Assets/Audio/Footsteps 7.mp3 - Importer: PreviewImporter' with importer (PreviewImporter)
Imported 'GUID: a33a31bae2b81734b8556698c0940fe3' -> (Import Result ID: '3edc6656ef0908efc659326074122c9c') in 0.007 seconds [static and dynamic dependencies]. Details - ImportResultOutputID=0b2886a65695fe2c85da48425b5bcced DependenciesID=42b1d8534339ffe19e21ed2d7be8b989 StaticDependenciesID=56b698384347dffabd5c44f6b19fa222 
Number of updated asset objects reloaded before import = 0
Number of asset objects unloaded after import = 2
========================================================================
Received Import Request.
  Time of request: 2026-09-13T23:05:36.208687Z
  Time since last request: 0.0008226 seconds.
  importAddress: GUID: 446230bfc35e3ee48a547f8df01f171d - Path: Assets/Audio/Footsteps 5.mp3 - Importer: PreviewImporter
Importing 'GUID: 446230bfc35e3ee48a547f8df01f171d - Path: Assets/Audio/Footsteps 5.mp3 - Importer: PreviewImporter' with importer (PreviewImporter)
Imported 'GUID: 446230bfc35e3ee48a547f8df01f171d' -> (Import Result ID: '36f9410c64dbfb202d5873051405e885') in 0.008 seconds [static and dynamic dependencies]. Details - ImportResultOutputID=642dd0923815d091d9701c25df536452 DependenciesID=bf8a3f906aa091f28f35b03291a7d2e6 StaticDependenciesID=726295495eb44aef77bbdedf9a3cffea 
Number of updated asset objects reloaded before import = 0
Number of asset objects unloaded after import = 2
========================================================================
Received Prepare
AcceleratorClientConnectionCallback - disconnected - :0
Unloading 22 Unused Serialized files (Serialized files now loaded: 0)
Unloading 26 unused Assets / (2.6 MB). Loaded Objects now: 7733.
Memory consumption went from 411.0 MB to 408.4 MB.
Total: 15.798700 ms (FindLiveObjects: 0.355200 ms CreateObjectMapping: 0.698400 ms MarkObjects: 14.232800 ms  DeleteObjects: 0.510700 ms)

Prepare: number of updated asset objects reloaded= 0
========================================================================
Received Import Request.
  Time of request: 2026-09-13T23:06:10.3672405Z
  Time since last request: 34.1417177 seconds.
  importAddress: GUID: a7af5c37c7020084280a9fdb5f803bb8 - Path: Assets/Prefabs/StoragePrefabs/StashItemButton.prefab - Importer: PreviewImporter
Importing 'GUID: a7af5c37c7020084280a9fdb5f803bb8 - Path: Assets/Prefabs/StoragePrefabs/StashItemButton.prefab - Importer: PreviewImporter' with importer (PreviewImporter)
Imported 'GUID: a7af5c37c7020084280a9fdb5f803bb8' -> (Import Result ID: '90b5e47d50c4448e1b48bfc2c1a13c1d') in 0.011 seconds [static and dynamic dependencies]. Details - ImportResultOutputID=6feb3bd6bccdd0d31c892d0d6ddf4521 DependenciesID=d6a98773e6bef0685b4feb4a92cf7265 StaticDependenciesID=e64f7e3e1357f515c0111759ad3828f5 
Number of updated asset objects reloaded before import = 0
Number of asset objects unloaded after import = 19
========================================================================
Received Import Request.
  Time of request: 2026-09-13T23:06:17.103359Z
  Time since last request: 6.7153835 seconds.
  importAddress: GUID: a7af5c37c7020084280a9fdb5f803bb8 - Path: Assets/Prefabs/StoragePrefabs/StashItemButton.prefab - Importer: PreviewImporter
Importing 'GUID: a7af5c37c7020084280a9fdb5f803bb8 - Path: Assets/Prefabs/StoragePrefabs/StashItemButton.prefab - Importer: PreviewImporter' with importer (PreviewImporter)
Imported 'GUID: a7af5c37c7020084280a9fdb5f803bb8' -> (Import Result ID: '31a2f83132cc6c882d5bd15d6e35eb57') in 0.012 seconds [static and dynamic dependencies]. Details - ImportResultOutputID=6feb3bd6bccdd0d31c892d0d6ddf4521 DependenciesID=47b44816f7ea3dec11dcc4b9913244b9 StaticDependenciesID=c56c6cdadedad831022b780558f80af8 
Number of updated asset objects reloaded before import = 0
Number of asset objects unloaded after import = 19
========================================================================
Received Prepare
AcceleratorClientConnectionCallback - disconnected - :0
Refreshing native plugins compatible for Editor in 2.00 ms, found 4 plugins.
Unloading 22 Unused Serialized files (Serialized files now loaded: 0)
Unloading 23 unused Assets / (2.6 MB). Loaded Objects now: 7733.
Memory consumption went from 411.0 MB to 408.4 MB.
Total: 14.434900 ms (FindLiveObjects: 0.402700 ms CreateObjectMapping: 1.133800 ms MarkObjects: 12.601400 ms  DeleteObjects: 0.295400 ms)

Prepare: number of updated asset objects reloaded= 0
Editor requested this worker to shutdown with reason: Editor is closing down
AcceleratorClientConnectionCallback - disconnected - :0
AssetImportWorker is now disconnected from the server
Process exiting
Exiting without the bug reporter. Application will terminate with return code 0