[Licensing::Module] Trying to connect to existing licensing client channel...
[Licensing::IpcConnector] Successfully connected to: "LicenseClient-gamer" at "2026-09-14T00:30:38.9082505Z"
Built from '6000.5/staging' branch; Version is '6000.5.7f1 (017862109af0) revision 96354'; Using compiler version '194234433'; Build Type 'Release'
OS: 'Windows 11  (10.0.26200) Core' Language: 'en' Physical Memory: 32468 MB
BatchMode: 0, IsHumanControllingUs: 1, StartBugReporterOnCrash: 1, Is64bit: 1
System  architecture: x64
Process architecture: x64
Date: 2026-09-14T00:30:38Z
[Licensing::Client] Error: HandshakeResponse reported an error:
	ResponseCode: 505
	ResponseStatus: Unsupported protocol version '1.18.1'.
[Licensing::Module] Error: Failed to handshake to channel: "LicenseClient-gamer"
[Licensing::IpcConnector] LicenseClient-gamer channel disconnected successfully.
[Licensing::IpcConnector] Channel LicenseClient-gamer-6000.5.7 doesn't exist
[Licensing::Module] Successfully launched the LicensingClient (PId: 41756)

COMMAND LINE ARGUMENTS:
C:\Program Files\Unity\Hub\Editor\6000.5.7f1\Editor\Unity.exe
-projectpath
C:\Dev2026\FPS---GDB---08-26\Unity Prototype
-acceptSoftwareTermsForThisRunOnly
-useHub
-hubIPC
-cloudEnvironment
production
-licensingIpc
LicenseClient-gamer
-hubSessionId
361ed5c6-48cd-4e49-9b4e-b6f61a8cf0d5
-accessToken
YxGyNIVKQakeK8GMkIxwlZvpd9eH8zvOW9Llwbj6m7k001f
Successfully changed project path to: C:\Dev2026\FPS---GDB---08-26\Unity Prototype
C:/Dev2026/FPS---GDB---08-26/Unity Prototype
[UnityMemory] Configuration Parameters - Can be set up in boot.config
    "memorysetup-temp-allocator-size-gi-baking-worker=262144"
    "memorysetup-temp-allocator-size-gi-baking-worker=262144"
    "memorysetup-temp-allocator-size-gi-baking-worker=262144"
    "memorysetup-temp-allocator-size-gi-baking-worker=262144"
    "memorysetup-temp-allocator-size-gi-baking-worker=262144"
    "memorysetup-temp-allocator-size-nav-mesh-worker=65536"
    "memorysetup-temp-allocator-size-audio-worker=65536"
    "memorysetup-temp-allocator-size-cloud-worker=32768"
    "memorysetup-temp-allocator-size-gfx=262144"
    "memorysetup-temp-allocator-size-preload-manager=33554432"
    "memorysetup-allocator-temp-initial-block-size-main=262144"
    "memorysetup-allocator-temp-initial-block-size-worker=262144"
    "memorysetup-temp-allocator-size-job-worker=262144"
    "memorysetup-temp-allocator-size-background-worker=32768"
    "memorysetup-bucket-allocator-granularity=16"
    "memorysetup-bucket-allocator-bucket-count=8"
    "memorysetup-bucket-allocator-block-size=33554432"
    "memorysetup-bucket-allocator-block-count=8"
    "memorysetup-main-allocator-block-size=16777216"
    "memorysetup-thread-allocator-block-size=16777216"
    "memorysetup-main-allocator-mimalloc-enabled=0"
    "memorysetup-gfx-main-allocator-block-size=16777216"
    "memorysetup-gfx-thread-allocator-block-size=16777216"
    "memorysetup-cache-allocator-block-size=4194304"
    "memorysetup-typetree-allocator-block-size=2097152"
    "memorysetup-profiler-bucket-allocator-granularity=16"
    "memorysetup-profiler-bucket-allocator-bucket-count=8"
    "memorysetup-profiler-bucket-allocator-block-size=33554432"
    "memorysetup-profiler-bucket-allocator-block-count=8"
    "memorysetup-profiler-allocator-block-size=16777216"
    "memorysetup-profiler-editor-allocator-block-size=1048576"
    "memorysetup-temp-allocator-size-main=16777216"
    "memorysetup-job-temp-allocator-block-size=2097152"
    "memorysetup-job-temp-allocator-block-size-background=1048576"
    "memorysetup-job-temp-allocator-reduction-small-platforms=262144"
Player connection [21340]  Target information:

Player connection [21340]  * "[IP] 172.20.10.2 [Port] 55504 [Flags] 2 [Guid] 1220960146 [EditorId] 1220960146 [Version] 1048832 [Id] WindowsEditor(7,MSI) [Debug] 1 [PackageName] WindowsEditor [ProjectName] Editor" 

Player connection [21340] Host joined multi-casting on [225.0.0.222:54997]...
Player connection [21340] Host joined alternative multi-casting on [225.0.0.222:34997]...
Input System module state changed to: Initialized.
[Physics::Module] Initialized fallback backend.
[Physics::Module] Id: 0xdecafbad
[Package Manager] Connected to IPC stream "Upm-23820" after 0.4 seconds.
[Licensing::Module] Licensing is not yet initialized.
[Licensing::IpcConnector] Successfully connected to: "LicenseClient-gamer-6000.5.7" at "2026-09-14T00:30:44.9913702Z"
[Licensing::Client] Code 10 while verifying Licensing Client signature (process Id: 41756, path: "C:/Program Files/Unity/Hub/Editor/6000.5.7f1/Editor/Data/Resources/Licensing/Client/Unity.Licensing.Client.exe")
[Licensing::Module] LicensingClient has failed validation; ignoring
[Licensing::Client] Handshaking with LicensingClient:
  Version:                 1.18.1+9fbee8e
  Session Id:              42218cdd2d16455c8a76818a45a57fdf
  Correlation Id:          202a632c80c992f8f4e7cebe09c4f0ab
  External correlation Id: 7221320393417668102
  Machine Id:              RscJ9Mh4kn86LEJKTb5uGFCdoYQ=
[Licensing::Module] Successfully connected to LicensingClient on channel: "LicenseClient-gamer-6000.5.7" (connect: 4.37s, validation: 0.58s, handshake: 0.02s)
[Licensing::IpcConnector] Successfully connected to: "LicenseClient-gamer-6000.5.7-notifications" at "2026-09-14T00:30:45.5923954Z"
[Licensing::Module] Connected to LicensingClient (PId: 41756, launch time: 0.05, total connection time: 4.97s)
[Licensing::Client] Successfully updated the access token
[Licensing::Module] Successfully updated the access token YxGyNIVKQa...
[Licensing::Client] Successfully resolved entitlement details
[Licensing::Module] License group:
  Id: 1375977255319-UnityPersXXXX
  Product: Unity Personal
  Type: Assigned
  Expiration: Unlimited
[Licensing::Client] Successfully updated license, isAsync: True, time: 0.02
[Licensing::Client] Successfully resolved entitlement details
[Licensing::Module] Licensing Background thread has ended after 6.82s
[Licensing::Module] Licensing is initialized (took 4.40s).
[Licensing::Client] Successfully resolved entitlement details
Library Redirect Path: Library/
[Physics::Module] Selected backend.
[Physics::Module] Name: PhysX
[Physics::Module] Id: 0xf2b8ea05
[Physics::Module] SDK Version: 4.1.2
[Physics::Module] Integration Version: 1.0.0
[Physics::Module] Threading Mode: Multi-Threaded
Artifact Garbage Collection - Removed 2 unused hashed content files
Refreshing native plugins compatible for Editor in 3.52 ms, found 0 plugins.
Initialize engine version: 6000.5.7f1 (017862109af0)
[Subsystems] Discovering subsystems at path C:/Program Files/Unity/Hub/Editor/6000.5.7f1/Editor/Data/Resources/UnitySubsystems
[Subsystems] Discovering subsystems at path C:/Dev2026/FPS---GDB---08-26/Unity Prototype/Assets
[D3D12 Device Filter] Vendor Name: Intel
[D3D12 Device Filter] Device Name: Intel(R) UHD Graphics
[D3D12 Device Filter] Driver Version: 32.0.101.6129
[D3D12 Device Filter] Feature Level: 12.1
[D3D12 Device Filter] Graphics Memory: 16234 MB
[D3D12 Device Filter] Processor Count: 32
[D3D12 Device Filter] Device Type: Integrated
[D3D12 Device Filter] D3D12 API denied by user filter: {"Vendor": "Intel", "Device Type:": Integrated}
GfxDevice: creating device client; kGfxThreadingModeThreaded
Direct3D:
    Version:  Direct3D 11.0 [level 11.1]
    Renderer: Intel(R) UHD Graphics (ID=0xa788)
    Vendor:   Intel
    VRAM:     16234 MB
    Driver:   32.0.101.6129
Initialize mono
Mono path[0] = 'C:/Program Files/Unity/Hub/Editor/6000.5.7f1/Editor/Data/Managed'
Mono path[1] = 'C:/Program Files/Unity/Hub/Editor/6000.5.7f1/Editor/Data/BCLExtensions/runtime/netstandard2.1'
Mono path[2] = 'C:/Program Files/Unity/Hub/Editor/6000.5.7f1/Editor/Data/MonoBleedingEdge/lib/mono/unityjit-win32'
Mono config path = 'C:/Program Files/Unity/Hub/Editor/6000.5.7f1/Editor/Data/MonoBleedingEdge/etc'
Using monoOptions --debugger-agent=transport=dt_socket,embedding=1,server=y,suspend=n,address=127.0.0.1:56820
CodeReloadManager initialized
ImportWorker Server TCP listen port: 0
AcceleratorClientConnectionCallback - disconnected - :0
Begin MonoManager ReloadAssembly
Registering precompiled unity dll's ...
Register platform support module: C:/Program Files/Unity/Hub/Editor/6000.5.7f1/Editor/Data/PlaybackEngines/WebGLSupport/UnityEditor.WebGL.Extensions.dll
Register platform support module: C:/Program Files/Unity/Hub/Editor/6000.5.7f1/Editor/Data/PlaybackEngines/WindowsStandaloneSupport/UnityEditor.WindowsStandalone.Extensions.dll
Registered in 0.007428 seconds.
Native extension for WindowsStandalone target not found
Native extension for WebGL target not found
Package Manager log level set to [2]
ScheduleIndexationOnStartup MainProcess:False IndexOnStartup:True
Mono: successfully reloaded assembly
- Finished resetting the current domain, in  1.088 seconds
Domain Reload Profiling: 3421ms
	BeginReloadAssembly (295ms)
		CreateAndSetChildDomain (25ms)
	RebuildCommonClasses (10ms)
	RebuildNativeTypeToScriptingClass (321ms)
	initialDomainReloadingComplete (143ms)
	LoadAllAssembliesAndSetupDomain (1557ms)
		LoadAssemblies (261ms)
		AnalyzeDomain (1419ms)
			TypeCache.Refresh (1416ms)
				TypeCache.ScanAssembly (744ms)
	FinalizeReload (1095ms)
		SetupLoadedEditorAssemblies (0ms)
			InitializePlatformSupportModulesInManaged (6ms)
			BeforeProcessingInitializeOnLoad (210ms)
			ProcessInitializeOnLoadAttributes (200ms)
			ProcessInitializeOnLoadMethodAttributes (526ms)
[Licensing::Client] Successfully resolved entitlement details
Application.AssetDatabase Initial Refresh Start
[Package Manager] Restoring resolved packages state from cache
[Licensing::Client] Successfully resolved entitlement details
[Package Manager] Registered 57 packages:
  Packages from [https://packages.unity.com]:
    com.unity.ai.navigation@2.0.14 (location: C:\Dev2026\FPS---GDB---08-26\Unity Prototype\Library\PackageCache\com.unity.ai.navigation@134dd6a3b97b)
    com.unity.collab-proxy@2.13.5 (location: C:\Dev2026\FPS---GDB---08-26\Unity Prototype\Library\PackageCache\com.unity.collab-proxy@120d77864ebc)
    com.unity.ide.rider@3.0.38 (location: C:\Dev2026\FPS---GDB---08-26\Unity Prototype\Library\PackageCache\com.unity.ide.rider@1f60b3138684)
    com.unity.ide.visualstudio@2.0.27 (location: C:\Dev2026\FPS---GDB---08-26\Unity Prototype\Library\PackageCache\com.unity.ide.visualstudio@dc1ddd4f09b6)
    com.unity.inputsystem@1.20.0 (location: C:\Dev2026\FPS---GDB---08-26\Unity Prototype\Library\PackageCache\com.unity.inputsystem@7a4e1a2a8194)
    com.unity.timeline@1.8.12 (location: C:\Dev2026\FPS---GDB---08-26\Unity Prototype\Library\PackageCache\com.unity.timeline@8cd8509afae5)
    com.unity.visualscripting@1.9.12 (location: C:\Dev2026\FPS---GDB---08-26\Unity Prototype\Library\PackageCache\com.unity.visualscripting@4edfcc09512f)
    com.unity.searcher@4.9.4 (location: C:\Dev2026\FPS---GDB---08-26\Unity Prototype\Library\PackageCache\com.unity.searcher@d45a78918735)
    com.unity.burst@1.8.30 (location: C:\Dev2026\FPS---GDB---08-26\Unity Prototype\Library\PackageCache\com.unity.burst@2f3d916873ea)
    com.unity.nuget.mono-cecil@1.11.6 (location: C:\Dev2026\FPS---GDB---08-26\Unity Prototype\Library\PackageCache\com.unity.nuget.mono-cecil@ecb9724e46ff)
    com.unity.test-framework.performance@3.5.0 (location: C:\Dev2026\FPS---GDB---08-26\Unity Prototype\Library\PackageCache\com.unity.test-framework.performance@8b56083ec0f0)
  Built-in packages:
    com.unity.multiplayer.center@1.0.1 (location: C:\Dev2026\FPS---GDB---08-26\Unity Prototype\Library\PackageCache\com.unity.multiplayer.center@b860850997d0)
    com.unity.render-pipelines.universal@17.5.0 (location: C:\Dev2026\FPS---GDB---08-26\Unity Prototype\Library\PackageCache\com.unity.render-pipelines.universal@73b4c4ff130e)
    com.unity.test-framework@1.7.0 (location: C:\Dev2026\FPS---GDB---08-26\Unity Prototype\Library\PackageCache\com.unity.test-framework@1405238725ab)
    com.unity.ugui@2.5.0 (location: C:\Dev2026\FPS---GDB---08-26\Unity Prototype\Library\PackageCache\com.unity.ugui@67707a67a4ab)
    com.unity.modules.accessibility@1.0.0 (location: C:\Dev2026\FPS---GDB---08-26\Unity Prototype\Library\PackageCache\com.unity.modules.accessibility)
    com.unity.modules.adaptiveperformance@1.0.0 (location: C:\Dev2026\FPS---GDB---08-26\Unity Prototype\Library\PackageCache\com.unity.modules.adaptiveperformance)
    com.unity.modules.ai@1.0.0 (location: C:\Dev2026\FPS---GDB---08-26\Unity Prototype\Library\PackageCache\com.unity.modules.ai)
    com.unity.modules.androidjni@1.0.0 (location: C:\Dev2026\FPS---GDB---08-26\Unity Prototype\Library\PackageCache\com.unity.modules.androidjni)
    com.unity.modules.animation@1.0.0 (location: C:\Dev2026\FPS---GDB---08-26\Unity Prototype\Library\PackageCache\com.unity.modules.animation)
    com.unity.modules.assetbundle@1.0.0 (location: C:\Dev2026\FPS---GDB---08-26\Unity Prototype\Library\PackageCache\com.unity.modules.assetbundle)
    com.unity.modules.audio@1.0.0 (location: C:\Dev2026\FPS---GDB---08-26\Unity Prototype\Library\PackageCache\com.unity.modules.audio)
    com.unity.modules.cloth@1.0.0 (location: C:\Dev2026\FPS---GDB---08-26\Unity Prototype\Library\PackageCache\com.unity.modules.cloth)
    com.unity.modules.director@1.0.0 (location: C:\Dev2026\FPS---GDB---08-26\Unity Prototype\Library\PackageCache\com.unity.modules.director)
    com.unity.modules.imageconversion@1.0.0 (location: C:\Dev2026\FPS---GDB---08-26\Unity Prototype\Library\PackageCache\com.unity.modules.imageconversion)
    com.unity.modules.imgui@1.0.0 (location: C:\Dev2026\FPS---GDB---08-26\Unity Prototype\Library\PackageCache\com.unity.modules.imgui)
    com.unity.modules.jsonserialize@1.0.0 (location: C:\Dev2026\FPS---GDB---08-26\Unity Prototype\Library\PackageCache\com.unity.modules.jsonserialize)
    com.unity.modules.particlesystem@1.0.0 (location: C:\Dev2026\FPS---GDB---08-26\Unity Prototype\Library\PackageCache\com.unity.modules.particlesystem)
    com.unity.modules.physics@1.0.0 (location: C:\Dev2026\FPS---GDB---08-26\Unity Prototype\Library\PackageCache\com.unity.modules.physics)
    com.unity.modules.physics2d@1.0.0 (location: C:\Dev2026\FPS---GDB---08-26\Unity Prototype\Library\PackageCache\com.unity.modules.physics2d)
    com.unity.modules.physicscore2d@1.0.0 (location: C:\Dev2026\FPS---GDB---08-26\Unity Prototype\Library\PackageCache\com.unity.modules.physicscore2d)
    com.unity.modules.screencapture@1.0.0 (location: C:\Dev2026\FPS---GDB---08-26\Unity Prototype\Library\PackageCache\com.unity.modules.screencapture)
    com.unity.modules.terrain@1.0.0 (location: C:\Dev2026\FPS---GDB---08-26\Unity Prototype\Library\PackageCache\com.unity.modules.terrain)
    com.unity.modules.terrainphysics@1.0.0 (location: C:\Dev2026\FPS---GDB---08-26\Unity Prototype\Library\PackageCache\com.unity.modules.terrainphysics)
    com.unity.modules.tilemap@1.0.0 (location: C:\Dev2026\FPS---GDB---08-26\Unity Prototype\Library\PackageCache\com.unity.modules.tilemap)
    com.unity.modules.ui@1.0.0 (location: C:\Dev2026\FPS---GDB---08-26\Unity Prototype\Library\PackageCache\com.unity.modules.ui)
    com.unity.modules.uielements@1.0.0 (location: C:\Dev2026\FPS---GDB---08-26\Unity Prototype\Library\PackageCache\com.unity.modules.uielements)
    com.unity.modules.umbra@1.0.0 (location: C:\Dev2026\FPS---GDB---08-26\Unity Prototype\Library\PackageCache\com.unity.modules.umbra)
    com.unity.modules.unityanalytics@1.0.0 (location: C:\Dev2026\FPS---GDB---08-26\Unity Prototype\Library\PackageCache\com.unity.modules.unityanalytics)
    com.unity.modules.unitywebrequest@1.0.0 (location: C:\Dev2026\FPS---GDB---08-26\Unity Prototype\Library\PackageCache\com.unity.modules.unitywebrequest)
    com.unity.modules.unitywebrequestassetbundle@1.0.0 (location: C:\Dev2026\FPS---GDB---08-26\Unity Prototype\Library\PackageCache\com.unity.modules.unitywebrequestassetbundle)
    com.unity.modules.unitywebrequestaudio@1.0.0 (location: C:\Dev2026\FPS---GDB---08-26\Unity Prototype\Library\PackageCache\com.unity.modules.unitywebrequestaudio)
    com.unity.modules.unitywebrequesttexture@1.0.0 (location: C:\Dev2026\FPS---GDB---08-26\Unity Prototype\Library\PackageCache\com.unity.modules.unitywebrequesttexture)
    com.unity.modules.unitywebrequestwww@1.0.0 (location: C:\Dev2026\FPS---GDB---08-26\Unity Prototype\Library\PackageCache\com.unity.modules.unitywebrequestwww)
    com.unity.modules.vectorgraphics@1.0.0 (location: C:\Dev2026\FPS---GDB---08-26\Unity Prototype\Library\PackageCache\com.unity.modules.vectorgraphics)
    com.unity.modules.vehicles@1.0.0 (location: C:\Dev2026\FPS---GDB---08-26\Unity Prototype\Library\PackageCache\com.unity.modules.vehicles)
    com.unity.modules.video@1.0.0 (location: C:\Dev2026\FPS---GDB---08-26\Unity Prototype\Library\PackageCache\com.unity.modules.video)
    com.unity.modules.wind@1.0.0 (location: C:\Dev2026\FPS---GDB---08-26\Unity Prototype\Library\PackageCache\com.unity.modules.wind)
    com.unity.modules.xr@1.0.0 (location: C:\Dev2026\FPS---GDB---08-26\Unity Prototype\Library\PackageCache\com.unity.modules.xr)
    com.unity.modules.subsystems@1.0.0 (location: C:\Dev2026\FPS---GDB---08-26\Unity Prototype\Library\PackageCache\com.unity.modules.subsystems)
    com.unity.modules.hierarchycore@1.0.0 (location: C:\Dev2026\FPS---GDB---08-26\Unity Prototype\Library\PackageCache\com.unity.modules.hierarchycore)
    com.unity.ext.nunit@2.1.0 (location: C:\Dev2026\FPS---GDB---08-26\Unity Prototype\Library\PackageCache\com.unity.ext.nunit@44f7d31723bd)
    com.unity.render-pipelines.core@17.5.0 (location: C:\Dev2026\FPS---GDB---08-26\Unity Prototype\Library\PackageCache\com.unity.render-pipelines.core@645717f21c5f)
    com.unity.shadergraph@17.5.0 (location: C:\Dev2026\FPS---GDB---08-26\Unity Prototype\Library\PackageCache\com.unity.shadergraph@8d7376ec43ee)
    com.unity.render-pipelines.universal-config@17.5.0 (location: C:\Dev2026\FPS---GDB---08-26\Unity Prototype\Library\PackageCache\com.unity.render-pipelines.universal-config@fdda01c80fe3)
    com.unity.collections@6.5.0 (location: C:\Dev2026\FPS---GDB---08-26\Unity Prototype\Library\PackageCache\com.unity.collections@ec2c217e4cb2)
    com.unity.mathematics@1.4.0 (location: C:\Dev2026\FPS---GDB---08-26\Unity Prototype\Library\PackageCache\com.unity.mathematics@981956d94fb6)
[Subsystems] No new subsystems found in resolved package list.
[Package Manager] Done registering packages in 0.06 seconds
info: Microsoft.Hosting.Lifetime[14]
      Now listening on: http://localhost:80
info: Microsoft.Hosting.Lifetime[0]
      Application started. Press Ctrl+C to shut down.
info: Microsoft.Hosting.Lifetime[0]
      Hosting environment: Production
info: Microsoft.Hosting.Lifetime[0]
      Content root path: C:\Dev2026\FPS---GDB---08-26\Unity Prototype
info: Microsoft.AspNetCore.Hosting.Diagnostics[1]
      Request starting HTTP/2 POST http://ilpp/UnityILPP.PostProcessing/Ping - application/grpc -
info: Microsoft.AspNetCore.Routing.EndpointMiddleware[0]
      Executing endpoint 'gRPC - /UnityILPP.PostProcessing/Ping'
info: Microsoft.AspNetCore.Routing.EndpointMiddleware[1]
      Executed endpoint 'gRPC - /UnityILPP.PostProcessing/Ping'
info: Microsoft.AspNetCore.Hosting.Diagnostics[2]
      Request finished HTTP/2 POST http://ilpp/UnityILPP.PostProcessing/Ping - 200 - application/grpc 29.0455ms
Starting: C:\Program Files\Unity\Hub\Editor\6000.5.7f1\Editor\Data\Tools\BuildPipeline\bee_backend.exe --ipc --defer-dag-verification --dagfile="Library/Bee/1900b0aE.dag" --continue-on-failure --profile="Library/Bee/backend1.traceevents" ScriptAssemblies
WorkingDir: C:/Dev2026/FPS---GDB---08-26/Unity Prototype
info: Microsoft.AspNetCore.Hosting.Diagnostics[1]
      Request starting HTTP/2 POST http://ilpp/UnityILPP.PostProcessing/ConfigurePostProcessors - application/grpc -
info: Microsoft.AspNetCore.Routing.EndpointMiddleware[0]
      Executing endpoint 'gRPC - /UnityILPP.PostProcessing/ConfigurePostProcessors'
warn: Unity.ILPP.Runner.PostProcessingAssemblyLoadContext[0]
      Assembly system.runtime.interopservices.windowsruntime has duplicate hint path. Ignoring "C:\Program Files\Unity\Hub\Editor\6000.5.7f1\Editor\Data\UnityReferenceAssemblies\unity-4.8-api\Facades\System.Runtime.InteropServices.WindowsRuntime.dll" in favor of "C:\Program Files\Unity\Hub\Editor\6000.5.7f1\Editor\Data\NetStandard\Extensions\2.0.0\System.Runtime.InteropServices.WindowsRuntime.dll"
warn: Unity.ILPP.Runner.PostProcessingAssemblyLoadContext[0]
      Assembly system.componentmodel.composition has duplicate hint path. Ignoring "C:\Program Files\Unity\Hub\Editor\6000.5.7f1\Editor\Data\UnityReferenceAssemblies\unity-4.8-api\System.ComponentModel.Composition.dll" in favor of "C:\Program Files\Unity\Hub\Editor\6000.5.7f1\Editor\Data\NetStandard\compat\2.1.0\shims\netfx\System.ComponentModel.Composition.dll"
info: Unity.ILPP.Runner.PostProcessingAssemblyLoadContext[0]
      Resolved Unity.Burst.Cecil, Version=0.11.6.0, Culture=neutral, PublicKeyToken=50cebf1cceb9d05e with Library\PackageCache\com.unity.burst@2f3d916873ea\Unity.Burst.CodeGen\Unity.Burst.Cecil.dll
info: Unity.ILPP.Runner.PostProcessingAssemblyLoadContext[0]
      Resolved Mono.Cecil, Version=0.11.5.0, Culture=neutral, PublicKeyToken=50cebf1cceb9d05e with Library\PackageCache\com.unity.nuget.mono-cecil@ecb9724e46ff\Mono.Cecil.dll
info: Microsoft.AspNetCore.Routing.EndpointMiddleware[1]
      Executed endpoint 'gRPC - /UnityILPP.PostProcessing/ConfigurePostProcessors'
info: Microsoft.AspNetCore.Hosting.Diagnostics[2]
      Request finished HTTP/2 POST http://ilpp/UnityILPP.PostProcessing/ConfigurePostProcessors - 200 - application/grpc 929.2498ms
ExitCode: 0 Duration: 1s585ms
[731/927    1s] ILPP-Configuration Library/ilpp-configuration.nevergeneratedoutput
*** Tundra build success (1.43 seconds), 1 items updated, 927 evaluated
AssetDatabase: script compilation time: 2.595468s
Begin MonoManager ReloadAssembly
Refreshing native plugins compatible for Editor in 7.35 ms, found 4 plugins.
Native extension for WindowsStandalone target not found
Native extension for WebGL target not found
ScheduleIndexationOnStartup MainProcess:True IndexOnStartup:True
Mono: successfully reloaded assembly
- Finished resetting the current domain, in  7.389 seconds
Domain Reload Profiling: 8621ms
	BeginReloadAssembly (403ms)
		DisableScriptedObjects (45ms)
		CreateAndSetChildDomain (153ms)
	RebuildCommonClasses (10ms)
	RebuildNativeTypeToScriptingClass (19ms)
	initialDomainReloadingComplete (73ms)
	LoadAllAssembliesAndSetupDomain (724ms)
		LoadAssemblies (491ms)
		AnalyzeDomain (244ms)
			TypeCache.Refresh (167ms)
				TypeCache.ScanAssembly (156ms)
			BuildScriptInfoCaches (67ms)
			ResolveRequiredComponents (8ms)
	FinalizeReload (7391ms)
		SetupLoadedEditorAssemblies (0ms)
			BeforeProcessingInitializeOnLoad (94ms)
			ProcessInitializeOnLoadAttributes (5966ms)
			ProcessInitializeOnLoadMethodAttributes (215ms)
			AfterProcessingInitializeOnLoad (10ms)
		AwakeInstancesAfterBackupRestoration (52ms)
Importing 'GUID: 1142bbad8b9e8c44c83a9775ff120d37 - Path: Packages/com.unity.render-pipelines.core/Tests/Editor/UnifiedRayTracing/TraceRays.urtshader' with importer (ScriptedImporter : Unity.Rendering.LightTransport.Editor:UnityEditor.Rendering.UnifiedRayTracing:UnifiedRTShaderImporter)
Launched and connected shader compiler UnityShaderCompiler.exe after 0.10 seconds

Compiling Ray Tracing Shader "TraceRays.urtshader", keywords = <no keywords>
    finished in 0.56 seconds. Local cache hits 1, remote cache hits 0, compiled 0 platform variants
Imported 'GUID: 1142bbad8b9e8c44c83a9775ff120d37' -> (Import Result ID: '65ed073c7665be760d996a2f92ebd1f6') in 1.140 seconds [static and dynamic dependencies]. Details - ImportResultOutputID=c0b6907a8caa29428bd9b6a8907440e2 DependenciesID=b5189bdacb80ba43c5e556f6ecf97cbe StaticDependenciesID=b590610e5fcd8a708a4f2de850e8beb3 
Importing 'GUID: d19f4f8a13b6edb48b986a47ec96402e - Path: Packages/com.unity.render-pipelines.core/Runtime/PathTracing/Shaders/LightmapShadowMaskIntegration.urtshader' with importer (ScriptedImporter : Unity.Rendering.LightTransport.Editor:UnityEditor.Rendering.UnifiedRayTracing:UnifiedRTShaderImporter)

Compiling Ray Tracing Shader "LightmapShadowMaskIntegration.urtshader", keywords = <no keywords>
    finished in 0.01 seconds. Local cache hits 1, remote cache hits 0, compiled 0 platform variants
Imported 'GUID: d19f4f8a13b6edb48b986a47ec96402e' -> (Import Result ID: '821fa687225a7ad31c076989360b02da') in 0.393 seconds [static and dynamic dependencies]. Details - ImportResultOutputID=935ba2aa3396fbeb3c40ceb80a6366e1 DependenciesID=b3d5269369c32c70f2826a774552249f StaticDependenciesID=49e323bdcc1546638b13bdfb4cfc68f8 
Importing 'GUID: 737a1597422c12547a8714d76a9406ec - Path: Packages/com.unity.render-pipelines.core/Runtime/PathTracing/Shaders/LightmapGBufferDebug.urtshader' with importer (ScriptedImporter : Unity.Rendering.LightTransport.Editor:UnityEditor.Rendering.UnifiedRayTracing:UnifiedRTShaderImporter)

Compiling Ray Tracing Shader "LightmapGBufferDebug.urtshader", keywords = <no keywords>
    finished in 0.01 seconds. Local cache hits 1, remote cache hits 0, compiled 0 platform variants
Imported 'GUID: 737a1597422c12547a8714d76a9406ec' -> (Import Result ID: 'd501fd240740f67a27d43273788137f5') in 0.056 seconds [static and dynamic dependencies]. Details - ImportResultOutputID=2bf554ef73db792f1d029e95a485e1c9 DependenciesID=f3a4e008b3c9e3d04ab6dd6e318dc6c3 StaticDependenciesID=3f20227e84078b6c645405c46cb8ba27 
Importing 'GUID: f32463968f29423cad25aee15a14b9f1 - Path: Packages/com.unity.render-pipelines.core/Runtime/Lighting/SurfaceCache/PunctualLightSampling.urtshader' with importer (ScriptedImporter : Unity.Rendering.LightTransport.Editor:UnityEditor.Rendering.UnifiedRayTracing:UnifiedRTShaderImporter)

Compiling Ray Tracing Shader "PunctualLightSampling.urtshader", keywords = <no keywords>
    finished in 0.01 seconds. Local cache hits 1, remote cache hits 0, compiled 0 platform variants
Imported 'GUID: f32463968f29423cad25aee15a14b9f1' -> (Import Result ID: '4c388b4be397719d59495dc8a2f0df87') in 0.176 seconds [static and dynamic dependencies]. Details - ImportResultOutputID=16def2db988c6351cb23be446536090a DependenciesID=e2f0ac0da50ed8692d54c0fba27ceedf StaticDependenciesID=4f869afac6e91401aa4f6406345ebaa4 
Importing 'GUID: 1451d029813b192429211be28181beab - Path: Packages/com.unity.render-pipelines.core/Runtime/PathTracing/Shaders/LightmapNormalIntegration.urtshader' with importer (ScriptedImporter : Unity.Rendering.LightTransport.Editor:UnityEditor.Rendering.UnifiedRayTracing:UnifiedRTShaderImporter)

Compiling Ray Tracing Shader "LightmapNormalIntegration.urtshader", keywords = <no keywords>
    finished in 0.01 seconds. Local cache hits 1, remote cache hits 0, compiled 0 platform variants
Imported 'GUID: 1451d029813b192429211be28181beab' -> (Import Result ID: 'e4ec3046c1f9cbce22f7e6a1b4c80cbb') in 0.058 seconds [static and dynamic dependencies]. Details - ImportResultOutputID=96efc4792b2484fd2d784bcd7fd8c201 DependenciesID=5e03acbefd8db05e1a153be82bd46e5d StaticDependenciesID=626f7de18fff1a2955b8662085b4dbf4 
Importing 'GUID: 94a070d33e408384bafc1dea4a565df9 - Path: Packages/com.unity.render-pipelines.core/Editor/Lighting/ProbeVolume/RenderingLayerMask/TraceRenderingLayerMask.urtshader' with importer (ScriptedImporter : Unity.Rendering.LightTransport.Editor:UnityEditor.Rendering.UnifiedRayTracing:UnifiedRTShaderImporter)

Compiling Ray Tracing Shader "TraceRenderingLayerMask.urtshader", keywords = <no keywords>
    finished in 0.01 seconds. Local cache hits 1, remote cache hits 0, compiled 0 platform variants
Imported 'GUID: 94a070d33e408384bafc1dea4a565df9' -> (Import Result ID: '9bd433fde1aa3cf231b4957f8db92b54') in 0.069 seconds [static and dynamic dependencies]. Details - ImportResultOutputID=9d65c2ebca2fe396652b82f4d31b7870 DependenciesID=48850749d28e69fda35b43615371e4b2 StaticDependenciesID=1fb66491edd8b32229e5d2cbc061e2c6 
Importing 'GUID: 94a39d12848d8d64ca962a72b74e7c50 - Path: Packages/com.unity.render-pipelines.core/Runtime/Lighting/SurfaceCache/Estimation.urtshader' with importer (ScriptedImporter : Unity.Rendering.LightTransport.Editor:UnityEditor.Rendering.UnifiedRayTracing:UnifiedRTShaderImporter)

Compiling Ray Tracing Shader "Estimation.urtshader", keywords = <no keywords>
    finished in 0.01 seconds. Local cache hits 1, remote cache hits 0, compiled 0 platform variants
Imported 'GUID: 94a39d12848d8d64ca962a72b74e7c50' -> (Import Result ID: '4fde3aa94c918c86127eb2b47ae6e227') in 0.073 seconds [static and dynamic dependencies]. Details - ImportResultOutputID=82a05842a62f47ab2d3301fa3f16ea71 DependenciesID=6394da1ba28ef362d4b92dc14007cf4e StaticDependenciesID=8d6e14e20b029a55e979a2936b1a7ca7 
Importing 'GUID: 6513c3b892e933c4f8d00c19d5c47532 - Path: Packages/com.unity.render-pipelines.core/Tests/Editor/UnifiedRayTracing/TraceTransparentRays.urtshader' with importer (ScriptedImporter : Unity.Rendering.LightTransport.Editor:UnityEditor.Rendering.UnifiedRayTracing:UnifiedRTShaderImporter)

Compiling Ray Tracing Shader "TraceTransparentRays.urtshader", keywords = <no keywords>
    finished in 0.01 seconds. Local cache hits 1, remote cache hits 0, compiled 0 platform variants
Imported 'GUID: 6513c3b892e933c4f8d00c19d5c47532' -> (Import Result ID: '97c83ed4b7b7f87237a98026202bed2a') in 0.033 seconds [static and dynamic dependencies]. Details - ImportResultOutputID=fc2c36b3a947a88b0bc4d93e9babe854 DependenciesID=cc8038b73b30cd2d8bdfaa49444fa169 StaticDependenciesID=1d53447eb896b42061753339acb6425c 
Importing 'GUID: 7624adbeb148b5c48ab5ab660cc2602a - Path: Packages/com.unity.render-pipelines.core/Runtime/PathTracing/Shaders/LightmapIndirectIntegration.urtshader' with importer (ScriptedImporter : Unity.Rendering.LightTransport.Editor:UnityEditor.Rendering.UnifiedRayTracing:UnifiedRTShaderImporter)

Compiling Ray Tracing Shader "LightmapIndirectIntegration.urtshader", keywords = <no keywords>
    finished in 0.01 seconds. Local cache hits 1, remote cache hits 0, compiled 0 platform variants
Imported 'GUID: 7624adbeb148b5c48ab5ab660cc2602a' -> (Import Result ID: '2fef642c1f5a0e84627376bd338b4608') in 0.050 seconds [static and dynamic dependencies]. Details - ImportResultOutputID=24bfcb8e199b9aa742467172f721a123 DependenciesID=e9327588e7ad0c904cf1144e4ccb0fa0 StaticDependenciesID=dfa7396d5ca1cf2ef064ee30a15c28cb 
Importing 'GUID: e9f4de6d1e07fb94f9a60d35b618f724 - Path: Packages/com.unity.render-pipelines.core/Runtime/PathTracing/Shaders/LightmapGBufferIntegration.urtshader' with importer (ScriptedImporter : Unity.Rendering.LightTransport.Editor:UnityEditor.Rendering.UnifiedRayTracing:UnifiedRTShaderImporter)

Compiling Ray Tracing Shader "LightmapGBufferIntegration.urtshader", keywords = <no keywords>
    finished in 0.01 seconds. Local cache hits 1, remote cache hits 0, compiled 0 platform variants
Imported 'GUID: e9f4de6d1e07fb94f9a60d35b618f724' -> (Import Result ID: 'b6b27dd078c8123330e4a529256189da') in 0.044 seconds [static and dynamic dependencies]. Details - ImportResultOutputID=d52f9bd3a832e0e27ea1bc667275ec2f DependenciesID=252a2ad9148a9accf7de51bcba1e9072 StaticDependenciesID=c1c19c6613f9208e5bdf4763e0c6f025 
Importing 'GUID: 5a2a534753fbdb44e96c3c78b5a6999d - Path: Packages/com.unity.render-pipelines.core/Editor/Lighting/ProbeVolume/DynamicGI/DynamicGISkyOcclusion.urtshader' with importer (ScriptedImporter : Unity.Rendering.LightTransport.Editor:UnityEditor.Rendering.UnifiedRayTracing:UnifiedRTShaderImporter)

Compiling Ray Tracing Shader "DynamicGISkyOcclusion.urtshader", keywords = <no keywords>
    finished in 0.01 seconds. Local cache hits 1, remote cache hits 0, compiled 0 platform variants
Imported 'GUID: 5a2a534753fbdb44e96c3c78b5a6999d' -> (Import Result ID: 'e2a633652ef2d2f2d8d9d4ed7e9cdeb1') in 0.042 seconds [static and dynamic dependencies]. Details - ImportResultOutputID=cd5faf13b971792a7b319b365157f409 DependenciesID=c44d5a5fdbafd7c6eda4a180c7fd1ef4 StaticDependenciesID=9a3cb12acb0dec6d8b8b546f6957ac54 
Importing 'GUID: 5bbebdef5916845478fcef13fa10d89f - Path: Packages/com.unity.render-pipelines.core/Runtime/PathTracing/Shaders/LightmapDirectIntegration.urtshader' with importer (ScriptedImporter : Unity.Rendering.LightTransport.Editor:UnityEditor.Rendering.UnifiedRayTracing:UnifiedRTShaderImporter)

Compiling Ray Tracing Shader "LightmapDirectIntegration.urtshader", keywords = <no keywords>
    finished in 0.01 seconds. Local cache hits 1, remote cache hits 0, compiled 0 platform variants
Imported 'GUID: 5bbebdef5916845478fcef13fa10d89f' -> (Import Result ID: '6609b6387d870bcda90df02c774cd48f') in 0.038 seconds [static and dynamic dependencies]. Details - ImportResultOutputID=1ac6edb6db598bec2f8b3eef7a680acf DependenciesID=7e039d38382ce98a14130bc72cbcc0ff StaticDependenciesID=ab8dfb6112dd9c39408de08a801f1c40 
Importing 'GUID: fbc59f55df2416344b008dc23753cae2 - Path: Packages/com.unity.render-pipelines.core/Tests/Editor/UnifiedRayTracing/TraceRaysAndFetchAttributes.urtshader' with importer (ScriptedImporter : Unity.Rendering.LightTransport.Editor:UnityEditor.Rendering.UnifiedRayTracing:UnifiedRTShaderImporter)

Compiling Ray Tracing Shader "TraceRaysAndFetchAttributes.urtshader", keywords = <no keywords>
    finished in 0.01 seconds. Local cache hits 1, remote cache hits 0, compiled 0 platform variants
Imported 'GUID: fbc59f55df2416344b008dc23753cae2' -> (Import Result ID: 'b55bf9d6d393140edc00cc13b5ad287a') in 0.029 seconds [static and dynamic dependencies]. Details - ImportResultOutputID=74c6d165f2b2c2c4b4016ef550274e3b DependenciesID=d0a3a2fac1b9829d10c7ea78098ef911 StaticDependenciesID=bb4038394feca1bf80603c9ecafaf941 
Importing 'GUID: 1c410815c01ce1d4d82c645c0cd45747 - Path: Packages/com.unity.render-pipelines.core/Runtime/PathTracing/Shaders/LightmapAOIntegration.urtshader' with importer (ScriptedImporter : Unity.Rendering.LightTransport.Editor:UnityEditor.Rendering.UnifiedRayTracing:UnifiedRTShaderImporter)

Compiling Ray Tracing Shader "LightmapAOIntegration.urtshader", keywords = <no keywords>
    finished in 0.01 seconds. Local cache hits 1, remote cache hits 0, compiled 0 platform variants
Imported 'GUID: 1c410815c01ce1d4d82c645c0cd45747' -> (Import Result ID: '779f53c5865e47baebad760012b75217') in 0.055 seconds [static and dynamic dependencies]. Details - ImportResultOutputID=e9fd1cf432492353e175406b2ee8aa33 DependenciesID=8d8a639f9d9f259abf22598f4c50a903 StaticDependenciesID=2a6f0b41367922b80676f60713a1f940 
Importing 'GUID: 2c32233d92a2d0745930664c087c5c9a - Path: Packages/com.unity.render-pipelines.core/Runtime/PathTracing/Shaders/ProbeIntegrationValidity.urtshader' with importer (ScriptedImporter : Unity.Rendering.LightTransport.Editor:UnityEditor.Rendering.UnifiedRayTracing:UnifiedRTShaderImporter)

Compiling Ray Tracing Shader "ProbeIntegrationValidity.urtshader", keywords = <no keywords>
    finished in 0.01 seconds. Local cache hits 1, remote cache hits 0, compiled 0 platform variants
Imported 'GUID: 2c32233d92a2d0745930664c087c5c9a' -> (Import Result ID: 'f03038e3d2ae74cd302861fddecec9b3') in 0.051 seconds [static and dynamic dependencies]. Details - ImportResultOutputID=96ab9f237f9ac4c57fcb501c22ec8a5c DependenciesID=002e79305d707b5f5afb573cd8215a13 StaticDependenciesID=716f4e45d1a45953f3ce73d3fbf3ee8f 
Importing 'GUID: ace95ac84e213794891b4bd7c9b3c158 - Path: Packages/com.unity.render-pipelines.core/Runtime/PathTracing/Shaders/LightmapValidityIntegration.urtshader' with importer (ScriptedImporter : Unity.Rendering.LightTransport.Editor:UnityEditor.Rendering.UnifiedRayTracing:UnifiedRTShaderImporter)

Compiling Ray Tracing Shader "LightmapValidityIntegration.urtshader", keywords = <no keywords>
    finished in 0.01 seconds. Local cache hits 1, remote cache hits 0, compiled 0 platform variants
Imported 'GUID: ace95ac84e213794891b4bd7c9b3c158' -> (Import Result ID: 'ccc20888717bee368cbf5d6192a473ee') in 0.048 seconds [static and dynamic dependencies]. Details - ImportResultOutputID=66e878ae80daa9aecbdcf28782383b14 DependenciesID=0d2f09e81a334749909be4b6afb599ab StaticDependenciesID=aa8b51d51372d9acaf9acfb058c3fae3 
Importing 'GUID: 5ecdabd800f05984696f22ba95284516 - Path: Packages/com.unity.render-pipelines.core/Runtime/PathTracing/Shaders/ProbeIntegrationIndirect.urtshader' with importer (ScriptedImporter : Unity.Rendering.LightTransport.Editor:UnityEditor.Rendering.UnifiedRayTracing:UnifiedRTShaderImporter)

Compiling Ray Tracing Shader "ProbeIntegrationIndirect.urtshader", keywords = <no keywords>
    finished in 0.01 seconds. Local cache hits 1, remote cache hits 0, compiled 0 platform variants
Imported 'GUID: 5ecdabd800f05984696f22ba95284516' -> (Import Result ID: '194a254a42101e475ba2c9b11588a45d') in 0.054 seconds [static and dynamic dependencies]. Details - ImportResultOutputID=4eb49953a9ca3e06983aacce58a0d879 DependenciesID=20b57ea47d2e5eacea1ebda29b867b03 StaticDependenciesID=2385462edeeea1f1fc9193c7edbfff8e 
Importing 'GUID: 6e0b547bab30a804c8123974120d583f - Path: Packages/com.unity.render-pipelines.core/Tests/Runtime/PathTracing/PathIteratorTest.urtshader' with importer (ScriptedImporter : Unity.Rendering.LightTransport.Editor:UnityEditor.Rendering.UnifiedRayTracing:UnifiedRTShaderImporter)

Compiling Ray Tracing Shader "PathIteratorTest.urtshader", keywords = <no keywords>
    finished in 0.01 seconds. Local cache hits 1, remote cache hits 0, compiled 0 platform variants
Imported 'GUID: 6e0b547bab30a804c8123974120d583f' -> (Import Result ID: 'd559e3c0a3e1a22415d824ce8d35d2dd') in 0.040 seconds [static and dynamic dependencies]. Details - ImportResultOutputID=9e6b33ab73fadebf6b278e67a77b496a DependenciesID=5303293c5c455f049d99579530aa25cf StaticDependenciesID=d71187151fc008df7658be7f7d10f903 
Importing 'GUID: de3013e16d99f2746ab1735ec06a660b - Path: Packages/com.unity.render-pipelines.core/Runtime/PathTracing/Shaders/ProbeIntegrationOcclusion.urtshader' with importer (ScriptedImporter : Unity.Rendering.LightTransport.Editor:UnityEditor.Rendering.UnifiedRayTracing:UnifiedRTShaderImporter)

Compiling Ray Tracing Shader "ProbeIntegrationOcclusion.urtshader", keywords = <no keywords>
    finished in 0.01 seconds. Local cache hits 1, remote cache hits 0, compiled 0 platform variants
Imported 'GUID: de3013e16d99f2746ab1735ec06a660b' -> (Import Result ID: 'd0071f78b80f6b4382ead7ce9605584f') in 0.038 seconds [static and dynamic dependencies]. Details - ImportResultOutputID=477802e84a9db6d2696e44af964f7011 DependenciesID=cd5fb7545ea2e6d0819fe9d9a88dee11 StaticDependenciesID=208d47b8903d77848e11a18b72e01619 
Importing 'GUID: 1f9bfe60b4ad75943a5281839c1a4e5c - Path: Packages/com.unity.render-pipelines.core/Runtime/PathTracing/Shaders/ProbeIntegrationDirect.urtshader' with importer (ScriptedImporter : Unity.Rendering.LightTransport.Editor:UnityEditor.Rendering.UnifiedRayTracing:UnifiedRTShaderImporter)

Compiling Ray Tracing Shader "ProbeIntegrationDirect.urtshader", keywords = <no keywords>
    finished in 0.01 seconds. Local cache hits 1, remote cache hits 0, compiled 0 platform variants
Imported 'GUID: 1f9bfe60b4ad75943a5281839c1a4e5c' -> (Import Result ID: '17a6f3a62403b5562b3754a1ad6ca118') in 0.038 seconds [static and dynamic dependencies]. Details - ImportResultOutputID=acb383da14c3da8c99973d1a3dd2ae68 DependenciesID=bb91a477a296bc6454f16feaec48f7a7 StaticDependenciesID=11eb62a12594dcb52ff4b378a213954b 
Importing 'GUID: ff2cbab5da58bf04d82c5f34037ed123 - Path: Packages/com.unity.render-pipelines.core/Editor/Lighting/ProbeVolume/VirtualOffset/TraceVirtualOffset.urtshader' with importer (ScriptedImporter : Unity.Rendering.LightTransport.Editor:UnityEditor.Rendering.UnifiedRayTracing:UnifiedRTShaderImporter)

Compiling Ray Tracing Shader "TraceVirtualOffset.urtshader", keywords = <no keywords>
    finished in 0.01 seconds. Local cache hits 1, remote cache hits 0, compiled 0 platform variants
Imported 'GUID: ff2cbab5da58bf04d82c5f34037ed123' -> (Import Result ID: '4a61717802f15a28750e4b6f7aba3072') in 0.036 seconds [static and dynamic dependencies]. Details - ImportResultOutputID=90b3db6e112b0a5c98cbb3331f3bc68a DependenciesID=b7d76edc284fd4efee7d1544b95cbbbb StaticDependenciesID=01d1bb4a8db62c88e4fe35fdba25fa75 
Starting new worker id: 0 with log in C:/Dev2026/FPS---GDB---08-26/Unity Prototype/Logs/AssetImportWorkerHW0.log
Refreshing native plugins compatible for Editor in 4.20 ms, found 4 plugins.

Asset Pipeline Refresh (id=8adf181af64cfd64297605e3618abfcd): Total: 16.967 seconds - Initiated by InitialRefreshV2(ForceSynchronousImport)
	(Values over 0.05ms)
	Summary:
		Imports: total=21 (actual=21, local cache=0, cache server=0)
		Asset DB Process Time: managed=4 ms, native=12293 ms
		Asset DB Callback time: managed=279 ms, native=394 ms
		Scripting: domain reloads=1, domain reload time=1316 ms, compile time=2597 ms, other=80 ms
		Project Asset Count: scripts=1420, non-scripts=2584
		Asset File Changes: new=0, changed=0, moved=0, deleted=0
		Scan Filter Count: 0
	InvokePackagesCallback: 97.308ms
	ApplyChangesToAssetFolders: 1.090ms
	Scan: 1055.736ms
	Collect global state as custom dependencies: 47.798ms
	CategorizeScriptCompilationAssets: 655.164ms
	ProcessAssetsWithTransientArtifactChanges: 77.864ms
	CategorizeAssets: 67.332ms
	CompileScripts: 2597.204ms
	ImportOutOfDateAssets: 10081.514ms (7418.076ms without children)
		ImportManagerImport: 2606.024ms (1.977ms without children)
			UpdateCategorizedAssets: 1.587ms
		UnloadImportedAssets: 1.065ms
		ReloadImportedAssets: 29.867ms
		EnsureUptoDateAssetsAreRegisteredWithGuidPM: 0.736ms
		ImportSchedulerStart: 55.564ms
	PostProcessAllAssets: 572.064ms
		RaytracingShaderImportPostprocess 164.536ms
		ComputeShaderImportPostprocess 118.190ms
		VCAutoAddAssetPostprocess 5.334ms
		XRBuildSystem.XRAssetImported 0.560ms
		PostProcessCallbackCreateDeferredMaterials 0.066ms
		MonoPostProcessAllAssets: 279.281ms
			AssetPostprocessor.OnPostprocessAllAssets 173.225ms
			StyleCatalogPostProcessor.OnPostprocessAllAssets 25.485ms
			UniversalRenderPipelineGlobalSettingsPostprocessor.OnPostprocessAllAssets 14.571ms
			BuilderAssetPostprocessor.OnPostprocessAllAssets 8.974ms
			AssetChangedListener.OnPostprocessAllAssets 8.855ms
			SyncVS.PostprocessSyncProject 5.131ms
			ShaderGraphAssetPostProcessor.OnPostprocessAllAssets 3.895ms
			WindowAssetPostprocessingWatcher.OnPostprocessAllAssets 3.505ms
			SpeedTree9Postprocessor.OnPostprocessAllAssets 2.919ms
			RetainedModeAssetPostprocessor.OnPostprocessAllAssets 2.406ms
			UVCSAssetPostprocessor.OnPostprocessAllAssets 1.866ms
			EditModeScopePostprocessor.OnPostprocessAllAssets 1.824ms
			RenderPipelineGlobalSettingsPostprocessor.OnPostprocessAllAssets 1.306ms
			MaterialPostprocessor.OnPostprocessAllAssets 1.028ms
			TMPro_TexturePostProcessor.OnPostprocessAllAssets 0.918ms
			InputActionAssetPostprocessor.OnPostprocessAllAssets 0.677ms
			InputActionJsonNameModifierAssetProcessor.OnPostprocessAllAssets 0.649ms
			PostProcessor.OnPostprocessAllAssets 0.639ms
			TextAssetPostProcessor.OnPostprocessAllAssets 0.560ms
			SampleDependencyImporterPostProcessor.OnPostprocessAllAssets 0.486ms
			ArtifactBrowserPostProcessor.OnPostprocessAllAssets 0.467ms
			ShaderReflectionAssetPostProcessor.OnPostprocessAllAssets 0.466ms
			ReferencedClipsPostProcessor.OnPostprocessAllAssets 0.447ms
			AudioMixerPostprocessor.OnPostprocessAllAssets 0.380ms
			AssetEvents.OnPostprocessAllAssets 0.341ms
			AssetDatabaseCallbacks.OnPostprocessAllAssets 0.331ms
			ProjectSettingsPostprocessor.OnPostprocessAllAssets 0.272ms
			TerrainToolbarOverlayPostProcessor.OnPostprocessAllAssets 0.242ms
			SpeedTreePostProcessor.OnPostprocessAllAssets 0.238ms
			ConfigAssetsTracker.OnPostprocessAllAssets 0.228ms
			ScenarioDriftAssetsTracker.OnPostprocessAllAssets 0.212ms
			AssetReloadNotifier.OnPostprocessAllAssets 0.195ms
			SamplePostprocessor.OnPostprocessAllAssets 0.179ms
			AudioContainerPostProcessor.OnPostprocessAllAssets 0.093ms
	PostAssetChangesProfiler: 7.885ms
	UnloadStreamsBegin: 6.176ms
	PersistCurrentRevisions: 2.015ms
	GenerateScriptTypeHashes: 3.360ms
	GenerateScriptTypeSerializationHashes: 5.993ms
	Untracked: 1688.545ms

Application.AssetDatabase Initial Refresh End
Scanning for USB devices : 2.776ms
Initializing Unity extensions:
Worker ready: AssetImportWorkerHW0 0
[MODES] ModeService[none].Initialize
[MODES] ModeService[none].LoadModes
[MODES] Loading mode Default (0) for mode-current-id-Dev2-Prototype1
Unloading 43 Unused Serialized files (Serialized files now loaded: 0)
Loaded scene 'Assets/Scenes/wesleysScene.unity'
	Deserialize:            12.313 ms
	Integration:            642.113 ms
	Integration of assets:  0.013 ms
	Thread Wait Time:       0.155 ms
	Total Operation Time:   654.594 ms
Unloading 6703 unused Assets / (7.9 MB). Loaded Objects now: 8366.
Memory consumption went from 481.1 MB to 473.2 MB.
Total: 31.747200 ms (FindLiveObjects: 0.646400 ms CreateObjectMapping: 2.171000 ms MarkObjects: 23.077500 ms  DeleteObjects: 5.472600 ms)

[LAYOUT] About to load UserSettings\Layouts\default-6000.dwlt, keepMainWindow=False
[LAYOUT] About to save layout C:\Dev2026\FPS---GDB---08-26\Unity Prototype\UserSettings\Layouts\default-6000.dwlt
[LAYOUT] About to save layout C:/Users/gamer/AppData/Roaming/Unity/Editor-5.x/Preferences\Layouts\current\default-6000.dwlt
[MODES] ModeService[default].InitializeCurrentMode
[MODES] ModeService[default].RaiseModeChanged(default, default)
This project uses Input Manager, which is marked for deprecation. To manage input in your project, use the <a href="https://docs.unity3d.com/Packages/com.unity.inputsystem@latest">Input System package</a> instead.
<RI> Initializing input.
Using Windows.Gaming.Input
<RI> Input initialized.
[Project] Loading completed in 38.160 seconds
	Project init time: 				35.615 seconds
		Template init time: 		0.000 seconds
		Package Manager init time: 		4.759 seconds
		Asset Database init time: 		1.115 seconds
		Global illumination init time: 	0.046 seconds
		Assemblies load time: 			3.677 seconds
		Unity extensions init time: 	0.019 seconds
		Asset Database refresh time: 	16.967 seconds
	Scene opening time: 			2.037 seconds
##utp:{"type":"ProjectInfo","version":2,"phase":"Immediate","time":1789345877047,"processId":23820,"projectLoad":38.1595036,"projectInit":35.6153942,"templateInit":0.0,"packageManagerInit":4.7592641,"assetDatabaseInit":1.1154863,"globalIlluminationInit":0.0460821,"assembliesLoad":3.6773287,"unityExtensionsInit":0.0185477,"assetDatabaseRefresh":16.9673082,"sceneOpening":2.0367258}
##utp:{"type":"EditorInfo","version":2,"phase":"Immediate","time":1789345877047,"processId":23820,"editorVersion":"6000.5.7f1 (017862109af0)","branch":"6000.5/staging","buildType":"Release","platform":"Windows"}
Asset Pipeline Refresh (id=a2b75a55619c78c4bab4fc535422b56d): Total: 0.122 seconds - Initiated by RefreshV2(AllowForceSynchronousImport)
Created GICache directory at C:/Users/gamer/AppData/LocalLow/Unity/Caches/GiCache. Took: 0.044s, timestamps: [40.584 - 40.628]
[Licensing::Client] Successfully resolved entitlement details
[Licensing::Client] Successfully resolved entitlement details
[Licensing::Client] Successfully updated the access token
[Licensing::Module] Successfully updated access token: "YxGyNIVK"... (expires: 2026-09-14T02:30:25Z)
[Licensing::Client] Successfully resolved entitlement details
Asset Pipeline Refresh (id=28233bd46c98c2c46ae9f588e0bc0bb0): Total: 0.006 seconds - Initiated by RefreshV2(AllowForceSynchronousImport)
Start Indexing on Editor startup
[Indexing] Starting Initial Indexing for Assets
Font Asset [LiberationSans SDF - Fallback] Units Per EM set to 2048. Please commit the newly serialized value.
UnityEngine.Debug:ExtractStackTraceNoAlloc (byte*,int,string)
UnityEngine.StackTraceUtility:ExtractStackTrace ()
UnityEngine.DebugLogHandler:Internal_Log (UnityEngine.LogType,UnityEngine.LogOption,string,UnityEngine.Object)
UnityEngine.DebugLogHandler:LogFormat (UnityEngine.LogType,UnityEngine.Object,string,object[])
UnityEngine.Logger:Log (UnityEngine.LogType,object)
UnityEngine.Debug:Log (object)
TMPro.TMP_FontAsset:ReadFontAssetDefinition () (at ./Library/PackageCache/com.unity.ugui@67707a67a4ab/Runtime/TMP/TMP_FontAsset.cs:821)
TMPro.TMP_FontAsset:get_characterLookupTable () (at ./Library/PackageCache/com.unity.ugui@67707a67a4ab/Runtime/TMP/TMP_FontAsset.cs:194)
TMPro.TMP_FontAssetUtilities:GetCharacterFromFontAsset_Internal (uint,TMPro.TMP_FontAsset,bool,TMPro.FontStyles,TMPro.FontWeight,bool&) (at ./Library/PackageCache/com.unity.ugui@67707a67a4ab/Runtime/TMP/TMP_FontAssetUtilities.cs:79)
TMPro.TMP_FontAssetUtilities:SearchFallbacksForCharacter (uint,TMPro.TMP_FontAsset,TMPro.FontStyles,TMPro.FontWeight,bool&) (at ./Library/PackageCache/com.unity.ugui@67707a67a4ab/Runtime/TMP/TMP_FontAssetUtilities.cs:208)
TMPro.TMP_FontAssetUtilities:GetCharacterFromFontAsset_Internal (uint,TMPro.TMP_FontAsset,bool,TMPro.FontStyles,TMPro.FontWeight,bool&) (at ./Library/PackageCache/com.unity.ugui@67707a67a4ab/Runtime/TMP/TMP_FontAssetUtilities.cs:155)
TMPro.TMP_FontAssetUtilities:GetCharacterFromFontAsset (uint,TMPro.TMP_FontAsset,bool,TMPro.FontStyles,TMPro.FontWeight,bool&) (at ./Library/PackageCache/com.unity.ugui@67707a67a4ab/Runtime/TMP/TMP_FontAssetUtilities.cs:58)
TMPro.TMP_Text:GetTextElement (uint,TMPro.TMP_FontAsset,TMPro.FontStyles,TMPro.FontWeight,bool&) (at ./Library/PackageCache/com.unity.ugui@67707a67a4ab/Runtime/TMP/TMP_Text.cs:6173)
TMPro.TextMeshProUGUI:SetArraySizes (TMPro.TMP_Text/TextProcessingElement[]) (at ./Library/PackageCache/com.unity.ugui@67707a67a4ab/Runtime/TMP/TextMeshProUGUI.cs:1945)
TMPro.TMP_Text:ParseInputText () (at ./Library/PackageCache/com.unity.ugui@67707a67a4ab/Runtime/TMP/TMP_Text.cs:2063)
TMPro.TextMeshProUGUI:OnPreRenderCanvas () (at ./Library/PackageCache/com.unity.ugui@67707a67a4ab/Runtime/TMP/TextMeshProUGUI.cs:2496)
TMPro.TextMeshProUGUI:Rebuild (UnityEngine.UI.CanvasUpdate) (at ./Library/PackageCache/com.unity.ugui@67707a67a4ab/Runtime/TMP/TextMeshProUGUI.cs:229)
UnityEngine.UI.CanvasUpdateRegistry:PerformUpdate () (at ./Library/PackageCache/com.unity.ugui@67707a67a4ab/Runtime/UGUI/UI/Core/CanvasUpdateRegistry.cs:215)
UnityEngine.Canvas:SendWillRenderCanvases ()

(Filename: ./Library/PackageCache/com.unity.ugui@67707a67a4ab/Runtime/TMP/TMP_FontAsset.cs Line: 821)

[Licensing::Client] Successfully resolved entitlement details
Starting new worker id: 1 with log in C:/Dev2026/FPS---GDB---08-26/Unity Prototype/Logs/AssetImportWorkerHW1.log
[Worker0] Imported GUID: dedff8b408d80ba41a39485601a6761f - Path: Assets/Prefabs/StealthBar.prefab - Importer: ScriptedImporter/UnityEditor.QuickSearchModule:UnityEditor.Search:ASIAI0B -> (ImportResultId: '67183dd56e79eae24332f5480ff7d3c9') in 0.1741727 seconds
[Worker0] Imported GUID: e6b6a8458fd2b324ca06f5676ce14ef3 - Path: Assets/Scripts/stealthBar.cs - Importer: ScriptedImporter/UnityEditor.QuickSearchModule:UnityEditor.Search:ASIAI0B -> (ImportResultId: 'adc784e615b449667effde17a10fe65d') in 0.0216333 seconds
[Worker0] Imported GUID: a690820a58910f34294ce762a6268210 - Path: Assets/Scenes/wesleysScene.unity - Importer: ScriptedImporter/UnityEditor.QuickSearchModule:UnityEditor.Search:ASIAI0B -> (ImportResultId: 'fbce8bbbb48b2533b14c6e2540b4ec8a') in 0.0213453 seconds
Worker ready: AssetImportWorkerHW1 1
TrimDiskCacheJob: Current cache size 0mb
Asset Pipeline Refresh (id=2f79f638e9650ce4182b77f9eb8da61e): Total: 0.017 seconds - Initiated by RefreshV2(AllowForceSynchronousImport)
Asset Pipeline Refresh (id=80a8bc9c60d6c0d4e8b9ad12190a508a): Total: 0.034 seconds - Initiated by RefreshV2(AllowForceSynchronousImport)
MonoPathRemapper: Attempts to remap: 54589; Successful remaps: 24226
Serialized file version minimum: 23, current 23
[LAYOUT] About to save layout C:\Dev2026\FPS---GDB---08-26\Unity Prototype\UserSettings\Layouts\default-6000.dwlt
[LAYOUT] About to save layout C:/Users/gamer/AppData/Roaming/Unity/Editor-5.x/Preferences\Layouts\current\default-6000.dwlt
Input System module state changed to: ShutdownInProgress.
Input Polling Thread exited.
Input System module state changed to: Shutdown.
[Physics::Module] Cleanup current backend.
[Physics::Module] Id: 0xf2b8ea05
[Licensing::IpcConnector] LicenseClient-gamer-6000.5.7-notifications channel disconnected successfully.
[Licensing::IpcConnector] LicenseClient-gamer-6000.5.7 channel disconnected successfully.
AcceleratorClientConnectionCallback - disconnected - :0
Cleanup mono
CodeReloadManager destroyed
abort_threads: Failed aborting id: 0000000000008780, mono_thread_manage will ignore it

abort_threads: Failed aborting id: 0000000000008780, mono_thread_manage will ignore it

debugger-agent: Unable to listen on 3804
Checking for leaked weakptr:
  Found no leaked weakptrs.
[Package Manager] Server process was shutdown
##utp:{"type":"MemoryLeaks","version":2,"phase":"Immediate","time":1789346614795,"processId":23820,"allocatedMemory":52445650,"memoryLabels":[{"Default":204410},{"Permanent":15516},{"NewDelete":69445},{"Thread":4197560},{"Manager":838821},{"VertexData":8},{"Geometry":816},{"Texture":24},{"Shader":861181},{"Material":24},{"GfxDevice":55328},{"Animation":952},{"Audio":80},{"FreeType":8},{"FontEngine":736},{"Physics":2146},{"Physics2D":16},{"Serialization":49064},{"Input":45280},{"JobScheduler":256},{"TextLib":40150},{"Mono":48},{"MonoCode":64},{"ScriptingNativeRuntime":1656692},{"BaseObject":1670529},{"Resource":1208},{"Renderer":3080},{"Transform":4685},{"File":4005},{"WebCam":616},{"Culling":32},{"Terrain":11442},{"Wind":24},{"STL":40},{"String":9936},{"StaticString":3808},{"Utility":2676219},{"PoolAlloc":2360},{"AI":80},{"TypeTree":17165},{"CodeReload":448},{"RuntimeInitializeOnLoadManager":64},{"Sprites":102},{"SpriteAtlas":120},{"GI":7816},{"Director":8296},{"CloudService":7208},{"WebRequest":12029},{"VR":47114},{"SceneManager":608},{"Video":208},{"LazyScriptCache":32},{"NativeArray":33045916},{"Camera":17},{"Secure":265},{"SerializationCache":1576},{"APIUpdating":10320},{"Subsystems":336},{"VirtualTexturing":57888},{"StaticSafetyDebugInfo":278528},{"Analytics":728},{"Hierarchy":1176},{"UIElements":1122800},{"CoreStats":13688},{"Identifiers":6768},{"Gui":268549},{"EditorUtility":306602},{"VersionControl":8},{"Undo":931},{"AssetDatabase":4753204},{"AssetImporter":40},{"EditorGi":328},{"UnityConnect":35345},{"Upm":1988},{"UpmDiagnostics":8},{"AssetCompliance":64},{"DrivenProperties":72},{"LocalIPC":220},{"ProfilerEditor":9746},{"CoreBusinessMetrics":3480},{"Windowing":456},{"Licensing":1344},{"AssetReference":32},{"IPCStream":32}]}
