[Licensing::Module] Trying to connect to existing licensing client channel...
Built from '6000.5/staging' branch; Version is '6000.5.7f1 (017862109af0) revision 96354'; Using compiler version '194234433'; Build Type 'Release'
[Licensing::IpcConnector] Successfully connected to: "LicenseClient-Nicolas Sands" at "2026-09-13T03:00:39.9891128Z"
OS: 'Windows 11  (10.0.26200) Core' Language: 'en' Physical Memory: 32468 MB
BatchMode: 0, IsHumanControllingUs: 1, StartBugReporterOnCrash: 1, Is64bit: 1
System  architecture: x64
Process architecture: x64
Date: 2026-09-13T03:00:39Z

COMMAND LINE ARGUMENTS:
C:\Program Files\Unity\Hub\Editor\6000.5.7f1\Editor\Unity.exe
-projectpath
C:\FS\TeamProject\FPS---GDB---08-26\Unity Prototype
-acceptSoftwareTermsForThisRunOnly
-useHub
-hubIPC
-cloudEnvironment
production
-licensingIpc
LicenseClient-Nicolas Sands
-hubSessionId
da75b427-6e6c-4179-a267-7dbeace32eb9
-accessToken
IkUr5sQ4O1cN9lROevCDOYU3DNFQS2TVQJI3nFmy8Bs002f
Successfully changed project path to: C:\FS\TeamProject\FPS---GDB---08-26\Unity Prototype
C:/FS/TeamProject/FPS---GDB---08-26/Unity Prototype
[UnityMemory] Configuration Parameters - Can be set up in boot.config
    "memorysetup-temp-allocator-size-gi-baking-worker=262144"
    "memorysetup-temp-allocator-size-gi-baking-worker=262144"
    "memorysetup-temp-allocator-size-gi-baking-worker=262144"
    "memorysetup-temp-allocator-size-gi-baking-worker=262144"
    "memorysetup-temp-allocator-size-gi-baking-worker=262144"
    "memorysetup-temp-allocator-size-nav-mesh-worker=65536"
    "memorysetup-temp-allocator-size-audio-worker=65536"
    "memorysetup-temp-allocator-size-cloud-worker=32768"
    "memorysetup-temp-allocator-size-gfx=262144"
    "memorysetup-temp-allocator-size-preload-manager=33554432"
    "memorysetup-allocator-temp-initial-block-size-main=262144"
    "memorysetup-allocator-temp-initial-block-size-worker=262144"
    "memorysetup-temp-allocator-size-job-worker=262144"
    "memorysetup-temp-allocator-size-background-worker=32768"
    "memorysetup-bucket-allocator-granularity=16"
    "memorysetup-bucket-allocator-bucket-count=8"
    "memorysetup-bucket-allocator-block-size=33554432"
    "memorysetup-bucket-allocator-block-count=8"
    "memorysetup-main-allocator-block-size=16777216"
    "memorysetup-thread-allocator-block-size=16777216"
    "memorysetup-main-allocator-mimalloc-enabled=0"
    "memorysetup-gfx-main-allocator-block-size=16777216"
    "memorysetup-gfx-thread-allocator-block-size=16777216"
    "memorysetup-cache-allocator-block-size=4194304"
    "memorysetup-typetree-allocator-block-size=2097152"
    "memorysetup-profiler-bucket-allocator-granularity=16"
    "memorysetup-profiler-bucket-allocator-bucket-count=8"
    "memorysetup-profiler-bucket-allocator-block-size=33554432"
    "memorysetup-profiler-bucket-allocator-block-count=8"
    "memorysetup-profiler-allocator-block-size=16777216"
    "memorysetup-profiler-editor-allocator-block-size=1048576"
    "memorysetup-temp-allocator-size-main=16777216"
    "memorysetup-job-temp-allocator-block-size=2097152"
    "memorysetup-job-temp-allocator-block-size-background=1048576"
    "memorysetup-job-temp-allocator-reduction-small-platforms=262144"
Player connection [29628]  Target information:

Player connection [29628]  * "[IP] 192.168.12.217 [Port] 55504 [Flags] 2 [Guid] 1229808045 [EditorId] 1229808045 [Version] 1048832 [Id] WindowsEditor(7,MSI) [Debug] 1 [PackageName] WindowsEditor [ProjectName] Editor" 

Player connection [29628] Host joined multi-casting on [225.0.0.222:54997]...
Player connection [29628] Host joined alternative multi-casting on [225.0.0.222:34997]...
Input System module state changed to: Initialized.
[Physics::Module] Initialized fallback backend.
[Physics::Module] Id: 0xdecafbad
[Package Manager] Connected to IPC stream "Upm-29624" after 0.0 seconds.
[Licensing::Module] Licensing is not yet initialized.
[Licensing::Client] Error: HandshakeResponse reported an error:
	ResponseCode: 505
	ResponseStatus: Unsupported protocol version '1.18.1'.
[Licensing::Module] Error: Failed to handshake to channel: "LicenseClient-Nicolas Sands"
[Licensing::IpcConnector] LicenseClient-Nicolas Sands channel disconnected successfully.
[Licensing::IpcConnector] Channel LicenseClient-Nicolas Sands-6000.5.7 doesn't exist
[Licensing::Module] Successfully launched the LicensingClient (PId: 29604)
Starting IPC server.
Waiting for clients to connect on \\.\pipe\Unity-LicenseClient-Nicolas Sands-6000.5.7, press Ctrl-C to exit.
[Licensing::IpcConnector] Successfully connected to: "LicenseClient-Nicolas Sands-6000.5.7" at "2026-09-13T03:00:47.5370335Z"
[Licensing::Client] Code 10 while verifying Licensing Client signature (process Id: 29604, path: "C:/Program Files/Unity/Hub/Editor/6000.5.7f1/Editor/Data/Resources/Licensing/Client/Unity.Licensing.Client.exe")
[Licensing::Module] LicensingClient has failed validation; ignoring
[Licensing::Client] Handshaking with LicensingClient:
  Version:                 1.18.1+9fbee8e
  Session Id:              a3b038a29cc0401db7186b16bad1687e
  Correlation Id:          d9177d5ade8d84242d3d94d465f9166b
  External correlation Id: 1524126145344590716
  Machine Id:              cYjRYT1AyaRsLeAftjIxzJsRZXA=
[Licensing::Module] Successfully connected to LicensingClient on channel: "LicenseClient-Nicolas Sands-6000.5.7" (connect: 4.37s, validation: 0.19s, handshake: 0.02s)
[Licensing::IpcConnector] Successfully connected to: "LicenseClient-Nicolas Sands-6000.5.7-notifications" at "2026-09-13T03:00:47.7482205Z"
[Licensing::Module] Connected to LicensingClient (PId: 29604, launch time: 0.05, total connection time: 4.58s)
[Licensing::Client] Successfully updated the access token
[Licensing::Module] Successfully updated the access token IkUr5sQ4O1...
[Licensing::Client] Successfully resolved entitlement details
[Licensing::Module] License group:
  Id: 2475898163306-epicinsanity98-UnityProStuXXXX
  Product: Unity Student
  Type: Assigned
  Expiration: 2026-10-30T20:07:19Z
[Licensing::Client] Successfully updated license, isAsync: True, time: 0.03
[Licensing::Client] Successfully resolved entitlement details
[Licensing::Module] Licensing Background thread has ended after 7.81s
[Licensing::Module] Licensing is initialized (took 5.43s).
[Licensing::Client] Successfully resolved entitlement details
Library Redirect Path: Library/
[Physics::Module] Selected backend.
[Physics::Module] Name: PhysX
[Physics::Module] Id: 0xf2b8ea05
[Physics::Module] SDK Version: 4.1.2
[Physics::Module] Integration Version: 1.0.0
[Physics::Module] Threading Mode: Multi-Threaded
Artifact Garbage Collection - Removed 86 unused hashed content files
Initialize engine version: 6000.5.7f1 (017862109af0)
[Subsystems] Discovering subsystems at path C:/Program Files/Unity/Hub/Editor/6000.5.7f1/Editor/Data/Resources/UnitySubsystems
[Subsystems] Discovering subsystems at path C:/FS/TeamProject/FPS---GDB---08-26/Unity Prototype/Assets
[D3D12 Device Filter] Vendor Name: NVIDIA
[D3D12 Device Filter] Device Name: NVIDIA GeForce RTX 4070 Laptop GPU
[D3D12 Device Filter] Driver Version: 32.0.15.9579
[D3D12 Device Filter] Feature Level: 12.2
[D3D12 Device Filter] Graphics Memory: 7948 MB
[D3D12 Device Filter] Processor Count: 32
[D3D12 Device Filter] Device Type: Discrete
GfxDevice: creating device client; kGfxThreadingModeSplitJobs
d3d12: failed to query info queue interface (0x80004002).
Direct3D:
    Version:         Direct3D 12 [level 12.2]
    Renderer:        NVIDIA GeForce RTX 4070 Laptop GPU (ID=0x2820)
    Vendor:          NVIDIA
    VRAM:            7948 MB
    App VRAM Budget: 7180 MB
    Driver:          32.0.15.9579
Initialize mono
Mono path[0] = 'C:/Program Files/Unity/Hub/Editor/6000.5.7f1/Editor/Data/Managed'
Mono path[1] = 'C:/Program Files/Unity/Hub/Editor/6000.5.7f1/Editor/Data/BCLExtensions/runtime/netstandard2.1'
Mono path[2] = 'C:/Program Files/Unity/Hub/Editor/6000.5.7f1/Editor/Data/MonoBleedingEdge/lib/mono/unityjit-win32'
Mono config path = 'C:/Program Files/Unity/Hub/Editor/6000.5.7f1/Editor/Data/MonoBleedingEdge/etc'
Using monoOptions --debugger-agent=transport=dt_socket,embedding=1,server=y,suspend=n,address=127.0.0.1:56624
CodeReloadManager initialized
ImportWorker Server TCP listen port: 0
AcceleratorClientConnectionCallback - disconnected - :0
Begin MonoManager ReloadAssembly
Registering precompiled unity dll's ...
Register platform support module: C:/Program Files/Unity/Hub/Editor/6000.5.7f1/Editor/Data/PlaybackEngines/WindowsStandaloneSupport/UnityEditor.WindowsStandalone.Extensions.dll
Registered in 0.236376 seconds.
Native extension for WindowsStandalone target not found
Package Manager log level set to [2]
ScheduleIndexationOnStartup MainProcess:False IndexOnStartup:True
Mono: successfully reloaded assembly
- Finished resetting the current domain, in  1.252 seconds
Domain Reload Profiling: 7634ms
	BeginReloadAssembly (4672ms)
		CreateAndSetChildDomain (13ms)
	RebuildCommonClasses (7ms)
	RebuildNativeTypeToScriptingClass (28ms)
	initialDomainReloadingComplete (432ms)
	LoadAllAssembliesAndSetupDomain (1237ms)
		LoadAssemblies (4655ms)
		AnalyzeDomain (981ms)
			TypeCache.Refresh (977ms)
				TypeCache.ScanAssembly (944ms)
	FinalizeReload (1258ms)
		SetupLoadedEditorAssemblies (0ms)
			InitializePlatformSupportModulesInManaged (10ms)
			BeforeProcessingInitializeOnLoad (270ms)
			ProcessInitializeOnLoadAttributes (298ms)
			ProcessInitializeOnLoadMethodAttributes (457ms)
[Licensing::Client] Successfully resolved entitlement details
Application.AssetDatabase Initial Refresh Start
[Package Manager] Restoring resolved packages state from cache
[Licensing::Client] Successfully resolved entitlement details
[Package Manager] Registered 57 packages:
  Packages from [https://packages.unity.com]:
    com.unity.ai.navigation@2.0.14 (location: C:\FS\TeamProject\FPS---GDB---08-26\Unity Prototype\Library\PackageCache\com.unity.ai.navigation@134dd6a3b97b)
    com.unity.collab-proxy@2.13.5 (location: C:\FS\TeamProject\FPS---GDB---08-26\Unity Prototype\Library\PackageCache\com.unity.collab-proxy@120d77864ebc)
    com.unity.ide.rider@3.0.38 (location: C:\FS\TeamProject\FPS---GDB---08-26\Unity Prototype\Library\PackageCache\com.unity.ide.rider@1f60b3138684)
    com.unity.ide.visualstudio@2.0.27 (location: C:\FS\TeamProject\FPS---GDB---08-26\Unity Prototype\Library\PackageCache\com.unity.ide.visualstudio@dc1ddd4f09b6)
    com.unity.inputsystem@1.20.0 (location: C:\FS\TeamProject\FPS---GDB---08-26\Unity Prototype\Library\PackageCache\com.unity.inputsystem@7a4e1a2a8194)
    com.unity.timeline@1.8.12 (location: C:\FS\TeamProject\FPS---GDB---08-26\Unity Prototype\Library\PackageCache\com.unity.timeline@8cd8509afae5)
    com.unity.visualscripting@1.9.12 (location: C:\FS\TeamProject\FPS---GDB---08-26\Unity Prototype\Library\PackageCache\com.unity.visualscripting@4edfcc09512f)
    com.unity.searcher@4.9.4 (location: C:\FS\TeamProject\FPS---GDB---08-26\Unity Prototype\Library\PackageCache\com.unity.searcher@d45a78918735)
    com.unity.burst@1.8.30 (location: C:\FS\TeamProject\FPS---GDB---08-26\Unity Prototype\Library\PackageCache\com.unity.burst@2f3d916873ea)
    com.unity.nuget.mono-cecil@1.11.6 (location: C:\FS\TeamProject\FPS---GDB---08-26\Unity Prototype\Library\PackageCache\com.unity.nuget.mono-cecil@ecb9724e46ff)
    com.unity.test-framework.performance@3.5.0 (location: C:\FS\TeamProject\FPS---GDB---08-26\Unity Prototype\Library\PackageCache\com.unity.test-framework.performance@8b56083ec0f0)
  Built-in packages:
    com.unity.multiplayer.center@1.0.1 (location: C:\FS\TeamProject\FPS---GDB---08-26\Unity Prototype\Library\PackageCache\com.unity.multiplayer.center@b860850997d0)
    com.unity.render-pipelines.universal@17.5.0 (location: C:\FS\TeamProject\FPS---GDB---08-26\Unity Prototype\Library\PackageCache\com.unity.render-pipelines.universal@73b4c4ff130e)
    com.unity.test-framework@1.7.0 (location: C:\FS\TeamProject\FPS---GDB---08-26\Unity Prototype\Library\PackageCache\com.unity.test-framework@1405238725ab)
    com.unity.ugui@2.5.0 (location: C:\FS\TeamProject\FPS---GDB---08-26\Unity Prototype\Library\PackageCache\com.unity.ugui@67707a67a4ab)
    com.unity.modules.accessibility@1.0.0 (location: C:\FS\TeamProject\FPS---GDB---08-26\Unity Prototype\Library\PackageCache\com.unity.modules.accessibility)
    com.unity.modules.adaptiveperformance@1.0.0 (location: C:\FS\TeamProject\FPS---GDB---08-26\Unity Prototype\Library\PackageCache\com.unity.modules.adaptiveperformance)
    com.unity.modules.ai@1.0.0 (location: C:\FS\TeamProject\FPS---GDB---08-26\Unity Prototype\Library\PackageCache\com.unity.modules.ai)
    com.unity.modules.androidjni@1.0.0 (location: C:\FS\TeamProject\FPS---GDB---08-26\Unity Prototype\Library\PackageCache\com.unity.modules.androidjni)
    com.unity.modules.animation@1.0.0 (location: C:\FS\TeamProject\FPS---GDB---08-26\Unity Prototype\Library\PackageCache\com.unity.modules.animation)
    com.unity.modules.assetbundle@1.0.0 (location: C:\FS\TeamProject\FPS---GDB---08-26\Unity Prototype\Library\PackageCache\com.unity.modules.assetbundle)
    com.unity.modules.audio@1.0.0 (location: C:\FS\TeamProject\FPS---GDB---08-26\Unity Prototype\Library\PackageCache\com.unity.modules.audio)
    com.unity.modules.cloth@1.0.0 (location: C:\FS\TeamProject\FPS---GDB---08-26\Unity Prototype\Library\PackageCache\com.unity.modules.cloth)
    com.unity.modules.director@1.0.0 (location: C:\FS\TeamProject\FPS---GDB---08-26\Unity Prototype\Library\PackageCache\com.unity.modules.director)
    com.unity.modules.imageconversion@1.0.0 (location: C:\FS\TeamProject\FPS---GDB---08-26\Unity Prototype\Library\PackageCache\com.unity.modules.imageconversion)
    com.unity.modules.imgui@1.0.0 (location: C:\FS\TeamProject\FPS---GDB---08-26\Unity Prototype\Library\PackageCache\com.unity.modules.imgui)
    com.unity.modules.jsonserialize@1.0.0 (location: C:\FS\TeamProject\FPS---GDB---08-26\Unity Prototype\Library\PackageCache\com.unity.modules.jsonserialize)
    com.unity.modules.particlesystem@1.0.0 (location: C:\FS\TeamProject\FPS---GDB---08-26\Unity Prototype\Library\PackageCache\com.unity.modules.particlesystem)
    com.unity.modules.physics@1.0.0 (location: C:\FS\TeamProject\FPS---GDB---08-26\Unity Prototype\Library\PackageCache\com.unity.modules.physics)
    com.unity.modules.physics2d@1.0.0 (location: C:\FS\TeamProject\FPS---GDB---08-26\Unity Prototype\Library\PackageCache\com.unity.modules.physics2d)
    com.unity.modules.physicscore2d@1.0.0 (location: C:\FS\TeamProject\FPS---GDB---08-26\Unity Prototype\Library\PackageCache\com.unity.modules.physicscore2d)
    com.unity.modules.screencapture@1.0.0 (location: C:\FS\TeamProject\FPS---GDB---08-26\Unity Prototype\Library\PackageCache\com.unity.modules.screencapture)
    com.unity.modules.terrain@1.0.0 (location: C:\FS\TeamProject\FPS---GDB---08-26\Unity Prototype\Library\PackageCache\com.unity.modules.terrain)
    com.unity.modules.terrainphysics@1.0.0 (location: C:\FS\TeamProject\FPS---GDB---08-26\Unity Prototype\Library\PackageCache\com.unity.modules.terrainphysics)
    com.unity.modules.tilemap@1.0.0 (location: C:\FS\TeamProject\FPS---GDB---08-26\Unity Prototype\Library\PackageCache\com.unity.modules.tilemap)
    com.unity.modules.ui@1.0.0 (location: C:\FS\TeamProject\FPS---GDB---08-26\Unity Prototype\Library\PackageCache\com.unity.modules.ui)
    com.unity.modules.uielements@1.0.0 (location: C:\FS\TeamProject\FPS---GDB---08-26\Unity Prototype\Library\PackageCache\com.unity.modules.uielements)
    com.unity.modules.umbra@1.0.0 (location: C:\FS\TeamProject\FPS---GDB---08-26\Unity Prototype\Library\PackageCache\com.unity.modules.umbra)
    com.unity.modules.unityanalytics@1.0.0 (location: C:\FS\TeamProject\FPS---GDB---08-26\Unity Prototype\Library\PackageCache\com.unity.modules.unityanalytics)
    com.unity.modules.unitywebrequest@1.0.0 (location: C:\FS\TeamProject\FPS---GDB---08-26\Unity Prototype\Library\PackageCache\com.unity.modules.unitywebrequest)
    com.unity.modules.unitywebrequestassetbundle@1.0.0 (location: C:\FS\TeamProject\FPS---GDB---08-26\Unity Prototype\Library\PackageCache\com.unity.modules.unitywebrequestassetbundle)
    com.unity.modules.unitywebrequestaudio@1.0.0 (location: C:\FS\TeamProject\FPS---GDB---08-26\Unity Prototype\Library\PackageCache\com.unity.modules.unitywebrequestaudio)
    com.unity.modules.unitywebrequesttexture@1.0.0 (location: C:\FS\TeamProject\FPS---GDB---08-26\Unity Prototype\Library\PackageCache\com.unity.modules.unitywebrequesttexture)
    com.unity.modules.unitywebrequestwww@1.0.0 (location: C:\FS\TeamProject\FPS---GDB---08-26\Unity Prototype\Library\PackageCache\com.unity.modules.unitywebrequestwww)
    com.unity.modules.vectorgraphics@1.0.0 (location: C:\FS\TeamProject\FPS---GDB---08-26\Unity Prototype\Library\PackageCache\com.unity.modules.vectorgraphics)
    com.unity.modules.vehicles@1.0.0 (location: C:\FS\TeamProject\FPS---GDB---08-26\Unity Prototype\Library\PackageCache\com.unity.modules.vehicles)
    com.unity.modules.video@1.0.0 (location: C:\FS\TeamProject\FPS---GDB---08-26\Unity Prototype\Library\PackageCache\com.unity.modules.video)
    com.unity.modules.wind@1.0.0 (location: C:\FS\TeamProject\FPS---GDB---08-26\Unity Prototype\Library\PackageCache\com.unity.modules.wind)
    com.unity.modules.xr@1.0.0 (location: C:\FS\TeamProject\FPS---GDB---08-26\Unity Prototype\Library\PackageCache\com.unity.modules.xr)
    com.unity.modules.subsystems@1.0.0 (location: C:\FS\TeamProject\FPS---GDB---08-26\Unity Prototype\Library\PackageCache\com.unity.modules.subsystems)
    com.unity.modules.hierarchycore@1.0.0 (location: C:\FS\TeamProject\FPS---GDB---08-26\Unity Prototype\Library\PackageCache\com.unity.modules.hierarchycore)
    com.unity.ext.nunit@2.1.0 (location: C:\FS\TeamProject\FPS---GDB---08-26\Unity Prototype\Library\PackageCache\com.unity.ext.nunit@44f7d31723bd)
    com.unity.render-pipelines.core@17.5.0 (location: C:\FS\TeamProject\FPS---GDB---08-26\Unity Prototype\Library\PackageCache\com.unity.render-pipelines.core@645717f21c5f)
    com.unity.shadergraph@17.5.0 (location: C:\FS\TeamProject\FPS---GDB---08-26\Unity Prototype\Library\PackageCache\com.unity.shadergraph@8d7376ec43ee)
    com.unity.render-pipelines.universal-config@17.5.0 (location: C:\FS\TeamProject\FPS---GDB---08-26\Unity Prototype\Library\PackageCache\com.unity.render-pipelines.universal-config@fdda01c80fe3)
    com.unity.collections@6.5.0 (location: C:\FS\TeamProject\FPS---GDB---08-26\Unity Prototype\Library\PackageCache\com.unity.collections@ec2c217e4cb2)
    com.unity.mathematics@1.4.0 (location: C:\FS\TeamProject\FPS---GDB---08-26\Unity Prototype\Library\PackageCache\com.unity.mathematics@981956d94fb6)
[Subsystems] No new subsystems found in resolved package list.
[Package Manager] Done registering packages in 0.05 seconds
info: Microsoft.Hosting.Lifetime[14]
      Now listening on: http://localhost:80
info: Microsoft.Hosting.Lifetime[0]
      Application started. Press Ctrl+C to shut down.
info: Microsoft.Hosting.Lifetime[0]
      Hosting environment: Production
info: Microsoft.Hosting.Lifetime[0]
      Content root path: C:\FS\TeamProject\FPS---GDB---08-26\Unity Prototype
info: Microsoft.AspNetCore.Hosting.Diagnostics[1]
      Request starting HTTP/2 POST http://ilpp/UnityILPP.PostProcessing/Ping - application/grpc -
info: Microsoft.AspNetCore.Routing.EndpointMiddleware[0]
      Executing endpoint 'gRPC - /UnityILPP.PostProcessing/Ping'
info: Microsoft.AspNetCore.Routing.EndpointMiddleware[1]
      Executed endpoint 'gRPC - /UnityILPP.PostProcessing/Ping'
info: Microsoft.AspNetCore.Hosting.Diagnostics[2]
      Request finished HTTP/2 POST http://ilpp/UnityILPP.PostProcessing/Ping - 200 - application/grpc 43.6311ms
Starting: C:\Program Files\Unity\Hub\Editor\6000.5.7f1\Editor\Data\Tools\BuildPipeline\bee_backend.exe --ipc --defer-dag-verification --dagfile="Library/Bee/1900b0aE.dag" --continue-on-failure --profile="Library/Bee/backend1.traceevents" ScriptAssemblies
WorkingDir: C:/FS/TeamProject/FPS---GDB---08-26/Unity Prototype
info: Microsoft.AspNetCore.Hosting.Diagnostics[1]
      Request starting HTTP/2 POST http://ilpp/UnityILPP.PostProcessing/ConfigurePostProcessors - application/grpc -
info: Microsoft.AspNetCore.Routing.EndpointMiddleware[0]
      Executing endpoint 'gRPC - /UnityILPP.PostProcessing/ConfigurePostProcessors'
warn: Unity.ILPP.Runner.PostProcessingAssemblyLoadContext[0]
      Assembly system.runtime.interopservices.windowsruntime has duplicate hint path. Ignoring "C:\Program Files\Unity\Hub\Editor\6000.5.7f1\Editor\Data\UnityReferenceAssemblies\unity-4.8-api\Facades\System.Runtime.InteropServices.WindowsRuntime.dll" in favor of "C:\Program Files\Unity\Hub\Editor\6000.5.7f1\Editor\Data\NetStandard\Extensions\2.0.0\System.Runtime.InteropServices.WindowsRuntime.dll"
warn: Unity.ILPP.Runner.PostProcessingAssemblyLoadContext[0]
      Assembly system.componentmodel.composition has duplicate hint path. Ignoring "C:\Program Files\Unity\Hub\Editor\6000.5.7f1\Editor\Data\UnityReferenceAssemblies\unity-4.8-api\System.ComponentModel.Composition.dll" in favor of "C:\Program Files\Unity\Hub\Editor\6000.5.7f1\Editor\Data\NetStandard\compat\2.1.0\shims\netfx\System.ComponentModel.Composition.dll"
info: Unity.ILPP.Runner.PostProcessingAssemblyLoadContext[0]
      Resolved Unity.Burst.Cecil, Version=0.11.6.0, Culture=neutral, PublicKeyToken=50cebf1cceb9d05e with Library\PackageCache\com.unity.burst@2f3d916873ea\Unity.Burst.CodeGen\Unity.Burst.Cecil.dll
info: Unity.ILPP.Runner.PostProcessingAssemblyLoadContext[0]
      Resolved Mono.Cecil, Version=0.11.5.0, Culture=neutral, PublicKeyToken=50cebf1cceb9d05e with Library\PackageCache\com.unity.nuget.mono-cecil@ecb9724e46ff\Mono.Cecil.dll
info: Microsoft.AspNetCore.Routing.EndpointMiddleware[1]
      Executed endpoint 'gRPC - /UnityILPP.PostProcessing/ConfigurePostProcessors'
info: Microsoft.AspNetCore.Hosting.Diagnostics[2]
      Request finished HTTP/2 POST http://ilpp/UnityILPP.PostProcessing/ConfigurePostProcessors - 200 - application/grpc 926.9442ms
ExitCode: 0 Duration: 1s775ms
[730/926    1s] ILPP-Configuration Library/ilpp-configuration.nevergeneratedoutput
*** Tundra build success (1.62 seconds), 1 items updated, 926 evaluated
AssetDatabase: script compilation time: 2.750341s
Begin MonoManager ReloadAssembly
Refreshing native plugins compatible for Editor in 126.95 ms, found 4 plugins.
Native extension for WindowsStandalone target not found
Refreshing native plugins compatible for Editor in 2.10 ms, found 4 plugins.
ScheduleIndexationOnStartup MainProcess:True IndexOnStartup:True
Mono: successfully reloaded assembly
- Finished resetting the current domain, in  9.210 seconds
Domain Reload Profiling: 13732ms
	BeginReloadAssembly (472ms)
		DisableScriptedObjects (44ms)
		CreateAndSetChildDomain (172ms)
	RebuildCommonClasses (14ms)
	RebuildNativeTypeToScriptingClass (24ms)
	initialDomainReloadingComplete (78ms)
	LoadAllAssembliesAndSetupDomain (3932ms)
		LoadAssemblies (3546ms)
		AnalyzeDomain (437ms)
			TypeCache.Refresh (357ms)
				TypeCache.ScanAssembly (324ms)
			BuildScriptInfoCaches (70ms)
			ResolveRequiredComponents (8ms)
	FinalizeReload (9212ms)
		SetupLoadedEditorAssemblies (0ms)
			BeforeProcessingInitializeOnLoad (108ms)
			ProcessInitializeOnLoadAttributes (7390ms)
			ProcessInitializeOnLoadMethodAttributes (156ms)
			AfterProcessingInitializeOnLoad (6ms)
		AwakeInstancesAfterBackupRestoration (387ms)
Starting new worker id: 0 with log in C:/FS/TeamProject/FPS---GDB---08-26/Unity Prototype/Logs/AssetImportWorkerHW0.log

Asset Pipeline Refresh (id=8727bf585205e114191812116af6f7bb): Total: 32.066 seconds - Initiated by InitialRefreshV2(ForceSynchronousImport)
	(Values over 0.05ms)
	Summary:
		Imports: total=0 (actual=0, local cache=0, cache server=0)
		Asset DB Process Time: managed=0 ms, native=24414 ms
		Asset DB Callback time: managed=97 ms, native=98 ms
		Scripting: domain reloads=1, domain reload time=4600 ms, compile time=2753 ms, other=101 ms
		Project Asset Count: scripts=1477, non-scripts=2788
		Asset File Changes: new=0, changed=0, moved=0, deleted=0
		Scan Filter Count: 0
	InvokePackagesCallback: 101.549ms
	ApplyChangesToAssetFolders: 1.298ms
	Scan: 857.072ms
	Collect global state as custom dependencies: 97.575ms
	CategorizeScriptCompilationAssets: 3187.155ms
	ProcessAssetsWithTransientArtifactChanges: 85.516ms
	CategorizeAssets: 71.538ms
	CompileScripts: 2752.939ms
	ImportOutOfDateAssets: 9438.319ms (9359.627ms without children)
		ReloadNativeAssets: 0.052ms
		UnloadImportedAssets: 0.930ms
		EnsureUptoDateAssetsAreRegisteredWithGuidPM: 0.750ms
		ImportSchedulerStart: 76.954ms
	PostProcessAllAssets: 97.912ms
		MonoPostProcessAllAssets: 97.834ms
			SyncVS.PostprocessSyncProject 39.616ms
			UniversalRenderPipelineGlobalSettingsPostprocessor.OnPostprocessAllAssets 26.159ms
			WindowAssetPostprocessingWatcher.OnPostprocessAllAssets 4.653ms
			SpeedTree9Postprocessor.OnPostprocessAllAssets 4.191ms
			EditModeScopePostprocessor.OnPostprocessAllAssets 1.585ms
			RenderPipelineGlobalSettingsPostprocessor.OnPostprocessAllAssets 1.372ms
			ReferencedClipsPostProcessor.OnPostprocessAllAssets 0.994ms
			InputActionAssetPostprocessor.OnPostprocessAllAssets 0.737ms
			ShaderReflectionAssetPostProcessor.OnPostprocessAllAssets 0.620ms
			TerrainToolbarOverlayPostProcessor.OnPostprocessAllAssets 0.545ms
			ProjectSettingsPostprocessor.OnPostprocessAllAssets 0.391ms
			AssetDatabaseCallbacks.OnPostprocessAllAssets 0.350ms
	UnloadStreamsBegin: 6.239ms
	PersistCurrentRevisions: 0.257ms
	GenerateScriptTypeHashes: 6.573ms
	GenerateScriptTypeSerializationHashes: 11.811ms
	Untracked: 15360.597ms

Application.AssetDatabase Initial Refresh End
Launched and connected shader compiler UnityShaderCompiler.exe after 0.07 seconds
Scanning for USB devices : 1.724ms
Initializing Unity extensions:
[MODES] ModeService[none].Initialize
[MODES] ModeService[none].LoadModes
[MODES] Loading mode Default (0) for mode-current-id-Dev2-Prototype1
Unloading 24 Unused Serialized files (Serialized files now loaded: 0)
Loaded scene 'Assets/Levels/stash test.unity'
	Deserialize:            7.831 ms
	Integration:            221.889 ms
	Integration of assets:  0.005 ms
	Thread Wait Time:       0.046 ms
	Total Operation Time:   229.771 ms
Unloading 6673 unused Assets / (6.1 MB). Loaded Objects now: 7742.
Memory consumption went from 462.3 MB to 456.2 MB.
Total: 26.693100 ms (FindLiveObjects: 0.651700 ms CreateObjectMapping: 2.051700 ms MarkObjects: 19.591500 ms  DeleteObjects: 4.203300 ms)

Worker ready: AssetImportWorkerHW0 0
[LAYOUT] About to load UserSettings\Layouts\default-6000.dwlt, keepMainWindow=False
[LAYOUT] About to save layout C:\FS\TeamProject\FPS---GDB---08-26\Unity Prototype\UserSettings\Layouts\default-6000.dwlt
[LAYOUT] About to save layout C:/Users/Nicolas Sands/AppData/Roaming/Unity/Editor-5.x/Preferences\Layouts\current\default-6000.dwlt
[MODES] ModeService[default].InitializeCurrentMode
[MODES] ModeService[default].RaiseModeChanged(default, default)
This project uses Input Manager, which is marked for deprecation. To manage input in your project, use the <a href="https://docs.unity3d.com/Packages/com.unity.inputsystem@latest">Input System package</a> instead.
<RI> Initializing input.
Using Windows.Gaming.Input
<RI> Input initialized.
[Project] Loading completed in 65.865 seconds
	Project init time: 				63.555 seconds
		Template init time: 		0.000 seconds
		Package Manager init time: 		5.435 seconds
		Asset Database init time: 		0.802 seconds
		Global illumination init time: 	0.010 seconds
		Assemblies load time: 			16.198 seconds
		Unity extensions init time: 	0.043 seconds
		Asset Database refresh time: 	32.066 seconds
	Scene opening time: 			2.009 seconds
##utp:{"type":"ProjectInfo","version":2,"phase":"Immediate","time":1789268505826,"processId":29624,"projectLoad":65.8645691,"projectInit":63.5548336,"templateInit":0.0,"packageManagerInit":5.4352647,"assetDatabaseInit":0.802443,"globalIlluminationInit":0.0102617,"assembliesLoad":16.1981507,"unityExtensionsInit":0.0434519,"assetDatabaseRefresh":32.0659663,"sceneOpening":2.0085855}
##utp:{"type":"EditorInfo","version":2,"phase":"Immediate","time":1789268505827,"processId":29624,"editorVersion":"6000.5.7f1 (017862109af0)","branch":"6000.5/staging","buildType":"Release","platform":"Windows"}
[Licensing::Client] Successfully resolved entitlement details
Asset Pipeline Refresh (id=b399243338c49f84084d148007bfdeaf): Total: 0.110 seconds - Initiated by RefreshV2(AllowForceSynchronousImport)
[Licensing::Client] Successfully resolved entitlement details
Asset Pipeline Refresh (id=0108646d16b09d148925cda9b83e04f5): Total: 0.005 seconds - Initiated by RefreshV2(AllowForceSynchronousImport)
Created GICache directory at C:/Users/Nicolas Sands/AppData/LocalLow/Unity/Caches/GiCache. Took: 0.028s, timestamps: [68.304 - 68.332]
Start Indexing on Editor startup
[Indexing] Starting Initial Indexing for Assets
[Licensing::Client] Successfully resolved entitlement details
[Licensing::Client] Successfully resolved entitlement details
[Licensing::Client] Successfully updated the access token
[Licensing::Module] Successfully updated access token: "IkUr5sQ4"... (expires: 2026-09-13T03:38:30Z)
[Licensing::Client] Successfully resolved entitlement details
[Licensing::Client] Successfully resolved entitlement details
MonoPathRemapper: Attempts to remap: 54403; Successful remaps: 24226
Serialized file version minimum: 23, current 23
[LAYOUT] About to save layout C:\FS\TeamProject\FPS---GDB---08-26\Unity Prototype\UserSettings\Layouts\default-6000.dwlt
[LAYOUT] About to save layout C:/Users/Nicolas Sands/AppData/Roaming/Unity/Editor-5.x/Preferences\Layouts\current\default-6000.dwlt
Input System module state changed to: ShutdownInProgress.
Input Polling Thread exited.
Input System module state changed to: Shutdown.
[Physics::Module] Cleanup current backend.
[Physics::Module] Id: 0xf2b8ea05
[Licensing::IpcConnector] LicenseClient-Nicolas Sands-6000.5.7-notifications channel disconnected successfully.
[Licensing::IpcConnector] LicenseClient-Nicolas Sands-6000.5.7 channel disconnected successfully.
Shut down.
AcceleratorClientConnectionCallback - disconnected - :0
Cleanup mono
CodeReloadManager destroyed
abort_threads: Failed aborting id: 0000000000006B14, mono_thread_manage will ignore it

abort_threads: Failed aborting id: 0000000000006B20, mono_thread_manage will ignore it

abort_threads: Failed aborting id: 0000000000006B14, mono_thread_manage will ignore it

abort_threads: Failed aborting id: 0000000000006B20, mono_thread_manage will ignore it

debugger-agent: Unable to listen on 5360
Checking for leaked weakptr:
  Found no leaked weakptrs.
[Package Manager] Server process was shutdown
##utp:{"type":"MemoryLeaks","version":2,"phase":"Immediate","time":1789268516336,"processId":29624,"allocatedMemory":52847362,"memoryLabels":[{"Default":205886},{"Permanent":15516},{"NewDelete":65485},{"Thread":4205176},{"Manager":838888},{"VertexData":8},{"Geometry":816},{"Texture":24},{"Shader":866924},{"Material":24},{"GfxDevice":62072},{"Animation":952},{"Audio":1544},{"FreeType":8},{"FontEngine":736},{"Physics":2146},{"Physics2D":16},{"Serialization":157432},{"Input":45280},{"JobScheduler":256},{"TextLib":40150},{"Mono":48},{"MonoCode":64},{"ScriptingNativeRuntime":1673092},{"BaseObject":1669001},{"Resource":1208},{"Renderer":3080},{"Transform":4685},{"File":4005},{"WebCam":616},{"Culling":32},{"Terrain":11442},{"Wind":24},{"STL":40},{"String":9744},{"StaticString":3808},{"Utility":2676146},{"Curl":48},{"PoolAlloc":2360},{"AI":80},{"TypeTree":14869},{"CodeReload":448},{"RuntimeInitializeOnLoadManager":64},{"Sprites":102},{"SpriteAtlas":120},{"GI":7816},{"Director":8296},{"CloudService":7208},{"WebRequest":9435},{"VR":47114},{"SceneManager":608},{"Video":208},{"LazyScriptCache":32},{"NativeArray":33045644},{"Camera":17},{"Secure":265},{"SerializationCache":1576},{"APIUpdating":10320},{"Subsystems":336},{"VirtualTexturing":57888},{"StaticSafetyDebugInfo":278528},{"Analytics":552},{"Hierarchy":1176},{"UIElements":1106376},{"CoreStats":13688},{"Identifiers":6768},{"Gui":267653},{"EditorUtility":292667},{"VersionControl":8},{"Undo":931},{"AssetDatabase":5045371},{"AssetImporter":40},{"EditorGi":328},{"UnityConnect":35385},{"Upm":1988},{"UpmDiagnostics":8},{"AssetCompliance":64},{"DrivenProperties":72},{"LocalIPC":219},{"ProfilerEditor":9746},{"CoreBusinessMetrics":3486},{"Windowing":456},{"Licensing":664},{"AssetReference":32},{"IPCStream":32}]}
