[2026-09-14T00:30:41.260Z][INFO] Command-line: 'C:\\Program Files\\Unity\\Hub\\Editor\\6000.5.7f1\\Editor\\Data\\Resources\\PackageManager\\Server\\UnityPackageManager.exe' server -s 23820 --ipc-path Unity-Upm-23820 -l 2 --log-file 'C:\\Dev2026\\FPS---GDB---08-26\\Unity Prototype/Logs/upm.log'
[2026-09-14T00:30:41.310Z][INFO] IPC server started (IPC path=Unity-Upm-23820).
[2026-09-14T00:30:41.310Z][INFO] Hint: To connect to this UPM instance, launch Unity with the command-line parameter -upmIpcPath Upm-23820.
[2026-09-14T00:30:51.816Z][INFO] project:list-packages <-- Request received
params: {}
[2026-09-14T00:30:52.331Z][INFO] project:list-packages <-- Request received
params: {}
[2026-09-14T00:30:52.357Z][INFO] config:project:get-registries <-- Request received
params: {}
[2026-09-14T00:30:53.657Z][INFO] config:project:get-registries --> 200 (1300 ms)
[2026-09-14T00:30:53.886Z][INFO] project:list-packages --> 200 (2071 ms)
[2026-09-14T00:30:53.974Z][INFO] project:list-packages --> 200 (1643 ms)
[2026-09-14T00:30:59.923Z][INFO] project:list-packages <-- Request received
params: {}
[2026-09-14T00:30:59.939Z][INFO] project:list-packages <-- Request received
params: {}
[2026-09-14T00:31:00.640Z][INFO] project:list-packages --> 200 (716 ms)
[2026-09-14T00:31:00.642Z][INFO] project:list-packages --> 200 (703 ms)
[2026-09-14T00:31:04.172Z][INFO] project:list-packages <-- Request received
params: {}
[2026-09-14T00:31:04.571Z][INFO] project:list-packages --> 200 (398 ms)
[2026-09-14T00:31:06.014Z][INFO] config:project:get-registries <-- Request received
params: {}
[2026-09-14T00:31:06.024Z][INFO] config:project:get-registries --> 200 (10 ms)
[2026-09-14T00:31:16.962Z][INFO] project:list-packages <-- Request received
params: {}
[2026-09-14T00:31:17.366Z][INFO] project:list-packages --> 200 (404 ms)
[2026-09-14T00:31:22.466Z][INFO] project:list-packages <-- Request received
params: {}
[2026-09-14T00:31:23.840Z][INFO] project:list-packages --> 200 (1374 ms)
